====================================================================
12_capql_train_robust.py  —  CAPQL-Robust  (GRU + fault training)
====================================================================
  Obs dim  : 19  (crop + mask + w)
  Actor    : GRU(19→256) + Linear(256→2)
  Critic   : MLP  (21→256→256→1)
  Steps    : 1,000,000
  Seq len  : 16  (burn-in 4,  grad steps/ep 8)
  Aug λ    : 0.5
  Fault mix: 60% clean | 10% dropout | 10% packet | 10% stuck | 5% N-act | 5% W-act
====================================================================

      ep     steps    R_yld    R_ane    R_wef    yield                   w
  ────────────────────────────────────────────────────────────────────────
  Collecting first episodes... (first log line appears at ep 10)

      10     1,579   +0.741   -0.984   -1.000    10443  [1.00,0.00,0.00]  ETA 94.6m
      20     3,159   +0.536   -0.987   -1.000     9661  [0.21,0.23,0.56]  ETA 104.4m
      30     4,763   +0.658   -0.989   -1.000    10126  [0.76,0.16,0.08]  ETA 111.6m
      40     6,370   +0.533   -0.989   -1.000     9649  [0.78,0.14,0.08]  ETA 120.1m
      50     7,964   +0.928   -0.990   -0.207    11154  [0.10,0.07,0.83]  ETA 121.3m
      60     9,583   +0.888   -0.897   -1.000    11002  [0.22,0.71,0.08]  ETA 123.4m
      70    11,194   +0.926   -0.989   -1.000    11148  [0.67,0.10,0.23]  ETA 123.4m
      80    12,794   +1.000   -0.991   -1.000    11456  [0.74,0.00,0.26]  ETA 125.1m
      90    14,381   +0.839   -0.694   -1.000    10816  [0.10,0.83,0.06]  ETA 124.7m
     100    15,970   +0.533   -0.870   -1.000     9651  [0.08,0.76,0.17]  ETA 125.7m
     110    17,581   +0.900   -0.987   -1.000    11051  [0.50,0.20,0.31]  ETA 125.6m
     120    19,192   +0.657   -0.965   -1.000    10123  [0.19,0.53,0.28]  ETA 125.8m
     130    20,779   +1.000   -0.989   -0.684    11462  [0.20,0.10,0.71]  ETA 126.5m
     140    22,414   +0.944   -0.991   -1.000    11216  [0.66,0.00,0.34]  ETA 126.4m
     150    23,997   +0.945   -0.968   -0.185    11219  [0.00,0.00,1.00]  ETA 126.7m
     160    25,598   +1.000   -0.975   -1.000    11626  [0.47,0.39,0.15]  ETA 126.9m
     170    27,199   +1.000   -0.968   -1.000    11575  [0.44,0.21,0.35]  ETA 126.9m
     180    28,782   +0.683   -0.952   -1.000    10224  [0.03,0.59,0.38]  ETA 126.9m
     190    30,388   +0.853   -0.990   -1.000    10872  [0.90,0.07,0.02]  ETA 126.3m
     200    31,997   +1.000   -0.982   -1.000    11458  [0.64,0.29,0.07]  ETA 126.4m
     210    33,616   +0.915   -0.964   -1.000    11105  [0.14,0.52,0.35]  ETA 126.3m
     220    35,219   +1.000   -0.974   -1.000    12110  [0.32,0.40,0.28]  ETA 126.4m
     230    36,809   +1.000   -0.981   -1.000    11572  [0.32,0.31,0.37]  ETA 126.1m
     240    38,394   +0.598   -0.990   -1.000     9899  [0.70,0.13,0.18]  ETA 126.0m
     250    39,978   +0.983   -0.844   -1.000    11364  [0.18,0.76,0.06]  ETA 126.0m
     260    41,541   +1.000   -0.989   -0.222    12506  [0.13,0.06,0.81]  ETA 125.9m
     270    43,142   +0.669   -0.979   -0.170    10169  [0.00,0.00,1.00]  ETA 125.4m
     280    44,761   +0.210   -0.986   -0.215     8421  [0.06,0.07,0.87]  ETA 125.3m
     290    46,365   +1.000   -0.955   -1.000    12292  [0.02,0.54,0.44]  ETA 124.8m
     300    47,939   +0.695   -0.988   -0.207    10267  [0.00,0.00,1.00]  ETA 124.3m
     310    49,542   +0.888   -0.968   -1.000    11004  [0.47,0.49,0.04]  ETA 123.9m
     320    51,138   +1.000   -0.956   -1.000    11670  [0.15,0.54,0.31]  ETA 123.6m
     330    52,741   +0.808   -0.986   -1.000    10698  [0.66,0.23,0.11]  ETA 123.2m
     340    54,343   +1.000   -0.955   -1.000    11565  [0.16,0.54,0.30]  ETA 122.9m
     350    55,936   +0.999   -0.969   -1.000    11427  [0.42,0.46,0.12]  ETA 122.9m
     360    57,412   +0.770   -0.981   -1.000    10554  [0.17,0.33,0.50]  ETA 122.9m
     370    59,000   +1.000   -0.977   -1.000    12121  [0.22,0.35,0.43]  ETA 122.6m
     380    60,605   +0.830   -0.981   -1.000    10784  [0.39,0.32,0.29]  ETA 122.0m
     390    62,200   +0.664   -0.985   -1.000    10151  [0.65,0.28,0.07]  ETA 121.7m
     400    63,792   +0.846   -0.980   -1.000    10843  [0.13,0.36,0.52]  ETA 121.6m
     410    65,385   +0.974   -0.989   -1.000    11332  [0.49,0.08,0.42]  ETA 121.3m
     420    66,977   +0.510   -0.988   -1.000     9565  [0.46,0.21,0.33]  ETA 121.1m
     430    68,573   +0.630   -0.991   -0.248    10021  [0.19,0.07,0.75]  ETA 120.9m
     440    70,173   -0.071   -0.515   -1.000     7348  [0.03,0.89,0.08]  ETA 120.7m
     450    71,759   +0.519   -0.559   -1.000     9596  [0.10,0.71,0.20]  ETA 120.6m
     460    73,343   +0.514   -0.989   -0.200     9576  [0.05,0.18,0.77]  ETA 120.4m
     470    74,933   +0.857   -0.965   -1.000    10885  [0.29,0.50,0.21]  ETA 120.4m
     480    76,517   +1.000   -0.980   -1.000    11977  [0.65,0.31,0.04]  ETA 120.4m
     490    78,105   +1.000   -0.867   -1.000    12269  [0.40,0.45,0.15]  ETA 120.1m
     500    79,624   +0.911   -0.983   -1.000    11091  [0.32,0.29,0.40]  ETA 120.0m
     510    81,238   -0.057   -0.446   -1.000     7401  [0.06,0.94,0.00]  ETA 119.8m
     520    82,844   +1.000   -0.991   -1.000    11762  [1.00,0.00,0.00]  ETA 119.5m
     530    84,471   +1.000   -0.990   -0.215    11654  [0.06,0.04,0.91]  ETA 119.3m
     540    86,081   -0.094   -0.436   -1.000     7261  [0.00,1.00,0.00]  ETA 119.1m
     550    87,679   +1.000   -0.983   -1.000    12198  [0.10,0.25,0.65]  ETA 118.7m
     560    89,292   +0.794   -0.983   -1.000    10644  [0.49,0.30,0.21]  ETA 118.6m
     570    90,878   +0.924   -0.900   -1.000    11139  [0.15,0.70,0.15]  ETA 118.5m
     580    92,485   +0.420   -0.991   -1.000     9222  [0.40,0.10,0.50]  ETA 118.2m
     590    94,091   +0.217   -0.344   -1.000     8447  [0.06,0.94,0.00]  ETA 118.0m
     600    95,695   +0.756   -0.962   -1.000    10501  [0.06,0.54,0.40]  ETA 117.8m
     610    97,317   +0.981   -0.990   -1.000    11358  [0.60,0.06,0.34]  ETA 117.8m
     620    98,912   +0.830   -0.730   -1.000    10784  [0.00,0.82,0.17]  ETA 117.4m
     630   100,507   +0.865   -0.943   -1.000    10916  [0.13,0.61,0.26]  ETA 117.2m
     640   102,013   +1.000   -0.988   -1.000    12305  [0.75,0.09,0.16]  ETA 117.2m
     650   103,587   +1.000   -0.977   -1.000    13514  [0.65,0.32,0.02]  ETA 116.8m
     660   105,190   +0.700   -0.989   -1.000    10287  [0.33,0.16,0.51]  ETA 116.7m
     670   106,796   +0.836   -0.925   -1.000    10807  [0.30,0.67,0.04]  ETA 116.6m
     680   108,402   +1.000   -0.952   -1.000    11991  [0.30,0.57,0.13]  ETA 116.5m
     690   110,021   +0.848   -0.991   -1.000    10852  [0.82,0.04,0.13]  ETA 116.1m
     700   111,613   +1.000   -0.991   -1.000    11437  [1.00,0.00,0.00]  ETA 115.9m
     710   113,219   +1.000   -0.972   -1.000    11455  [0.14,0.42,0.44]  ETA 115.7m
     720   114,819   +0.224   -0.321   -1.000     8474  [0.00,1.00,0.00]  ETA 115.5m
     730   116,408   +0.869   -0.986   -0.230    10932  [0.03,0.12,0.84]  ETA 115.3m
     740   117,902   +1.000   -0.966   -0.777    12051  [0.04,0.26,0.70]  ETA 115.2m
     750   119,499   +1.000   -0.981   -1.000    12095  [0.25,0.30,0.44]  ETA 115.0m
     760   121,084   +1.000   -0.971   -1.000    11617  [0.18,0.44,0.38]  ETA 114.7m
     770   122,667   +0.751   -0.980   -1.000    10480  [0.64,0.35,0.02]  ETA 114.5m
     780   124,252   +0.079   -0.365   -1.000     7920  [0.00,1.00,0.00]  ETA 114.4m
     790   125,854   +1.000   -0.947   -1.000    11599  [0.29,0.58,0.12]  ETA 114.2m
     800   127,455   +0.707   -0.916   -1.000    10315  [0.26,0.70,0.04]  ETA 114.1m
     810   129,059   +0.927   -0.984   -1.000    11152  [0.53,0.25,0.22]  ETA 113.8m
     820   130,650   -0.202   -0.451   -1.000     6852  [0.00,1.00,0.00]  ETA 113.6m
     830   132,262   +0.285   -0.982   -1.000     8706  [0.18,0.41,0.41]  ETA 113.5m
     840   133,829   +0.578   -0.992   -0.192     9824  [0.00,0.00,1.00]  ETA 113.3m
     850   135,428   +0.414   -0.992   +0.068     9198  [0.15,0.08,0.77]  ETA 113.2m
     860   137,028   +0.658   -0.987   -1.000    10127  [0.64,0.20,0.16]  ETA 113.0m
     870   138,616   -0.117   -0.440   -1.000     7173  [0.00,1.00,0.00]  ETA 112.8m
     880   140,212   +0.701   -0.992   -1.000    10292  [1.00,0.00,0.00]  ETA 112.6m
     890   141,824   +1.000   -0.991   -1.000    11508  [1.00,0.00,0.00]  ETA 112.5m
     900   143,417   +1.000   -0.990   -1.000    12363  [0.34,0.04,0.61]  ETA 112.3m
     910   145,026   +1.000   -0.991   -0.275    11622  [0.00,0.00,1.00]  ETA 112.2m
     920   146,624   +1.000   -0.985   -1.000    11701  [0.15,0.23,0.62]  ETA 112.0m
     930   148,239   +1.000   -0.956   -1.000    12379  [0.16,0.53,0.31]  ETA 111.7m
     940   149,826   +0.947   -0.824   -1.000    11226  [0.07,0.78,0.15]  ETA 111.5m
     950   151,429   +0.686   -0.992   -1.000    10233  [1.00,0.00,0.00]  ETA 111.3m
     960   153,029   +0.752   -0.977   -1.000    10485  [0.39,0.41,0.21]  ETA 111.0m
     970   154,641   +1.000   -0.991   -0.237    11561  [0.13,0.02,0.85]  ETA 110.8m
     980   156,259   -0.122   -0.992   -0.162     7154  [0.07,0.16,0.78]  ETA 110.5m
     990   157,867   +0.902   -0.974   -1.000    11056  [0.17,0.24,0.59]  ETA 110.3m
    1000   159,474   +1.000   -0.976   -1.000    12441  [0.74,0.14,0.13]  ETA 110.1m
    1010   161,073   +1.000   -0.955   -1.000    11539  [0.18,0.55,0.27]  ETA 109.9m
    1020   162,652   +1.000   -0.987   -1.000    11909  [0.20,0.15,0.65]  ETA 109.7m
    1030   164,249   +0.955   -0.970   -1.000    11260  [0.26,0.47,0.27]  ETA 109.6m
    1040   165,849   +1.000   -0.983   -1.000    12525  [0.49,0.23,0.28]  ETA 109.3m
    1050   167,438   +0.846   -0.988   -1.000    10842  [0.19,0.16,0.65]  ETA 109.1m
    1060   168,948   +0.755   -0.943   -1.000    10496  [0.04,0.62,0.34]  ETA 109.1m
    1070   170,523   -0.134   -0.438   -1.000     7110  [0.00,1.00,0.00]  ETA 108.8m
    1080   172,111   +0.083   -0.950   -1.000     7936  [0.07,0.65,0.29]  ETA 108.7m
    1090   173,721   +0.401   -0.983   -1.000     9148  [0.46,0.36,0.18]  ETA 108.5m
    1100   175,328   +1.000   -0.950   -1.000    12187  [0.25,0.57,0.18]  ETA 108.3m
    1110   176,911   +0.658   -0.969   -1.000    10129  [0.46,0.50,0.05]  ETA 108.0m
    1120   178,527   +0.894   -0.982   -1.000    11025  [0.30,0.31,0.39]  ETA 107.9m
    1130   180,138   +0.624   -0.992   -0.237     9999  [0.17,0.05,0.78]  ETA 107.7m
    1140   181,729   +1.000   -0.951   -1.000    12108  [0.06,0.56,0.38]  ETA 107.5m
    1150   183,327   +0.880   -0.987   -1.000    10974  [0.31,0.21,0.49]  ETA 107.2m
    1160   184,956   +0.127   -0.382   -1.000     8106  [0.00,1.00,0.00]  ETA 107.1m
    1170   186,558   +1.000   -0.990   -1.000    12046  [0.73,0.03,0.24]  ETA 106.9m
    1180   188,164   +0.816   -0.981   -1.000    10730  [0.16,0.34,0.50]  ETA 106.6m
    1190   189,751   +1.000   -0.894   -1.000    12316  [0.15,0.70,0.16]  ETA 106.4m
    1200   191,348   +0.715   -0.989   -1.000    10345  [0.55,0.14,0.31]  ETA 106.2m
    1210   192,969   +1.000   -0.972   -1.000    13005  [0.35,0.40,0.26]  ETA 106.0m
    1220   194,588   +0.947   -0.991   -1.000    11229  [1.00,0.00,0.00]  ETA 105.9m
    1230   196,173   +0.205   -0.335   -1.000     8403  [0.02,0.92,0.07]  ETA 105.6m
    1240   197,772   +0.748   -0.825   -1.000    10469  [0.02,0.78,0.20]  ETA 105.4m
    1250   199,369   -0.158   -0.452   -1.000     7019  [0.00,1.00,0.00]  ETA 105.2m
    1260   200,974   +0.541   -0.992   -0.177     9681  [0.00,0.00,1.00]  ETA 105.0m
    1270   202,563   +0.689   -0.778   -1.000    10244  [0.01,0.81,0.18]  ETA 104.8m
    1280   204,177   +0.913   -0.975   -1.000    11100  [0.00,0.42,0.58]  ETA 104.6m
    1290   205,780   +0.929   -0.985   -1.000    11159  [0.56,0.24,0.20]  ETA 104.4m
    1300   207,365   +0.335   -0.990   -1.000     8898  [0.58,0.15,0.27]  ETA 104.1m
    1310   208,960   +0.138   -0.360   -1.000     8147  [0.00,1.00,0.00]  ETA 103.9m
    1320   210,587   +1.000   -0.983   -1.000    11485  [0.04,0.28,0.68]  ETA 103.7m
    1330   212,192   +0.435   -0.993   -0.237     9277  [0.00,0.00,1.00]  ETA 103.5m
    1340   213,777   +1.000   -0.966   -1.000    12486  [0.41,0.47,0.12]  ETA 103.3m
    1350   215,351   +0.952   -0.974   -1.000    11246  [0.03,0.41,0.55]  ETA 103.2m
    1360   216,950   +0.965   -0.991   -1.000    11296  [1.00,0.00,0.00]  ETA 102.9m
    1370   218,555   +1.000   -0.975   -1.000    11948  [0.07,0.39,0.53]  ETA 102.8m
    1380   220,154   +1.000   -0.965   -1.000    11943  [0.22,0.48,0.30]  ETA 102.6m
    1390   221,736   +0.693   -0.957   -1.000    10260  [0.05,0.57,0.39]  ETA 102.3m
    1400   223,317   +1.000   -0.976   -1.000    12539  [0.46,0.35,0.19]  ETA 102.2m
    1410   224,932   +0.669   -0.983   -1.000    10170  [0.32,0.34,0.34]  ETA 102.0m
    1420   226,529   -1.000   -1.000   -1.000     1432  [0.00,1.00,0.00]  ETA 101.7m
    1430   228,121   +1.000   -0.919   -1.000    12056  [0.28,0.66,0.07]  ETA 101.5m
    1440   229,724   +0.959   -0.977   -1.000    11276  [0.44,0.40,0.16]  ETA 101.3m
    1450   231,328   +1.000   -0.912   -1.000    12162  [0.07,0.67,0.26]  ETA 101.1m
    1460   232,934   +0.072   -0.398   -1.000     7895  [0.03,0.95,0.02]  ETA 100.9m
    1470   234,553   +0.115   -0.994   -1.000     8058  [1.00,0.00,0.00]  ETA 100.7m
    1480   236,137   +0.139   -0.363   -1.000     8149  [0.04,0.95,0.02]  ETA 100.4m
    1490   237,742   +0.859   -0.817   -1.000    10894  [0.01,0.78,0.21]  ETA 100.2m
    1500   239,339   +0.379   -0.991   -0.170     9064  [0.08,0.10,0.83]  ETA 100.0m
    1510   240,832   +0.286   -0.993   -0.215     8710  [0.03,0.03,0.94]  ETA 99.8m
    1520   242,426   -0.127   -0.425   -1.000     7135  [0.00,1.00,0.00]  ETA 99.7m
    1530   244,037   +1.000   -0.985   -1.000    13209  [0.16,0.16,0.67]  ETA 99.4m
    1540   245,646   +0.995   -0.991   -0.200    11413  [0.00,0.00,1.00]  ETA 99.2m
    1550   247,242   +0.948   -0.991   -1.000    11231  [0.99,0.01,0.01]  ETA 99.0m
    1560   248,830   +0.988   -0.940   -1.000    11385  [0.08,0.62,0.30]  ETA 98.8m
    1570   250,427   +0.859   -0.979   -1.000    10891  [0.22,0.36,0.41]  ETA 98.5m
    1580   252,023   +0.113   -0.397   -1.000     8051  [0.00,1.00,0.00]  ETA 98.3m
    1590   253,611   +0.475   -0.989   -1.000     9429  [0.67,0.20,0.14]  ETA 98.1m
    1600   255,200   +0.910   -0.991   -1.000    11087  [0.90,0.03,0.07]  ETA 97.9m
    1610   256,823   +0.949   -0.990   -1.000    11237  [0.65,0.06,0.29]  ETA 97.7m
    1620   258,442   +1.000   -0.986   -1.000    11942  [0.37,0.18,0.45]  ETA 97.5m
    1630   260,040   +1.000   -0.990   -1.000    12406  [1.00,0.00,0.00]  ETA 97.2m
    1640   261,632   +0.947   -0.980   -1.000    11228  [0.43,0.34,0.23]  ETA 97.1m
    1650   263,215   +0.554   -0.399   -1.000     9730  [0.03,0.88,0.09]  ETA 96.9m
    1660   264,805   +0.699   -0.951   -1.000    10281  [0.25,0.59,0.16]  ETA 96.7m
    1670   266,415   +0.731   -0.988   -1.000    10406  [0.52,0.19,0.29]  ETA 96.4m
    1680   268,007   +0.747   -0.988   -1.000    10465  [0.53,0.17,0.30]  ETA 96.2m
    1690   269,606   +1.000   -0.945   -1.000    12138  [0.02,0.58,0.40]  ETA 96.1m
    1700   271,195   +0.878   -0.978   -1.000    10966  [0.25,0.37,0.38]  ETA 95.8m
    1710   272,802   +0.767   -0.991   -1.000    10544  [0.51,0.02,0.47]  ETA 95.7m
    1720   274,384   +0.951   -0.799   -1.000    11243  [0.15,0.79,0.06]  ETA 95.5m
    1730   275,992   +1.000   -0.990   -1.000    12238  [1.00,0.00,0.00]  ETA 95.2m
    1740   277,597   +1.000   -0.982   -1.000    11676  [0.57,0.29,0.14]  ETA 95.0m
    1750   279,181   +0.774   -0.949   -1.000    10568  [0.30,0.59,0.10]  ETA 94.8m
    1760   280,797   +0.686   -0.985   -1.000    10233  [0.47,0.28,0.25]  ETA 94.6m
    1770   282,376   +0.780   -0.991   -1.000    10590  [1.00,0.00,0.00]  ETA 94.3m
    1780   283,969   -0.115   -0.494   -1.000     7183  [0.03,0.90,0.07]  ETA 94.1m
    1790   285,576   +1.000   -0.986   -1.000    12482  [0.38,0.19,0.43]  ETA 93.9m
    1800   287,166   +1.000   -0.986   -1.000    12231  [0.48,0.15,0.38]  ETA 93.7m
    1810   288,765   +0.514   -0.991   -0.222     9578  [0.03,0.10,0.87]  ETA 93.6m
    1820   290,382   +0.791   -0.991   -1.000    10635  [0.73,0.05,0.22]  ETA 93.4m
    1830   292,016   +1.000   -0.915   -1.000    11739  [0.48,0.48,0.04]  ETA 93.1m
    1840   293,599   +0.439   -0.992   -0.177     9293  [0.06,0.02,0.92]  ETA 92.9m
    1850   295,191   +0.504   -0.992   -0.185     9541  [0.10,0.01,0.90]  ETA 92.7m
    1860   296,786   +0.985   -0.975   -1.000    11375  [0.49,0.40,0.11]  ETA 92.5m
    1870   298,399   +0.552   -0.989   -1.000     9722  [0.28,0.17,0.55]  ETA 92.3m
    1880   300,008   -0.370   -0.994   +0.079     6209  [0.17,0.11,0.72]  ETA 92.1m
    1890   301,598   +1.000   -0.986   -0.930    12018  [0.38,0.16,0.45]  ETA 91.9m
    1900   303,185   +0.784   -0.987   -1.000    10607  [0.13,0.19,0.67]  ETA 91.7m
    1910   304,787   +0.760   -0.992   -0.200    10515  [0.00,0.00,1.00]  ETA 91.5m
    1920   306,396   +0.958   -0.992   -0.252    11269  [0.00,0.00,1.00]  ETA 91.3m
    1930   307,979   +0.717   -0.992   -0.185    10351  [0.00,0.00,1.00]  ETA 91.1m
    1940   309,566   +1.000   -0.956   -1.000    11906  [0.04,0.54,0.41]  ETA 90.9m
    1950   311,172   +0.847   -0.984   -1.000    10848  [0.66,0.28,0.06]  ETA 90.6m
    1960   312,768   +1.000   -0.991   -1.000    11488  [1.00,0.00,0.00]  ETA 90.4m
    1970   314,343   +0.657   -0.991   -1.000    10124  [0.52,0.06,0.42]  ETA 90.2m
    1980   315,948   +0.756   -0.976   -1.000    10499  [0.19,0.41,0.39]  ETA 90.0m
    1990   317,554   +1.000   -0.979   -1.000    11583  [0.14,0.34,0.51]  ETA 89.8m
    2000   319,142   +0.497   -0.978   -1.000     9515  [0.18,0.42,0.40]  ETA 89.6m
    2010   320,703   +0.991   -0.934   -1.000    11397  [0.09,0.63,0.28]  ETA 89.3m
    2020   322,299   +1.000   -0.923   -1.000    11720  [0.18,0.66,0.16]  ETA 89.1m
    2030   323,886   +1.000   -0.985   -1.000    11818  [0.19,0.22,0.60]  ETA 88.9m
    2040   325,509   +0.841   -0.989   -0.437    10826  [0.14,0.12,0.73]  ETA 88.7m
    2050   327,094   +0.878   -0.991   -1.000    10964  [0.37,0.01,0.63]  ETA 88.5m
    2060   328,709   +0.979   -0.743   -1.000    11349  [0.07,0.81,0.12]  ETA 88.4m
    2070   330,314   +0.710   -0.989   -1.000    10326  [0.62,0.13,0.24]  ETA 88.2m
    2080   331,924   +0.858   -0.983   -1.000    10890  [0.16,0.29,0.55]  ETA 88.0m
    2090   333,509   -0.397   -0.507   -1.000     6107  [0.00,1.00,0.00]  ETA 87.8m
    2100   335,136   +0.454   -0.973   -1.000     9348  [0.11,0.49,0.40]  ETA 87.6m
    2110   336,719   +1.000   -0.892   -1.000    12232  [0.12,0.70,0.18]  ETA 87.4m
    2120   338,212   +0.984   -0.991   -1.000    11369  [1.00,0.00,0.00]  ETA 87.2m
    2130   339,805   +0.609   -0.941   -1.000     9941  [0.22,0.63,0.15]  ETA 87.0m
    2140   341,384   +1.000   -0.688   -1.000    12630  [0.07,0.82,0.11]  ETA 86.9m
    2150   342,952   +0.513   -0.974   -1.000     9576  [0.42,0.46,0.12]  ETA 86.7m
    2160   344,438   +1.000   -0.955   -1.000    11984  [0.27,0.12,0.60]  ETA 86.5m
    2170   346,026   +1.000   -0.949   -1.000    11572  [0.26,0.58,0.16]  ETA 86.3m
    2180   347,633   +1.000   -0.991   -0.215    11641  [0.00,0.00,1.00]  ETA 86.1m
    2190   349,250   +0.824   -0.972   -1.000    10759  [0.38,0.45,0.17]  ETA 85.9m
    2200   350,847   -0.041   -0.551   -1.000     7463  [0.08,0.89,0.03]  ETA 85.6m
    2210   352,427   +0.831   -0.943   -1.000    10786  [0.51,0.19,0.30]  ETA 85.4m
    2220   354,023   +1.000   -0.991   -0.222    11777  [0.00,0.00,1.00]  ETA 85.2m
    2230   355,640   +1.000   -0.985   -1.000    12132  [0.16,0.19,0.66]  ETA 85.0m
    2240   357,233   +1.000   -0.991   -1.000    11870  [1.00,0.00,0.00]  ETA 84.8m
    2250   358,849   +0.573   -0.943   -1.000     9804  [0.18,0.63,0.19]  ETA 84.5m
    2260   360,456   +0.915   -0.980   -1.000    11104  [0.51,0.34,0.15]  ETA 84.3m
    2270   362,070   +0.625   -0.892   -1.000    10001  [0.14,0.73,0.13]  ETA 84.1m
    2280   363,669   +1.000   -0.809   -1.000    11651  [0.09,0.78,0.14]  ETA 83.9m
    2290   365,287   +0.705   -0.811   -1.000    10305  [0.16,0.79,0.04]  ETA 83.7m
    2300   366,872   +0.798   -0.862   -1.000    10661  [0.20,0.75,0.05]  ETA 83.5m
    2310   368,454   -0.211   -0.457   -1.000     6817  [0.00,1.00,0.00]  ETA 83.3m
    2320   370,049   +0.973   -0.989   -1.000    11327  [0.90,0.09,0.01]  ETA 83.0m
    2330   371,644   +0.932   -0.989   -0.479    11172  [0.14,0.13,0.73]  ETA 82.8m
    2340   373,233   +0.595   -0.981   -0.680     9889  [0.19,0.36,0.46]  ETA 82.6m
    2350   374,849   +1.000   -0.988   -1.000    12516  [0.84,0.12,0.05]  ETA 82.4m
    2360   376,443   +0.892   -0.990   -1.000    11019  [0.84,0.08,0.08]  ETA 82.2m
    2370   378,040   +1.000   -0.484   -1.000    11428  [0.10,0.87,0.03]  ETA 82.0m
    2380   379,626   +0.323   -0.286   -1.000     8849  [0.00,1.00,0.00]  ETA 81.7m
    2390   381,233   +0.894   -0.780   -1.000    11028  [0.08,0.80,0.12]  ETA 81.5m
    2400   382,829   +1.000   -0.981   -1.000    11488  [0.35,0.30,0.34]  ETA 81.3m
    2410   384,424   +0.637   -0.860   -1.000    10048  [0.10,0.76,0.13]  ETA 81.1m
    2420   386,009   +0.572   -0.991   -0.922     9799  [0.24,0.07,0.68]  ETA 80.9m
    2430   387,594   +0.827   -0.979   -1.000    10772  [0.19,0.37,0.44]  ETA 80.7m
    2440   389,179   +0.858   -0.985   -1.000    10890  [0.30,0.22,0.48]  ETA 80.5m
    2450   390,784   +0.578   -0.985   -1.000     9821  [0.32,0.29,0.39]  ETA 80.3m
    2460   392,382   +1.000   -0.951   -1.000    12249  [0.09,0.56,0.35]  ETA 80.1m
    2470   393,970   +1.000   -0.990   -1.000    11488  [0.80,0.03,0.16]  ETA 79.9m
    2480   395,564   +0.843   -0.991   -1.000    10834  [1.00,0.00,0.00]  ETA 79.7m
    2490   397,159   +1.000   -0.987   -1.000    12721  [0.78,0.12,0.10]  ETA 79.5m
    2500   398,763   +0.736   -0.979   -0.770    10423  [0.22,0.37,0.41]  ETA 79.3m
    2510   400,354   +1.000   -0.990   -1.000    11537  [0.33,0.05,0.62]  ETA 79.1m
    2520   401,957   -1.000   -1.000   +0.497     3507  [0.02,0.29,0.69]  ETA 78.9m
    2530   403,556   +1.000   -0.986   -1.000    12301  [0.67,0.18,0.15]  ETA 78.7m
    2540   405,149   +0.858   -0.990   -1.000    10891  [0.52,0.05,0.42]  ETA 78.5m
    2550   406,747   +1.000   -0.980   -1.000    11773  [0.57,0.32,0.11]  ETA 78.3m
    2560   408,355   +0.700   -0.992   -0.676    10287  [0.26,0.03,0.71]  ETA 78.1m
    2570   409,960   +0.789   -0.990   -1.000    10626  [0.61,0.09,0.30]  ETA 77.9m
    2580   411,566   +0.864   -0.991   -1.000    10913  [0.34,0.01,0.65]  ETA 77.7m
    2590   413,180   +0.598   -0.990   -1.000     9898  [0.27,0.12,0.61]  ETA 77.4m
    2600   414,772   +0.078   -0.397   -1.000     7916  [0.00,1.00,0.00]  ETA 77.2m
    2610   416,372   +0.739   -0.957   -1.000    10435  [0.19,0.56,0.25]  ETA 77.0m
    2620   417,940   +1.000   -0.985   -1.000    12043  [0.20,0.21,0.59]  ETA 76.8m
    2630   419,555   +0.824   -0.987   -1.000    10761  [0.53,0.20,0.27]  ETA 76.6m
    2640   421,160   +0.510   -0.970   -1.000     9563  [0.50,0.50,0.01]  ETA 76.4m
    2650   422,756   +0.936   -0.980   -1.000    11185  [0.28,0.34,0.38]  ETA 76.2m
    2660   424,345   +0.812   -0.987   -1.000    10712  [0.45,0.19,0.35]  ETA 75.9m
    2670   425,915   +1.000   -0.983   -0.588    11607  [0.01,0.27,0.72]  ETA 75.7m
    2680   427,536   +0.677   -0.992   -0.215    10198  [0.00,0.00,1.00]  ETA 75.5m
    2690   429,148   +1.000   -0.990   -1.000    11936  [1.00,0.00,0.00]  ETA 75.3m
    2700   430,755   +0.146   -0.992   -0.207     8177  [0.09,0.11,0.80]  ETA 75.1m
    2710   432,341   +0.630   -0.976   -1.000    10022  [0.28,0.42,0.29]  ETA 74.9m
    2720   433,933   +0.868   -0.939   -1.000    10926  [0.18,0.62,0.19]  ETA 74.7m
    2730   435,514   +1.000   -0.990   -1.000    12060  [0.85,0.02,0.13]  ETA 74.5m
    2740   437,108   +0.837   -0.984   -1.000    10808  [0.32,0.30,0.39]  ETA 74.3m
    2750   438,685   +1.000   -0.987   -1.000    11451  [1.00,0.00,0.00]  ETA 74.1m
    2760   440,276   +0.813   -0.992   -1.000    10719  [1.00,0.00,0.00]  ETA 73.9m
    2770   441,876   +1.000   -0.636   -1.000    11881  [0.12,0.81,0.07]  ETA 73.6m
    2780   443,451   +1.000   -0.990   -1.000    13048  [1.00,0.00,0.00]  ETA 73.4m
    2790   445,065   -0.060   -0.422   -1.000     7393  [0.00,1.00,0.00]  ETA 73.2m
    2800   446,664   +0.556   -0.981   -1.000     9737  [0.33,0.38,0.29]  ETA 73.0m
    2810   448,267   +0.767   -0.991   -1.000    10543  [0.72,0.06,0.22]  ETA 72.8m
    2820   449,870   +0.328   -0.993   -0.222     8869  [0.23,0.01,0.76]  ETA 72.6m
    2830   451,448   +1.000   -0.990   -0.200    12253  [0.00,0.00,1.00]  ETA 72.4m
    2840   453,045   +0.713   -0.914   -1.000    10336  [0.30,0.69,0.02]  ETA 72.2m
    2850   454,668   +1.000   -0.986   -1.000    12031  [0.78,0.19,0.03]  ETA 72.0m
    2860   456,261   +0.563   -0.992   -0.170     9763  [0.17,0.02,0.81]  ETA 71.7m
    2870   457,871   +0.465   -0.990   -1.000     9391  [0.62,0.15,0.23]  ETA 71.5m
    2880   459,470   +0.695   -0.991   -1.000    10267  [0.81,0.06,0.13]  ETA 71.3m
    2890   461,066   +0.983   -0.989   -1.000    11366  [0.50,0.08,0.42]  ETA 71.1m
    2900   462,658   +0.804   -0.985   -1.000    10684  [0.25,0.26,0.49]  ETA 70.9m
    2910   464,251   +0.561   -0.992   -0.162     9757  [0.00,0.00,1.00]  ETA 70.7m
    2920   465,865   +0.971   -0.942   -1.000    11321  [0.03,0.62,0.36]  ETA 70.5m
    2930   467,468   +0.936   -0.966   -1.000    11186  [0.48,0.50,0.02]  ETA 70.3m
    2940   469,048   +0.757   -0.992   -1.000    10502  [1.00,0.00,0.00]  ETA 70.1m
    2950   470,650   +1.000   -0.938   -0.420    11941  [0.11,0.15,0.74]  ETA 69.9m
    2960   472,251   +1.000   -0.990   -1.000    11452  [0.79,0.05,0.17]  ETA 69.7m
    2970   473,837   +1.000   -0.961   -1.000    12284  [0.47,0.50,0.03]  ETA 69.5m
    2980   475,423   +0.924   -0.985   -1.000    11141  [0.30,0.22,0.48]  ETA 69.2m
    2990   476,994   +0.645   -0.954   -1.000    10076  [0.34,0.58,0.09]  ETA 69.1m
    3000   478,579   +0.971   -0.972   -1.000    11318  [1.00,0.00,0.00]  ETA 68.8m
    3010   480,157   +0.430   -0.992   -0.132     9257  [0.00,0.00,1.00]  ETA 68.6m
    3020   481,774   +0.266   -0.334   -1.000     8632  [0.00,1.00,0.00]  ETA 68.4m
    3030   483,363   +1.000   -0.900   -1.000    12534  [0.12,0.68,0.19]  ETA 68.2m
    3040   484,951   +0.922   -0.983   -1.000    11134  [1.00,0.00,0.00]  ETA 68.0m
    3050   486,533   +0.977   -0.977   -1.000    11343  [0.35,0.37,0.28]  ETA 67.8m
    3060   488,131   +0.877   -0.984   -1.000    10961  [0.19,0.28,0.53]  ETA 67.6m
    3070   489,720   +0.543   -0.858   -1.000     9689  [0.09,0.77,0.14]  ETA 67.4m
    3080   491,329   +1.000   -0.984   -0.478    12300  [0.04,0.23,0.73]  ETA 67.1m
    3090   492,924   +0.849   -0.986   -1.000    10854  [0.20,0.22,0.59]  ETA 66.9m
    3100   494,519   +0.850   -0.972   -1.000    10857  [0.16,0.45,0.39]  ETA 66.7m
    3110   496,107   +1.000   -0.986   -1.000    11798  [0.70,0.19,0.11]  ETA 66.5m
    3120   497,722   +0.656   -0.974   -1.000    10120  [0.45,0.46,0.09]  ETA 66.3m
    3130   499,306   +1.000   -0.988   -1.000    11673  [0.88,0.12,0.00]  ETA 66.1m
    3140   500,911   +1.000   -0.980   -1.000    11887  [0.42,0.31,0.27]  ETA 65.9m
    3150   502,508   +0.783   -0.961   -1.000    10602  [0.02,0.54,0.44]  ETA 65.7m
    3160   504,115   +0.524   -0.982   -1.000     9615  [0.24,0.35,0.42]  ETA 65.5m
    3170   505,729   +0.888   -0.989   -1.000    11002  [0.25,0.11,0.64]  ETA 65.3m
    3180   507,339   +0.808   -0.992   -1.000    10699  [1.00,0.00,0.00]  ETA 65.1m
    3190   508,944   +1.000   -0.987   -1.000    12513  [0.46,0.13,0.41]  ETA 64.8m
    3200   510,527   +0.992   -0.990   -1.000    11400  [0.26,0.06,0.68]  ETA 64.6m
    3210   512,146   +0.309   -0.979   -1.000     8796  [0.12,0.42,0.46]  ETA 64.4m
    3220   513,756   +0.475   -0.865   -1.000     9430  [0.19,0.76,0.05]  ETA 64.2m
    3230   515,372   +0.932   -0.987   -1.000    11172  [0.56,0.17,0.26]  ETA 64.0m
    3240   516,976   +1.000   -0.988   -1.000    13344  [0.37,0.04,0.59]  ETA 63.8m
    3250   518,552   +1.000   -0.990   -0.207    12172  [0.00,0.00,1.00]  ETA 63.6m
    3260   520,137   +0.761   -0.913   -1.000    10521  [0.25,0.70,0.05]  ETA 63.4m
    3270   521,731   +1.000   -0.990   -1.000    11984  [1.00,0.00,0.00]  ETA 63.2m
    3280   523,318   +1.000   -0.990   -1.000    11557  [0.51,0.05,0.45]  ETA 63.0m
    3290   524,911   +0.730   -0.991   -0.558    10400  [0.26,0.02,0.72]  ETA 62.8m
    3300   526,524   +1.000   -0.969   -1.000    11537  [0.03,0.45,0.51]  ETA 62.6m
    3310   528,130   +1.000   -0.926   -1.000    12577  [0.29,0.63,0.08]  ETA 62.5m
    3320   529,715   +1.000   -0.695   -1.000    12657  [0.10,0.82,0.08]  ETA 62.3m
    3330   531,326   +0.665   -0.977   -1.000    10155  [0.11,0.41,0.48]  ETA 62.1m
    3340   532,920   +0.400   -0.992   -1.000     9142  [0.64,0.03,0.34]  ETA 62.0m
    3350   534,521   -0.232   -0.490   -1.000     6736  [0.00,1.00,0.00]  ETA 61.8m
    3360   536,129   +0.921   -0.991   -1.000    11127  [1.00,0.00,0.00]  ETA 61.6m
    3370   537,720   +0.920   -0.987   -1.000    11124  [0.62,0.17,0.21]  ETA 61.4m
    3380   539,303   +1.000   -0.912   -1.000    11887  [0.28,0.67,0.04]  ETA 61.2m
    3390   540,923   +0.717   -0.972   -1.000    10351  [0.43,0.47,0.10]  ETA 60.9m
    3400   542,514   +0.590   -0.990   -1.000     9866  [0.67,0.13,0.21]  ETA 60.7m
    3410   544,116   +1.000   -0.681   -1.000    11606  [0.14,0.83,0.03]  ETA 60.5m
    3420   545,706   +0.548   -0.992   -0.170     9707  [0.00,0.00,1.00]  ETA 60.3m
    3430   547,282   +0.814   -0.984   -1.000    10723  [0.44,0.26,0.30]  ETA 60.1m
    3440   548,815   +0.496   -0.928   -1.000     9508  [0.03,0.67,0.29]  ETA 59.9m
    3450   550,408   +0.922   -0.991   -0.207    11131  [0.07,0.00,0.93]  ETA 59.7m
    3460   552,007   +0.810   -0.975   -1.000    10706  [0.33,0.43,0.24]  ETA 59.5m
    3470   553,492   +1.000   -0.991   -0.185    11811  [0.00,0.00,1.00]  ETA 59.3m
    3480   555,086   +0.898   -0.957   -1.000    11043  [0.32,0.55,0.12]  ETA 59.1m
    3490   556,674   +0.998   -0.987   -1.000    11423  [0.69,0.18,0.13]  ETA 58.9m
    3500   558,289   +0.612   -0.992   -1.000     9950  [0.76,0.05,0.20]  ETA 58.7m
    3510   559,887   +1.000   -0.976   -1.000    11723  [0.20,0.38,0.41]  ETA 58.4m
    3520   561,477   +0.212   -0.346   -1.000     8428  [0.00,1.00,0.00]  ETA 58.2m
    3530   563,074   +1.000   -0.986   -0.838    11696  [0.13,0.18,0.70]  ETA 58.0m
    3540   564,671   +0.912   -0.888   -1.000    11095  [0.22,0.72,0.05]  ETA 57.8m
    3550   566,270   +1.000   -0.987   -1.000    11982  [0.74,0.14,0.13]  ETA 57.6m
    3560   567,891   +1.000   -0.990   -1.000    11668  [0.65,0.06,0.28]  ETA 57.4m
    3570   569,491   +0.933   -0.991   -1.000    11174  [1.00,0.00,0.00]  ETA 57.2m
    3580   571,100   +1.000   -0.980   -1.000    12058  [0.17,0.31,0.52]  ETA 56.9m
    3590   572,682   +1.000   -0.927   -1.000    12149  [0.31,0.64,0.05]  ETA 56.7m
    3600   574,265   +0.405   -0.275   -1.000     9161  [0.00,1.00,0.00]  ETA 56.5m
    3610   575,847   +1.000   -0.988   -0.215    11545  [0.01,0.13,0.86]  ETA 56.3m
    3620   577,439   +1.000   -0.987   -1.000    11462  [0.20,0.16,0.64]  ETA 56.1m
    3630   579,032   +1.000   -0.953   -1.000    11943  [0.39,0.55,0.06]  ETA 55.9m
    3640   580,645   +1.000   -0.991   -1.000    11782  [0.34,0.02,0.65]  ETA 55.7m
    3650   582,249   +0.023   -0.993   -0.155     7709  [0.02,0.02,0.97]  ETA 55.5m
    3660   583,870   +0.976   -0.987   -1.000    11339  [0.58,0.17,0.25]  ETA 55.2m
    3670   585,468   +1.000   -0.990   -1.000    12159  [0.72,0.02,0.27]  ETA 55.0m
    3680   587,055   +0.951   -0.975   -1.000    11245  [0.45,0.41,0.15]  ETA 54.8m
    3690   588,658   +0.760   -0.991   -0.185    10516  [0.12,0.01,0.87]  ETA 54.6m
    3700   590,290   +0.867   -0.950   -1.000    10924  [0.22,0.58,0.20]  ETA 54.4m
    3710   591,899   +0.812   -0.977   -1.000    10712  [0.13,0.40,0.47]  ETA 54.2m
    3720   593,497   -0.023   -0.993   +0.228     7533  [0.15,0.08,0.76]  ETA 54.0m
    3730   595,109   +0.964   -0.991   -0.252    11294  [0.00,0.00,1.00]  ETA 53.8m
    3740   596,708   +1.000   -0.959   -1.000    12162  [0.07,0.52,0.41]  ETA 53.6m
    3750   598,299   +0.735   -0.958   -1.000    10419  [0.22,0.56,0.23]  ETA 53.4m
    3760   599,917   +0.924   -0.991   -1.000    11139  [0.93,0.03,0.03]  ETA 53.1m
    3770   601,510   +0.115   -0.370   -1.000     8059  [0.00,1.00,0.00]  ETA 52.9m
    3780   603,102   +0.663   -0.981   -1.000    10146  [0.13,0.35,0.51]  ETA 52.7m
    3790   604,710   +0.564   -0.970   -1.000     9767  [0.41,0.50,0.09]  ETA 52.5m
    3800   606,312   +0.934   -0.989   -1.000    11179  [0.30,0.07,0.62]  ETA 52.3m
    3810   607,911   +1.000   -0.972   -1.000    12818  [0.29,0.39,0.32]  ETA 52.1m
    3820   609,532   +0.881   -0.977   -1.000    10976  [0.04,0.39,0.57]  ETA 51.9m
    3830   611,068   +1.000   -0.989   -1.000    12373  [0.58,0.04,0.38]  ETA 51.7m
    3840   612,667   +0.975   -0.949   -1.000    11334  [0.14,0.58,0.28]  ETA 51.5m
    3850   614,286   +0.977   -0.984   -1.000    11344  [0.12,0.24,0.63]  ETA 51.2m
    3860   615,872   +1.000   -0.986   -1.000    12463  [0.82,0.16,0.02]  ETA 51.0m
    3870   617,473   +0.519   -0.443   -1.000     9598  [0.01,0.89,0.10]  ETA 50.8m
    3880   619,091   +0.795   -0.937   -1.000    10648  [0.27,0.64,0.09]  ETA 50.6m
    3890   620,697   -0.126   -0.994   -0.215     7141  [0.13,0.03,0.83]  ETA 50.4m
    3900   622,299   +1.000   -0.969   -1.000    12388  [0.52,0.43,0.05]  ETA 50.2m
    3910   623,906   +0.884   -0.978   -0.338    10988  [0.08,0.36,0.56]  ETA 50.0m
    3920   625,515   +0.770   -0.992   -1.000    10553  [1.00,0.00,0.00]  ETA 49.8m
    3930   627,116   +0.968   -0.982   -1.000    11307  [0.47,0.30,0.23]  ETA 49.5m
    3940   628,735   -0.039   -0.409   -1.000     7470  [0.00,1.00,0.00]  ETA 49.3m
    3950   630,332   +0.866   -0.974   -1.000    10921  [0.11,0.42,0.47]  ETA 49.1m
    3960   631,931   +0.484   -0.949   -1.000     9465  [0.07,0.62,0.31]  ETA 48.9m
    3970   633,529   +1.000   -0.972   -1.000    12529  [0.12,0.30,0.59]  ETA 48.7m
    3980   635,116   +1.000   -0.984   -1.000    12557  [0.44,0.22,0.33]  ETA 48.5m
    3990   636,738   +0.659   -0.987   -1.000    10130  [0.35,0.21,0.44]  ETA 48.3m
    4000   638,304   +0.974   -0.934   -1.000    11330  [0.11,0.64,0.26]  ETA 48.1m
    4010   639,901   +0.903   -0.989   -1.000    11062  [0.49,0.12,0.38]  ETA 47.8m
    4020   641,512   +1.000   -0.989   -1.000    12238  [0.83,0.06,0.11]  ETA 47.6m
    4030   643,111   -0.935   -1.000   -1.000     4058  [0.00,1.00,0.00]  ETA 47.4m
    4040   644,709   +0.244   -0.991   -1.000     8550  [0.66,0.10,0.24]  ETA 47.2m
    4050   646,318   +0.988   -0.978   -0.767    11383  [0.51,0.37,0.12]  ETA 47.0m
    4060   647,931   +0.974   -0.762   -1.000    11330  [0.10,0.81,0.09]  ETA 46.8m
    4070   649,511   +0.398   -0.526   -1.000     9138  [0.05,0.88,0.07]  ETA 46.6m
    4080   651,116   +0.746   -0.988   -0.177    10464  [0.02,0.18,0.80]  ETA 46.4m
    4090   652,711   +1.000   -0.982   -1.000    12501  [0.61,0.25,0.15]  ETA 46.1m
    4100   654,313   +1.000   -0.908   -1.000    11485  [0.22,0.69,0.09]  ETA 45.9m
    4110   655,916   +0.296   -0.317   -1.000     8748  [0.00,1.00,0.00]  ETA 45.7m
    4120   657,519   +0.978   -0.991   -0.215    11345  [0.00,0.00,1.00]  ETA 45.5m
    4130   659,106   +1.000   -0.929   -1.000    11788  [0.12,0.64,0.24]  ETA 45.3m
    4140   660,716   +0.644   -0.991   -1.000    10073  [0.35,0.06,0.59]  ETA 45.1m
    4150   662,313   +0.788   -0.982   -1.000    10622  [0.37,0.33,0.29]  ETA 44.9m
    4160   663,919   +0.688   -0.975   -1.000    10242  [0.29,0.44,0.27]  ETA 44.7m
    4170   665,517   +0.404   -0.993   -0.245     9158  [0.12,0.01,0.87]  ETA 44.5m
    4180   667,112   +0.668   -0.984   -1.000    10164  [0.10,0.29,0.61]  ETA 44.3m
    4190   668,716   +0.545   -0.880   -1.000     9698  [0.13,0.75,0.12]  ETA 44.1m
    4200   670,317   +0.882   -0.991   -1.000    10982  [0.53,0.01,0.46]  ETA 43.8m
    4210   671,930   +0.953   -0.989   -1.000    11252  [0.40,0.13,0.48]  ETA 43.6m
    4220   673,528   +1.000   -0.909   -1.000    11677  [0.21,0.68,0.10]  ETA 43.4m
    4230   675,112   +0.734   -0.976   -1.000    10418  [0.37,0.41,0.22]  ETA 43.2m
    4240   676,729   +0.848   -0.978   -1.000    10850  [0.13,0.38,0.49]  ETA 43.0m
    4250   678,337   +0.948   -0.949   -1.000    11231  [0.03,0.59,0.38]  ETA 42.8m
    4260   679,952   +1.000   -0.976   -1.000    11997  [0.56,0.37,0.07]  ETA 42.6m
    4270   681,553   +1.000   -0.986   -1.000    11803  [0.28,0.18,0.55]  ETA 42.4m
    4280   683,140   +1.000   -0.986   -1.000    13133  [0.36,0.13,0.51]  ETA 42.1m
    4290   684,727   +1.000   -0.981   -1.000    13700  [0.33,0.24,0.43]  ETA 41.9m
    4300   686,320   -0.041   -0.994   -0.140     7464  [0.00,0.00,1.00]  ETA 41.7m
    4310   687,918   +0.852   -0.969   -1.000    10866  [0.16,0.47,0.37]  ETA 41.5m
    4320   689,522   +1.000   -0.986   -1.000    12251  [0.31,0.17,0.52]  ETA 41.3m
    4330   691,111   +0.720   -0.979   -1.000    10363  [0.38,0.37,0.25]  ETA 41.1m
    4340   692,716   +0.647   -0.979   -1.000    10086  [0.26,0.38,0.35]  ETA 40.9m
    4350   694,310   +0.657   -0.986   -1.000    10125  [0.28,0.23,0.49]  ETA 40.7m
    4360   695,917   +1.000   -0.967   -1.000    12133  [0.24,0.32,0.44]  ETA 40.4m
    4370   697,416   +0.752   -0.992   -0.215    10486  [0.00,0.00,1.00]  ETA 40.2m
    4380   699,015   +0.403   -0.965   -1.000     9155  [0.07,0.55,0.38]  ETA 40.0m
    4390   700,627   +0.860   -0.987   -1.000    10897  [0.19,0.18,0.63]  ETA 39.8m
    4400   702,236   +1.000   -0.990   -1.000    11641  [0.54,0.05,0.41]  ETA 39.6m
    4410   703,810   +1.000   -0.938   -1.000    11465  [0.25,0.62,0.12]  ETA 39.4m
    4420   705,419   +1.000   -0.977   -1.000    12145  [0.48,0.37,0.15]  ETA 39.2m
    4430   707,026   +1.000   -0.981   -1.000    12327  [0.66,0.31,0.03]  ETA 39.0m
    4440   708,624   +0.542   -0.943   -1.000     9686  [0.13,0.64,0.23]  ETA 38.8m
    4450   710,215   +0.935   -0.978   -1.000    11181  [0.31,0.37,0.33]  ETA 38.5m
    4460   711,822   +0.846   -0.979   -1.000    10841  [0.24,0.36,0.39]  ETA 38.3m
    4470   713,411   +0.868   -0.985   -1.000    10928  [0.61,0.24,0.15]  ETA 38.1m
    4480   715,013   +1.000   -0.990   -1.000    12444  [1.00,0.00,0.00]  ETA 37.9m
    4490   716,612   +1.000   -0.799   -1.000    12389  [0.13,0.78,0.09]  ETA 37.7m
    4500   718,213   +1.000   -0.969   -1.000    11838  [0.26,0.45,0.29]  ETA 37.5m
    4510   719,808   +0.762   -0.982   -1.000    10524  [0.34,0.33,0.33]  ETA 37.3m
    4520   721,403   +1.000   -0.987   -1.000    11940  [0.29,0.14,0.57]  ETA 37.1m
    4530   723,004   +0.761   -0.985   -1.000    10519  [0.15,0.27,0.58]  ETA 36.8m
    4540   724,617   +0.973   -0.990   -1.000    11327  [0.35,0.05,0.61]  ETA 36.6m
    4550   726,223   +1.000   -0.971   -1.000    12624  [0.38,0.41,0.21]  ETA 36.4m
    4560   727,843   +1.000   -0.919   -1.000    11975  [0.23,0.65,0.12]  ETA 36.2m
    4570   729,435   +1.000   -0.991   -1.000    11617  [0.89,0.01,0.11]  ETA 36.0m
    4580   731,025   +0.400   -0.992   -0.528     9145  [0.20,0.07,0.73]  ETA 35.8m
    4590   732,620   +0.683   -0.954   -1.000    10221  [0.34,0.58,0.08]  ETA 35.6m
    4600   734,120   +0.287   -0.323   -1.000     8715  [0.05,0.93,0.02]  ETA 35.4m
    4610   735,723   +1.000   -0.991   -0.207    11720  [0.00,0.00,1.00]  ETA 35.2m
    4620   737,321   +0.743   -0.969   -1.000    10452  [0.08,0.49,0.43]  ETA 34.9m
    4630   738,930   +0.984   -0.978   -1.000    11368  [0.29,0.37,0.34]  ETA 34.7m
    4640   740,522   +0.496   -0.991   -1.000     9510  [0.67,0.10,0.23]  ETA 34.5m
    4650   742,123   +0.754   -0.867   -1.000    10494  [0.20,0.76,0.04]  ETA 34.3m
    4660   743,734   +0.871   -0.991   -1.000    10938  [1.00,0.00,0.00]  ETA 34.1m
    4670   745,333   +0.911   -0.982   -1.000    11091  [0.67,0.30,0.03]  ETA 33.9m
    4680   746,920   +1.000   -0.990   -1.000    12566  [0.34,0.04,0.62]  ETA 33.7m
    4690   748,520   +0.957   -0.984   -1.000    11267  [0.48,0.27,0.25]  ETA 33.4m
    4700   750,114   +0.892   -0.953   -1.000    11018  [0.27,0.57,0.16]  ETA 33.2m
    4710   751,714   +1.000   -0.978   -1.000    12916  [0.10,0.32,0.58]  ETA 33.0m
    4720   753,289   +0.771   -0.989   -1.000    10557  [0.64,0.12,0.24]  ETA 32.8m
    4730   754,882   +0.837   -0.988   -1.000    10808  [0.22,0.16,0.62]  ETA 32.6m
    4740   756,489   +0.339   -0.304   -1.000     8911  [0.00,1.00,0.00]  ETA 32.4m
    4750   758,083   +1.000   -0.991   -0.222    11876  [0.00,0.00,1.00]  ETA 32.2m
    4760   759,665   +1.000   -0.981   -1.000    11938  [0.31,0.29,0.39]  ETA 32.0m
    4770   761,265   +1.000   -0.976   -1.000    11460  [1.00,0.00,0.00]  ETA 31.8m
    4780   762,868   +0.694   -0.989   -1.000    10266  [0.86,0.13,0.01]  ETA 31.5m
    4790   764,456   +1.000   -0.991   -1.000    11957  [1.00,0.00,0.00]  ETA 31.3m
    4800   766,061   +1.000   -0.983   -1.000    11698  [0.05,0.27,0.68]  ETA 31.1m
    4810   767,661   -0.652   -0.260   -1.000     5135  [0.00,1.00,0.00]  ETA 30.9m
    4820   769,273   +0.786   -0.885   -1.000    10615  [0.11,0.73,0.17]  ETA 30.7m
    4830   770,862   +1.000   -0.990   -1.000    11870  [1.00,0.00,0.00]  ETA 30.5m
    4840   772,444   +0.592   -0.991   -0.647     9875  [0.22,0.07,0.71]  ETA 30.3m
    4850   774,056   +0.908   -0.938   -1.000    11080  [0.25,0.63,0.12]  ETA 30.1m
    4860   775,677   +0.710   -0.977   -1.000    10324  [0.09,0.40,0.51]  ETA 29.8m
    4870   777,271   +0.141   -0.993   -0.177     8158  [0.07,0.05,0.88]  ETA 29.6m
    4880   778,869   +0.738   -0.991   -0.582    10434  [0.34,0.05,0.62]  ETA 29.4m
    4890   780,475   +0.864   -0.970   -1.000    10912  [0.14,0.47,0.40]  ETA 29.2m
    4900   782,071   +1.000   -0.952   -1.000    12733  [0.08,0.54,0.38]  ETA 29.0m
    4910   783,674   +0.607   -0.941   -1.000     9934  [0.46,0.44,0.11]  ETA 28.8m
    4920   785,269   +1.000   -0.974   -1.000    11602  [0.20,0.41,0.39]  ETA 28.6m
    4930   786,874   +0.919   -0.972   -1.000    11122  [0.29,0.44,0.27]  ETA 28.4m
    4940   788,470   +1.000   -0.975   -1.000    11778  [0.53,0.40,0.07]  ETA 28.1m
    4950   790,060   +0.463   -0.993   -1.000     9386  [1.00,0.00,0.00]  ETA 27.9m
    4960   791,675   +0.586   -0.979   -1.000     9851  [0.01,0.40,0.59]  ETA 27.7m
    4970   793,269   +1.000   -0.983   -1.000    11494  [0.42,0.28,0.31]  ETA 27.5m
    4980   794,879   +0.683   -0.976   -1.000    10223  [0.26,0.43,0.32]  ETA 27.3m
    4990   796,456   +0.923   -0.991   -0.170    11137  [0.00,0.00,1.00]  ETA 27.1m
    5000   798,060   +1.000   -0.991   -1.000    11694  [1.00,0.00,0.00]  ETA 26.9m
    5010   799,680   +0.827   -0.977   -1.000    10770  [0.16,0.39,0.45]  ETA 26.7m
    5020   801,263   +0.969   -0.983   -1.000    11310  [0.17,0.27,0.56]  ETA 26.4m
    5030   802,883   +0.831   -0.992   -0.230    10788  [0.00,0.00,1.00]  ETA 26.2m
    5040   804,473   +1.000   -0.984   -1.000    11617  [0.19,0.26,0.55]  ETA 26.0m
    5050   806,103   +0.845   -0.989   -1.000    10839  [0.39,0.15,0.46]  ETA 25.8m
    5060   807,710   +0.938   -0.983   -1.000    11196  [0.38,0.29,0.33]  ETA 25.6m
    5070   809,316   +0.778   -0.985   -1.000    10585  [0.28,0.26,0.46]  ETA 25.4m
    5080   810,922   +1.000   -0.990   -0.200    12091  [0.00,0.00,1.00]  ETA 25.2m
    5090   812,498   +0.914   -0.984   -1.000    11103  [0.65,0.26,0.09]  ETA 25.0m
    5100   814,077   +0.856   -0.991   -1.000    10880  [0.53,0.03,0.45]  ETA 24.7m
    5110   815,672   +0.828   -0.991   -0.570    10774  [0.26,0.02,0.72]  ETA 24.5m
    5120   817,267   +1.000   -0.818   -1.000    11518  [0.16,0.78,0.07]  ETA 24.3m
    5130   818,860   +0.502   -0.991   -1.000     9532  [0.35,0.06,0.59]  ETA 24.1m
    5140   820,452   +0.914   -0.984   -1.000    11103  [0.60,0.25,0.15]  ETA 23.9m
    5150   822,056   +0.580   -0.991   -0.162     9831  [0.00,0.00,1.00]  ETA 23.7m
    5160   823,648   +1.000   -0.927   -1.000    12088  [0.30,0.64,0.06]  ETA 23.5m
    5170   825,218   +1.000   -0.988   -1.000    12910  [0.65,0.06,0.29]  ETA 23.3m
    5180   826,810   +0.692   -0.548   -1.000    10257  [0.09,0.87,0.04]  ETA 23.1m
    5190   828,416   +0.883   -0.954   -1.000    10985  [0.18,0.45,0.37]  ETA 22.8m
    5200   830,018   +0.896   -0.977   -1.000    11035  [0.31,0.38,0.31]  ETA 22.6m
    5210   831,627   +1.000   -0.971   -1.000    11981  [0.48,0.42,0.10]  ETA 22.4m
    5220   833,220   +1.000   -0.908   -1.000    12074  [0.18,0.68,0.13]  ETA 22.2m
    5230   834,806   +0.896   -0.987   -1.000    11032  [0.55,0.18,0.27]  ETA 22.0m
    5240   836,394   +1.000   -0.947   -1.000    13320  [0.03,0.55,0.42]  ETA 21.8m
    5250   838,001   +1.000   -0.990   -1.000    11595  [0.53,0.06,0.41]  ETA 21.6m
    5260   839,611   +0.383   -0.993   -0.162     9078  [0.00,0.00,1.00]  ETA 21.4m
    5270   841,200   +1.000   -0.985   -1.000    11901  [0.18,0.21,0.61]  ETA 21.1m
    5280   842,791   +1.000   -0.977   -1.000    11682  [0.32,0.36,0.31]  ETA 20.9m
    5290   844,399   +0.476   -0.509   -1.000     9435  [0.03,0.88,0.09]  ETA 20.7m
    5300   845,997   +0.903   -0.985   -0.363    11061  [0.04,0.23,0.73]  ETA 20.5m
    5310   847,602   +0.670   -0.977   -1.000    10174  [0.44,0.41,0.15]  ETA 20.3m
    5320   849,197   +0.589   -0.969   -1.000     9864  [0.03,0.51,0.46]  ETA 20.1m
    5330   850,796   +0.983   -0.989   -1.000    11365  [0.59,0.08,0.32]  ETA 19.9m
    5340   852,379   +1.000   -0.978   -1.000    11985  [0.40,0.33,0.27]  ETA 19.6m
    5350   853,986   +0.583   -0.990   -1.000     9841  [0.78,0.10,0.12]  ETA 19.4m
    5360   855,575   +1.000   -0.989   -1.000    12513  [1.00,0.00,0.00]  ETA 19.2m
    5370   857,167   +1.000   -0.974   -1.000    13242  [0.53,0.34,0.13]  ETA 19.0m
    5380   858,760   +0.801   -0.975   -1.000    10671  [0.27,0.42,0.30]  ETA 18.8m
    5390   860,343   +0.787   -0.984   -1.000    10618  [0.54,0.28,0.18]  ETA 18.6m
    5400   861,932   +1.000   -0.923   -1.000    11519  [0.31,0.65,0.03]  ETA 18.4m
    5410   863,537   +0.559   -0.992   -0.200     9750  [0.00,0.00,1.00]  ETA 18.2m
    5420   865,128   +1.000   -0.943   -1.000    12029  [0.17,0.60,0.23]  ETA 17.9m
    5430   866,735   +0.743   -0.991   -1.000    10450  [0.88,0.03,0.09]  ETA 17.7m
    5440   868,316   +0.101   -0.350   -1.000     8004  [0.01,0.95,0.04]  ETA 17.5m
    5450   869,912   +0.931   -0.989   -1.000    11167  [0.88,0.10,0.01]  ETA 17.3m
    5460   871,521   +0.766   -0.991   -1.000    10537  [0.66,0.05,0.29]  ETA 17.1m
    5470   873,120   +0.901   -0.977   -1.000    11051  [0.06,0.40,0.54]  ETA 16.9m
    5480   874,725   +0.533   -0.992   -0.207     9650  [0.00,0.00,1.00]  ETA 16.7m
    5490   876,327   +0.927   -0.974   -1.000    11150  [0.30,0.40,0.30]  ETA 16.5m
    5500   877,933   +0.984   -0.962   -1.000    11367  [0.37,0.51,0.12]  ETA 16.2m
    5510   879,532   +0.937   -0.985   -1.000    11188  [0.17,0.23,0.60]  ETA 16.0m
    5520   881,140   +1.000   -0.980   -1.000    11491  [0.44,0.33,0.22]  ETA 15.8m
    5530   882,737   +0.797   -0.981   -1.000    10658  [0.48,0.33,0.19]  ETA 15.6m
    5540   884,354   +0.707   -0.991   -0.371    10314  [0.26,0.00,0.74]  ETA 15.4m
    5550   885,961   +1.000   -0.977   -1.000    11971  [0.61,0.33,0.06]  ETA 15.2m
    5560   887,555   +1.000   -0.989   -1.000    11942  [0.74,0.00,0.26]  ETA 15.0m
    5570   889,148   +1.000   -0.986   -1.000    11799  [0.34,0.15,0.51]  ETA 14.7m
    5580   890,773   +0.791   -0.984   -1.000    10634  [0.68,0.26,0.06]  ETA 14.5m
    5590   892,391   +0.275   -0.993   -0.215     8668  [0.00,0.00,1.00]  ETA 14.3m
    5600   893,992   +0.224   -0.330   -1.000     8473  [0.00,1.00,0.00]  ETA 14.1m
    5610   895,600   +0.875   -0.984   -1.000    10956  [0.52,0.25,0.23]  ETA 13.9m
    5620   897,196   +1.000   -0.987   -1.000    12216  [0.76,0.11,0.13]  ETA 13.7m
    5630   898,793   +0.823   -0.903   -1.000    10756  [0.24,0.70,0.06]  ETA 13.5m
    5640   900,417   +0.826   -0.992   -1.000    10766  [0.72,0.01,0.26]  ETA 13.2m
    5650   902,026   +0.951   -0.861   -1.000    11243  [0.09,0.48,0.43]  ETA 13.0m
    5660   903,617   +0.795   -0.988   -1.000    10650  [0.39,0.10,0.51]  ETA 12.8m
    5670   905,226   +1.000   -0.964   -1.000    13161  [0.16,0.46,0.38]  ETA 12.6m
    5680   906,839   +0.452   -0.279   -1.000     9343  [0.05,0.93,0.02]  ETA 12.4m
    5690   908,454   +0.932   -0.982   -1.000    11171  [0.11,0.31,0.57]  ETA 12.2m
    5700   910,037   +1.000   -0.974   -1.000    11505  [0.35,0.41,0.24]  ETA 12.0m
    5710   911,644   +0.400   -0.290   -1.000     9145  [0.07,0.91,0.02]  ETA 11.8m
    5720   913,243   +1.000   -0.864   -1.000    12002  [0.21,0.73,0.06]  ETA 11.5m
    5730   914,833   +0.730   -0.962   -1.000    10401  [0.33,0.54,0.13]  ETA 11.3m
    5740   916,425   +0.324   -0.329   -1.000     8853  [0.00,1.00,0.00]  ETA 11.1m
    5750   918,046   +1.000   -0.974   -1.000    11534  [0.11,0.43,0.46]  ETA 10.9m
    5760   919,652   +0.750   -0.978   -1.000    10479  [0.13,0.39,0.48]  ETA 10.7m
    5770   921,245   +0.531   -0.991   -0.230     9644  [0.00,0.00,1.00]  ETA 10.5m
    5780   922,861   +0.975   -0.982   -1.000    11334  [0.38,0.29,0.33]  ETA 10.3m
    5790   924,451   +0.977   -0.989   -1.000    11343  [1.00,0.00,0.00]  ETA 10.0m
    5800   926,044   +0.907   -0.934   -1.000    11076  [0.39,0.39,0.22]  ETA 9.8m
    5810   927,665   +0.704   -0.991   -1.000    10301  [1.00,0.00,0.00]  ETA 9.6m
    5820   929,272   +0.998   -0.969   -1.000    11422  [0.29,0.32,0.39]  ETA 9.4m
    5830   930,873   +0.947   -0.982   -1.000    11229  [0.65,0.29,0.06]  ETA 9.2m
    5840   932,480   +0.646   -0.981   -1.000    10081  [0.49,0.34,0.16]  ETA 9.0m
    5850   934,075   +1.000   -0.988   -1.000    11795  [1.00,0.00,0.00]  ETA 8.8m
    5860   935,676   +0.769   -0.982   -1.000    10550  [0.39,0.30,0.31]  ETA 8.6m
    5870   937,266   +0.903   -0.954   -1.000    11059  [0.02,0.35,0.63]  ETA 8.3m
    5880   938,858   +0.948   -0.987   -1.000    11231  [0.73,0.17,0.10]  ETA 8.1m
    5890   940,458   +0.287   -0.340   -1.000     8713  [0.02,0.94,0.04]  ETA 7.9m
    5900   942,069   +0.915   -0.971   -1.000    11108  [0.36,0.45,0.19]  ETA 7.7m
    5910   943,675   +0.333   -0.992   +0.668     8888  [0.08,0.04,0.88]  ETA 7.5m
    5920   945,277   +0.282   -0.992   -0.177     8696  [0.02,0.08,0.90]  ETA 7.3m
    5930   946,888   +1.000   -0.937   -1.000    12310  [0.15,0.61,0.24]  ETA 7.1m
    5940   948,472   +0.601   -0.989   -1.000     9911  [0.59,0.16,0.26]  ETA 6.9m
    5950   949,962   +0.710   -0.990   -1.000    10325  [0.25,0.08,0.67]  ETA 6.7m
    5960   951,559   +0.841   -0.990   -1.000    10826  [1.00,0.00,0.00]  ETA 6.4m
    5970   953,174   +1.000   -0.988   -1.000    11590  [0.87,0.08,0.04]  ETA 6.2m
    5980   954,781   +1.000   -0.990   -0.207    11553  [0.00,0.00,1.00]  ETA 6.0m
    5990   956,365   +1.000   -0.978   -1.000    11984  [0.30,0.34,0.36]  ETA 5.8m
    6000   957,967   +1.000   -0.990   -1.000    11481  [0.60,0.04,0.36]  ETA 5.6m
    6010   959,558   -0.250   -0.466   -1.000     6667  [0.00,1.00,0.00]  ETA 5.4m
    6020   961,149   +0.831   -0.987   -1.000    10785  [0.12,0.21,0.67]  ETA 5.2m
    6030   962,744   +1.000   -0.958   -1.000    12354  [0.24,0.52,0.23]  ETA 5.0m
    6040   964,339   +0.683   -0.991   -0.200    10221  [0.00,0.00,1.00]  ETA 4.7m
    6050   965,947   +0.988   -0.980   -1.000    11383  [0.35,0.34,0.31]  ETA 4.5m
    6060   967,538   +0.250   -0.334   -1.000     8574  [0.02,0.96,0.02]  ETA 4.3m
    6070   969,144   +1.000   -0.991   -0.245    11663  [0.00,0.00,1.00]  ETA 4.1m
    6080   970,758   +0.382   -0.291   -1.000     9074  [0.00,1.00,0.00]  ETA 3.9m
    6090   972,354   +0.604   -0.991   -1.000     9923  [0.47,0.06,0.47]  ETA 3.7m
    6100   973,955   +1.000   -0.932   -1.000    11527  [0.26,0.21,0.53]  ETA 3.5m
    6110   975,566   +0.173   -0.991   -0.230     8278  [0.02,0.17,0.81]  ETA 3.2m
    6120   977,154   +0.975   -0.989   -1.000    11336  [0.84,0.11,0.05]  ETA 3.0m
    6130   978,732   +0.209   -0.991   -0.177     8416  [0.04,0.11,0.86]  ETA 2.8m
    6140   980,332   +1.000   -0.751   -1.000    12258  [0.14,0.80,0.05]  ETA 2.6m
    6150   981,943   +1.000   -0.981   -1.000    11580  [0.37,0.31,0.32]  ETA 2.4m
    6160   983,546   +1.000   -0.986   -1.000    12115  [0.51,0.17,0.32]  ETA 2.2m
    6170   985,149   +0.962   -0.984   -1.000    11286  [0.09,0.25,0.66]  ETA 2.0m
    6180   986,732   +1.000   -0.950   -1.000    11512  [0.05,0.57,0.38]  ETA 1.8m
    6190   988,323   +0.709   -0.982   -1.000    10320  [0.26,0.33,0.41]  ETA 1.6m
    6200   989,920   +0.907   -0.960   -1.000    11077  [0.31,0.52,0.16]  ETA 1.3m
    6210   991,512   +1.000   -0.964   -1.000    11602  [0.10,0.38,0.52]  ETA 1.1m
    6220   993,111   +0.621   -0.801   -1.000     9987  [0.34,0.66,0.00]  ETA 0.9m
    6230   994,711   +0.114   -0.363   -1.000     8054  [0.00,1.00,0.00]  ETA 0.7m
    6240   996,324   +0.916   -0.988   -1.000    11112  [0.81,0.13,0.06]  ETA 0.5m
    6250   997,919   +0.976   -0.989   -1.000    11337  [0.73,0.06,0.20]  ETA 0.3m
    6260   999,518   +0.788   -0.990   -0.230    10621  [0.07,0.04,0.89]  ETA 0.1m

✓  Model saved to /tmp/capql_robust

── Evaluating on clean corners ──
✓  Eval → /workspace/capql_robust_eval_results.csv
  yield        R_yield=+0.799  R_ane=-0.971  R_water=-0.837  yield=10663 kg/ha
  n_eff        R_yield=+0.796  R_ane=-0.980  R_water=-0.902  yield=10652 kg/ha
  water        R_yield=+0.796  R_ane=-0.909  R_water=-0.837  yield=10654 kg/ha
  balanced     R_yield=+0.674  R_ane=-0.854  R_water=-0.838  yield=10189 kg/ha

✓  Total training time: 133.5 min
====================================================================
