==============================================================================
CAPQL — Concave-augmented Pareto Q-Learning
==============================================================================
  Backbone                   TD3  (Twin Delayed Deep Deterministic PG)
  Objectives                 [R_yield, R_ane, R_water_eff]
  Preference dist.           w ~ Dirichlet([1, 1, 1])
  Augmentation               λ·mean(log(Rᵢ + 1 + ε))
  AUG_LAMBDA  λ              0.1
  AUG_EPS     ε              0.1
  Hindsight relabeling       True

  total_steps                1,000,000
  warmup_steps               5,000
  buffer_size                200,000
  batch_size                 256
  lr_actor / lr_critic       0.0003 / 0.0003
  gamma                      0.99
  tau                        0.005
  policy_freq                2
  hidden_size                256
  device                     cpu
==============================================================================

     ep      step   len    cum_R               w   yield      N      W    R_yld    R_ane    R_wef
  -----  --------  ----  -------  --------------  ------  -----  -----  -------  -------  -------
     10      1597   162   +0.313  [0.55,0.43,0.03]   11536  18675   3901  +1.0000  -0.9846  -1.0000
     20      3208   164   +0.529  [0.69,0.00,0.31]   11021  15135   4350  +0.8926  -0.9818  -1.0000
     30      4792   161   +0.157  [0.52,0.14,0.34]   10688  16610   3982  +0.8051  -0.9839  -1.0000
     40      6391   157   -0.364  [0.11,0.86,0.03]   10798   7996   1016  +0.8341  -0.9662  -1.0000
     50      8003   165   +0.726  [0.64,0.04,0.33]   10767   4560    730  +0.8260  -0.9410  -0.8242

  ── rolling mean (last 50 ep) ──  cum_R=-0.069  yield=10784 kg/ha  N=11960  W=2802 mm  R_yld=+0.773  R_ane=-0.970  R_wef=-0.995

     60      9603   163   +0.003  [0.28,0.33,0.39]   11871   3892   1093  +1.0000  -0.9237  -1.0000
     70     11201   158   -0.133  [0.34,0.59,0.08]    7764   4394    731  +0.0377  -0.9558  -0.8269
     80     12791   154   +0.654  [0.69,0.18,0.13]   10146   3837    999  +0.6629  -0.9339  -1.0000
     90     14391   156   +1.167  [0.87,0.10,0.03]   11966   4249    997  +1.0000  -0.9296  -1.0000
    100     15991   163   -0.363  [0.12,0.01,0.87]   11090   4848    951  +0.9107  -0.9428  -1.0000

  ── rolling mean (last 50 ep) ──  cum_R=-0.011  yield=10920 kg/ha  N=4165  W=1004 mm  R_yld=+0.812  R_ane=-0.933  R_wef=-0.987

    110     17618   162   -0.370  [0.06,0.60,0.34]   10974   4275   1002  +0.8803  -0.9358  -1.0000
    120     19211   156   -0.443  [0.05,0.63,0.32]   11642   3954    965  +1.0000  -0.9264  -1.0000
    130     20805   163   -0.454  [0.09,0.05,0.86]   11000   4084   1313  +0.8871  -0.9327  -1.0000
    140     22409   157   +0.357  [0.44,0.28,0.27]   12567   4000    954  +1.0000  -0.9215  -1.0000
    150     23997   158   -0.406  [0.08,0.07,0.85]   11539   3588    941  +1.0000  -0.9196  -1.0000

  ── rolling mean (last 50 ep) ──  cum_R=-0.005  yield=11120 kg/ha  N=4195  W=1056 mm  R_yld=+0.850  R_ane=-0.933  R_wef=-0.995

    160     25621   164   +0.144  [0.32,0.67,0.01]   11453   3756   1063  +1.0000  -0.9238  -1.0000
    170     27210   164   -0.448  [0.06,0.16,0.77]   12196   4477   1348  +1.0000  -0.9319  -1.0000
    180     28812   159   -0.377  [0.09,0.29,0.62]   11652   3622    980  +1.0000  -0.9196  -1.0000
    190     30387   161   +0.498  [0.53,0.47,0.01]   12843   3963   1263  +1.0000  -0.9190  -1.0000
    200     31987   159   -0.180  [0.18,0.78,0.04]   10649   3696   1140  +0.7950  -0.9280  -1.0000

  ── rolling mean (last 50 ep) ──  cum_R=+0.071  yield=10873 kg/ha  N=3787  W=1027 mm  R_yld=+0.799  R_ane=-0.928  R_wef=-1.000

    210     33485   157   +0.018  [0.35,0.12,0.53]    9917   3918    974  +0.6028  -0.9367  -1.0000
    220     35101   164   -0.109  [0.28,0.02,0.69]   10129   4759   1103  +0.6586  -0.9468  -1.0000
    230     36707   156   +0.378  [0.64,0.01,0.35]    9225   3673    927  +0.4213  -0.9372  -1.0000
    240     38311   163   -0.227  [0.17,0.27,0.56]   11176   3595   1168  +0.9332  -0.9223  -1.0000
    250     39932   161   +0.887  [0.82,0.08,0.10]   10280   3078   1006  +0.6980  -0.9165  -1.0000

  ── rolling mean (last 50 ep) ──  cum_R=+0.007  yield=10510 kg/ha  N=3846  W=1070 mm  R_yld=+0.736  R_ane=-0.932  R_wef=-0.987

    260     41515   161   -0.133  [0.19,0.53,0.28]   12123   3588    937  +1.0000  -0.9155  -1.0000
    270     43118   155   +0.154  [0.33,0.30,0.37]   11206   3023    952  +0.9411  -0.9073  -1.0000
    280     44725   159   +0.197  [0.36,0.60,0.03]   11180   3870    882  +0.9344  -0.9278  -1.0000
    290     46317   167   +0.787  [0.69,0.12,0.19]   11203   4104   1106  +0.9405  -0.9318  -1.0000
    300     47916   157   -0.268  [0.16,0.17,0.67]   10561   4133   1122  +0.7719  -0.9361  -1.0000

  ── rolling mean (last 50 ep) ──  cum_R=+0.141  yield=10635 kg/ha  N=3723  W=1030 mm  R_yld=+0.762  R_ane=-0.927  R_wef=-1.000

    310     49508   154   +0.182  [0.45,0.32,0.22]    9808   3423   1059  +0.5744  -0.9284  -1.0000
    320     51124   162   -0.329  [0.09,0.37,0.54]   11212   3986   1040  +0.9428  -0.9297  -1.0000
    330     52726   154   +0.326  [0.46,0.15,0.40]   12094   3549   1308  +1.0000  -0.9148  -1.0000
    340     54326   161   +0.280  [0.43,0.24,0.33]   12283   3897   1163  +1.0000  -0.9212  -1.0000
    350     55939   160   -0.495  [0.02,0.95,0.02]   10344   4037   1106  +0.7149  -0.9359  -1.0000

  ── rolling mean (last 50 ep) ──  cum_R=+0.061  yield=10808 kg/ha  N=3808  W=1033 mm  R_yld=+0.781  R_ane=-0.928  R_wef=-0.998

    360     57545   158   -0.080  [0.22,0.38,0.40]   12291   3492   1006  +1.0000  -0.9120  -1.0000
    370     59156   160   -0.321  [0.10,0.27,0.63]   12672   3516   1057  +1.0000  -0.9099  -1.0000
    380     60748   162   -0.458  [0.05,0.64,0.31]   10738   4556   1158  +0.8182  -0.9411  -1.0000
    390     62328   157   +0.610  [0.58,0.37,0.04]   12060   3226   1081  +1.0000  -0.9065  -1.0000
    400     63932   170   -0.206  [0.17,0.75,0.08]   10628   4301    930  +0.7895  -0.9382  -1.0000

  ── rolling mean (last 50 ep) ──  cum_R=+0.168  yield=11007 kg/ha  N=3798  W=1009 mm  R_yld=+0.832  R_ane=-0.927  R_wef=-0.995

    410     65532   156   -0.133  [0.29,0.31,0.41]    9494   3629   1183  +0.4918  -0.9346  -1.0000
    420     67123   157   +0.725  [0.64,0.18,0.19]   11749   3388   1105  +1.0000  -0.9133  -1.0000
    430     68728   158   -0.365  [0.09,0.75,0.17]   10820   4052   1068  +0.8400  -0.9332  -1.0000
    440     70331   161   +0.221  [0.38,0.33,0.29]   12053   3807    852  +1.0000  -0.9208  -1.0000
    450     71926   165   +0.191  [0.38,0.21,0.40]   11095   4308    927  +0.9120  -0.9356  -1.0000

  ── rolling mean (last 50 ep) ──  cum_R=+0.090  yield=10794 kg/ha  N=3810  W=1025 mm  R_yld=+0.811  R_ane=-0.928  R_wef=-0.994

    460     73511   158   -0.260  [0.14,0.32,0.54]   10837   3246   1024  +0.8444  -0.9165  -1.0000
    470     75106   164   +0.714  [0.66,0.33,0.01]   10670   4034   1215  +0.8007  -0.9339  -1.0000
    480     76690   162   +0.526  [0.55,0.23,0.22]   11411   3925    997  +0.9951  -0.9273  -1.0000
    490     78280   165   -0.353  [0.08,0.67,0.24]   10312   3486    932  +0.7066  -0.9260  -1.0000
    500     79864   153   -0.111  [0.32,0.57,0.11]    8600   3202    843  +0.2572  -0.9329  -1.0000

  ── rolling mean (last 50 ep) ──  cum_R=+0.044  yield=10729 kg/ha  N=3778  W=1002 mm  R_yld=+0.773  R_ane=-0.928  R_wef=-0.991

    510     81490   160   -0.459  [0.02,0.59,0.40]   10082   3298    910  +0.6463  -0.9236  -1.0000
    520     83100   163   +1.022  [0.82,0.16,0.02]   11237   4416   1330  +0.9494  -0.9364  -1.0000
    530     84702   161   -0.222  [0.17,0.66,0.17]    8974   3076    735  +0.3553  -0.9271  -0.8385
    540     86295   159   +0.987  [0.81,0.11,0.08]   11227   3869   1125  +0.9468  -0.9275  -1.0000
    550     87906   164   +0.331  [0.47,0.39,0.14]   10687   3520   1130  +0.8050  -0.9241  -1.0000

  ── rolling mean (last 50 ep) ──  cum_R=+0.114  yield=10929 kg/ha  N=3840  W=1023 mm  R_yld=+0.836  R_ane=-0.928  R_wef=-0.978

    560     89523   163   +0.524  [0.55,0.28,0.18]   11317   3671   1085  +0.9704  -0.9229  -1.0000
    570     91137   159   +0.991  [0.84,0.03,0.14]   10928   4302   1033  +0.8682  -0.9365  -1.0000
    580     92719   152   -0.189  [0.20,0.20,0.59]   10990   3824   1133  +0.8844  -0.9282  -1.0000
    590     94310   166   +0.632  [0.70,0.06,0.24]   10334   5062   1031  +0.7125  -0.9490  -1.0000
    600     95893   160   +0.527  [0.68,0.29,0.03]   10060   4714   1270  +0.6405  -0.9466  -1.0000

  ── rolling mean (last 50 ep) ──  cum_R=+0.105  yield=10952 kg/ha  N=4104  W=1083 mm  R_yld=+0.827  R_ane=-0.933  R_wef=-0.997

    610     97490   165   +0.163  [0.48,0.24,0.29]    9654   4184   1083  +0.5338  -0.9423  -1.0000
    620     99089   159   -0.082  [0.32,0.39,0.29]    9994   3871   1460  +0.6231  -0.9355  -1.0000
    630    100604    57   +0.286  [0.02,0.06,0.92]       0   1410    294  -1.0000  -1.0000  +0.2637
    640    102223   163   -0.133  [0.26,0.55,0.19]   10300   4357   1399  +0.7033  -0.9409  -1.0000
    650    103850   163   +0.432  [0.63,0.37,0.01]   10122   5124   1343  +0.6566  -0.9506  -1.0000

  ── rolling mean (last 50 ep) ──  cum_R=+0.006  yield=10753 kg/ha  N=3908  W=1118 mm  R_yld=+0.787  R_ane=-0.931  R_wef=-0.968

    660    105457   160   +1.011  [0.79,0.17,0.04]   11514   4437   1138  +1.0000  -0.9351  -1.0000
    670    107052   157   +1.254  [0.91,0.01,0.08]   13626   3373    900  +1.0000  -0.8990  -1.0000
    680    108651   156   +0.487  [0.64,0.32,0.03]    9984   3462   1133  +0.6204  -0.9279  -1.0000
    690    110237   161   +0.578  [0.67,0.18,0.15]   10472   4436   1278  +0.7485  -0.9410  -1.0000
    700    111838   158   -0.055  [0.26,0.39,0.35]   11026   4231   1020  +0.8938  -0.9348  -1.0000

  ── rolling mean (last 50 ep) ──  cum_R=+0.091  yield=11207 kg/ha  N=3983  W=1075 mm  R_yld=+0.872  R_ane=-0.929  R_wef=-0.998

    710    113444   164   -0.379  [0.08,0.50,0.42]   11067   3867   1019  +0.9047  -0.9284  -1.0000
    720    115027   161   -0.515  [0.01,0.40,0.59]   11234   4427   1158  +0.9485  -0.9366  -1.0000
    730    116615   156   -0.222  [0.17,0.66,0.17]   10964   3900   1083  +0.8777  -0.9297  -1.0000
    740    118216   155   +0.153  [0.46,0.16,0.38]   10052   4236   1021  +0.6385  -0.9407  -1.0000
    750    119820   157   +0.904  [0.78,0.14,0.08]   10867   3160    960  +0.8522  -0.9140  -1.0000

  ── rolling mean (last 50 ep) ──  cum_R=+0.151  yield=11065 kg/ha  N=4047  W=1066 mm  R_yld=+0.848  R_ane=-0.931  R_wef=-0.999

    760    121404   159   -0.206  [0.15,0.58,0.27]   10640   2784    887  +0.7925  -0.9045  -1.0000
    770    123001   155   -0.280  [0.14,0.19,0.68]   11009   3726    935  +0.8894  -0.9261  -1.0000
    780    124590   166   +0.341  [0.46,0.45,0.09]   11265   3488   1305  +0.9566  -0.9193  -1.0000
    790    126185   162   -0.323  [0.08,0.85,0.07]   12145   3839    960  +1.0000  -0.9209  -1.0000
    800    127793   158   +0.101  [0.42,0.52,0.06]    9599   3976   1124  +0.5195  -0.9396  -1.0000

  ── rolling mean (last 50 ep) ──  cum_R=-0.029  yield=10873 kg/ha  N=3982  W=972 mm  R_yld=+0.787  R_ane=-0.931  R_wef=-1.000

    810    129402   158   +0.698  [0.79,0.01,0.19]   10018   4404    931  +0.6294  -0.9431  -1.0000
    820    130999   164   -0.015  [0.25,0.12,0.63]   12348   4125    894  +1.0000  -0.9252  -1.0000
    830    132593   163   +0.138  [0.36,0.10,0.54]   11264   4385    911  +0.9564  -0.9358  -1.0000
    840    134187   155   -0.117  [0.19,0.78,0.03]   11111   3701    880  +0.9162  -0.9249  -1.0000
    850    135788   164   +0.629  [0.58,0.33,0.09]   11309   4363    939  +0.9682  -0.9352  -1.0000

  ── rolling mean (last 50 ep) ──  cum_R=+0.146  yield=10888 kg/ha  N=4092  W=914 mm  R_yld=+0.817  R_ane=-0.933  R_wef=-0.986

    860    137405   164   +0.506  [0.59,0.34,0.07]   10632   4253    868  +0.7906  -0.9375  -1.0000
    870    139000   160   -0.302  [0.09,0.54,0.38]   11969   4056    822  +1.0000  -0.9262  -1.0000
    880    140599   155   -0.338  [0.06,0.24,0.70]    9824   3999    752  +0.5785  -0.9386  -0.8787
    890    142208   164   +0.102  [0.31,0.34,0.35]   11848   3825   1002  +1.0000  -0.9226  -1.0000
    900    143798   155   -0.217  [0.14,0.70,0.16]   11489   4492    787  +1.0000  -0.9361  -0.9678

  ── rolling mean (last 50 ep) ──  cum_R=+0.082  yield=10756 kg/ha  N=4074  W=849 mm  R_yld=+0.777  R_ane=-0.933  R_wef=-0.949

    910    145419   161   +1.103  [0.79,0.17,0.04]   11893   4394    821  +1.0000  -0.9323  -1.0000
    920    147018   158   +0.273  [0.43,0.50,0.07]   10918   4260    875  +0.8658  -0.9359  -1.0000
    930    148598   163   -0.296  [0.01,0.60,0.39]   12379   4445    713  +1.0000  -0.9304  -0.7820
    940    150171   162   +1.290  [0.96,0.03,0.01]   10944   3795    981  +0.8724  -0.9279  -1.0000
    950    151765   159   +0.300  [0.47,0.16,0.37]   10812   4012    873  +0.8379  -0.9326  -1.0000

  ── rolling mean (last 50 ep) ──  cum_R=+0.130  yield=10810 kg/ha  N=4003  W=842 mm  R_yld=+0.801  R_ane=-0.932  R_wef=-0.938

    960    153361   159   +0.097  [0.24,0.38,0.39]   10522   3332    652  +0.7618  -0.9210  -0.6296
    970    154991   159   -0.441  [0.02,0.71,0.27]   12567   4295    835  +1.0000  -0.9269  -1.0000
    980    156590   155   -0.040  [0.24,0.73,0.03]   11264   3741    821  +0.9565  -0.9247  -1.0000
    990    158186   162   +0.107  [0.30,0.60,0.09]   11244   3438    988  +0.9512  -0.9182  -1.0000
   1000    159761   158   -0.254  [0.08,0.01,0.91]   11431   3235    760  +1.0000  -0.9116  -0.8995

  ── rolling mean (last 50 ep) ──  cum_R=+0.033  yield=10778 kg/ha  N=3760  W=846 mm  R_yld=+0.784  R_ane=-0.928  R_wef=-0.941

   1010    161358   160   -0.058  [0.27,0.60,0.13]   10733   3773    970  +0.8171  -0.9289  -1.0000
   1020    162961   159   +0.615  [0.59,0.14,0.27]   11843   3962   1043  +1.0000  -0.9253  -1.0000
   1030    164578   165   +0.113  [0.30,0.42,0.29]   11906   3987    944  +1.0000  -0.9253  -1.0000
   1040    166171   157   -0.353  [0.07,0.61,0.32]   12750   3971    877  +1.0000  -0.9197  -1.0000
   1050    167773   161   -0.023  [0.29,0.28,0.44]   10766   3633    846  +0.8257  -0.9259  -1.0000

  ── rolling mean (last 50 ep) ──  cum_R=-0.020  yield=10977 kg/ha  N=3811  W=916 mm  R_yld=+0.839  R_ane=-0.927  R_wef=-0.987

   1060    169374   163   -0.467  [0.03,0.10,0.87]    9662   3925    983  +0.5360  -0.9385  -1.0000
   1070    170960   161   +0.071  [0.30,0.39,0.32]   11763   3645   1008  +1.0000  -0.9193  -1.0000
   1080    172554   161   +1.109  [0.84,0.07,0.08]   12171   4164   1131  +1.0000  -0.9269  -1.0000
   1090    174163   156   +0.426  [0.67,0.22,0.10]    9352   3889    957  +0.4546  -0.9399  -1.0000
   1100    175767   159   +0.130  [0.36,0.34,0.30]   10855   3820    941  +0.8491  -0.9290  -1.0000

  ── rolling mean (last 50 ep) ──  cum_R=+0.083  yield=11063 kg/ha  N=3960  W=962 mm  R_yld=+0.841  R_ane=-0.929  R_wef=-0.995

   1110    177370   160   -0.004  [0.30,0.62,0.08]   10864   3863    958  +0.8515  -0.9297  -1.0000
   1120    178957   165   +0.655  [0.59,0.29,0.13]   11721   3071    895  +1.0000  -0.9046  -1.0000
   1130    180554   156   -0.258  [0.18,0.10,0.72]    9318   3745    811  +0.4456  -0.9378  -1.0000
   1140    182168   165   -0.443  [0.01,0.94,0.05]   10312   4056    887  +0.7066  -0.9364  -1.0000
   1150    183792   156   +0.157  [0.43,0.17,0.40]    9728   4197    849  +0.5532  -0.9421  -1.0000

  ── rolling mean (last 50 ep) ──  cum_R=+0.025  yield=10844 kg/ha  N=3985  W=923 mm  R_yld=+0.821  R_ane=-0.931  R_wef=-0.988

   1160    185397   155   -0.060  [0.26,0.43,0.32]   10928   4067    908  +0.8681  -0.9328  -1.0000
   1170    186979   154   +0.210  [0.36,0.16,0.48]   10372   3031    726  +0.7223  -0.9145  -0.8141
   1180    188566   158   +0.260  [0.41,0.28,0.31]   10654   3888    747  +0.7963  -0.9315  -0.8665
   1190    190143   158   +0.114  [0.32,0.53,0.15]   12018   3805    990  +1.0000  -0.9210  -1.0000
