==============================================================================
CAPQL — Concave-augmented Pareto Q-Learning
==============================================================================
  Backbone                   TD3  (Twin Delayed Deep Deterministic PG)
  Objectives                 [R_yield, R_ane, R_water_eff]
  Preference dist.           w ~ Dirichlet([1, 1, 1])
  Augmentation               λ·mean(log(Rᵢ + 1 + ε))
  AUG_LAMBDA  λ              0.5
  AUG_EPS     ε              0.1
  Hindsight relabeling       True

  total_steps                1,000,000
  warmup_steps               5,000
  buffer_size                200,000
  batch_size                 256
  lr_actor / lr_critic       0.0003 / 0.0003
  gamma                      0.99
  tau                        0.005
  policy_freq                2
  hidden_size                256
  device                     cpu
==============================================================================

     ep      step   len    cum_R               w   yield      N      W    R_yld    R_ane    R_wef
  -----  --------  ----  -------  --------------  ------  -----  -----  -------  -------  -------
     10      1597   162   +0.507  [0.64,0.11,0.25]   11536  16072   3752  +1.0000  -0.9821  -1.0000
     20      3208   164   -0.334  [0.20,0.74,0.06]   11021   9156   4048  +0.8926  -0.9699  -1.0000
     30      4792   161   -0.673  [0.04,0.54,0.43]   10688  12200   3416  +0.8051  -0.9781  -1.0000
     40      6391   157   +0.003  [0.30,0.04,0.66]   10798   3706    880  +0.8341  -0.9272  -1.0000
     50      8003   165   +0.633  [0.66,0.20,0.13]   10767   4964   1145  +0.8260  -0.9458  -1.0000

  ── rolling mean (last 50 ep) ──  cum_R=+0.042  yield=10993 kg/ha  N=10414  W=2598 mm  R_yld=+0.821  R_ane=-0.963  R_wef=-0.993

     60      9603   163   -0.307  [0.13,0.42,0.45]   11871   4097   1214  +1.0000  -0.9276  -1.0000
     70     11201   158   -0.556  [0.00,0.23,0.77]   11257   4423    937  +0.9546  -0.9364  -1.0000
     80     12791   154   +1.244  [0.91,0.02,0.08]   12694   3341   1069  +1.0000  -0.9050  -1.0000
     90     14391   156   -0.289  [0.10,0.87,0.04]   12360   2321   1170  +1.0000  -0.8669  -1.0000
    100     15991   163   -0.492  [0.02,0.45,0.53]   11055   3460   1041  +0.9017  -0.9201  -1.0000

  ── rolling mean (last 50 ep) ──  cum_R=+0.129  yield=11103 kg/ha  N=3824  W=1073 mm  R_yld=+0.847  R_ane=-0.926  R_wef=-0.990

    110     17618   162   +0.414  [0.51,0.37,0.12]   10835   3340   1168  +0.8439  -0.9189  -1.0000
    120     19211   156   +0.004  [0.29,0.01,0.70]   11307   4257    842  +0.9677  -0.9336  -1.0000
    130     20805   163   +0.600  [0.64,0.08,0.28]   10662   4116   1144  +0.7986  -0.9352  -1.0000
    140     22409   157   -0.343  [0.09,0.37,0.54]   12463   3878    950  +1.0000  -0.9197  -1.0000
    150     23997   158   +0.272  [0.39,0.57,0.04]   11445   3369   1184  +1.0000  -0.9151  -1.0000

  ── rolling mean (last 50 ep) ──  cum_R=+0.004  yield=10817 kg/ha  N=3841  W=1044 mm  R_yld=+0.776  R_ane=-0.929  R_wef=-0.976

    160     25621   164   -0.054  [0.22,0.06,0.72]   11168   3264    945  +0.9311  -0.9145  -1.0000
    170     27210   164   +0.147  [0.34,0.33,0.33]   12086   4082   1081  +1.0000  -0.9260  -1.0000
    180     28812   159   +0.311  [0.42,0.15,0.44]   11620   3820    984  +1.0000  -0.9239  -1.0000
    190     30387   161   +0.354  [0.44,0.10,0.45]   11731   4000   1017  +1.0000  -0.9267  -1.0000
    200     31987   159   -0.046  [0.30,0.39,0.30]   10654   4043   1514  +0.7963  -0.9341  -1.0000

  ── rolling mean (last 50 ep) ──  cum_R=+0.133  yield=10918 kg/ha  N=3854  W=1125 mm  R_yld=+0.811  R_ane=-0.928  R_wef=-0.990

    210     33485   157   +0.486  [0.64,0.05,0.31]   10301   3348   1382  +0.7036  -0.9231  -1.0000
    220     35101   164   -0.532  [0.03,0.07,0.90]   10253   4028    877  +0.6911  -0.9364  -1.0000
    230     36707   156   +0.669  [0.89,0.10,0.01]    9299   3993   1180  +0.4408  -0.9418  -1.0000
    240     38311   163   +0.136  [0.36,0.53,0.11]   11176   4063   1269  +0.9332  -0.9312  -1.0000
    250     39932   161   -0.268  [0.18,0.22,0.61]   10280   3704   1175  +0.6981  -0.9306  -1.0000

  ── rolling mean (last 50 ep) ──  cum_R=+0.085  yield=10633 kg/ha  N=3794  W=1249 mm  R_yld=+0.765  R_ane=-0.930  R_wef=-0.979

    260     41515   161   -0.494  [0.01,0.55,0.44]   12123   3351   1165  +1.0000  -0.9095  -1.0000
    270     43118   155   -0.088  [0.22,0.63,0.15]   11243   3155   1072  +0.9510  -0.9109  -1.0000
    280     44725   159   -0.118  [0.30,0.68,0.02]    8674   3873    951  +0.2767  -0.9440  -1.0000
    290     46317   167   +0.143  [0.39,0.07,0.54]   11203   4826   1402  +0.9405  -0.9420  -1.0000
    300     47916   157   +0.450  [0.56,0.22,0.22]   10744   3670   1185  +0.8200  -0.9268  -1.0000

  ── rolling mean (last 50 ep) ──  cum_R=+0.004  yield=10966 kg/ha  N=3770  W=1204 mm  R_yld=+0.830  R_ane=-0.926  R_wef=-0.992

    310     49508   154   +0.473  [0.66,0.32,0.02]    9814   3786    961  +0.5759  -0.9352  -1.0000
    320     51124   162   -0.435  [0.01,0.92,0.07]   11254   2307   1342  +0.9538  -0.8780  -1.0000
    330     52726   154   +0.314  [0.42,0.58,0.00]   12070   3234   1283  +1.0000  -0.9067  -1.0000
    340     54326   161   -0.241  [0.14,0.73,0.13]   12283   3021   1215  +1.0000  -0.8983  -1.0000
    350     55939   160   -0.460  [0.06,0.54,0.40]   10344   3287   1319  +0.7149  -0.9213  -1.0000

  ── rolling mean (last 50 ep) ──  cum_R=-0.023  yield=11309 kg/ha  N=3800  W=1294 mm  R_yld=+0.883  R_ane=-0.924  R_wef=-0.995

    360     57545   158   -0.356  [0.03,0.93,0.04]   12291   2110   1085  +1.0000  -0.8544  -1.0000
    370     59156   160   +0.312  [0.45,0.25,0.30]   12672   5078   1419  +1.0000  -0.9376  -1.0000
    380     60748   162   -0.285  [0.14,0.77,0.08]   10738   3230   1478  +0.8185  -0.9169  -1.0000
    390     62328   157   +0.785  [0.68,0.17,0.14]   11980   2942   1352  +1.0000  -0.8982  -1.0000
    400     63932   170   -0.039  [0.32,0.18,0.50]   10628   3787   1464  +0.7895  -0.9298  -1.0000

  ── rolling mean (last 50 ep) ──  cum_R=+0.035  yield=11263 kg/ha  N=3766  W=1319 mm  R_yld=+0.886  R_ane=-0.923  R_wef=-1.000

    410     65532   156   +0.126  [0.47,0.30,0.23]    9494   3884   1179  +0.4918  -0.9389  -1.0000
    420     67123   157   +0.354  [0.46,0.34,0.21]   11771   3513   1252  +1.0000  -0.9162  -1.0000
    430     68728   158   -0.411  [0.07,0.78,0.15]   10820   3255   1276  +0.8400  -0.9169  -1.0000
    440     70331   161   +0.425  [0.50,0.31,0.20]   12053   3372   1330  +1.0000  -0.9106  -1.0000
    450     71926   165   +0.161  [0.39,0.11,0.50]   11095   3964   1294  +0.9120  -0.9300  -1.0000

  ── rolling mean (last 50 ep) ──  cum_R=-0.057  yield=10931 kg/ha  N=3822  W=1264 mm  R_yld=+0.843  R_ane=-0.927  R_wef=-1.000

    460     73511   158   -0.148  [0.24,0.28,0.48]   11099   4154   1291  +0.9131  -0.9332  -1.0000
    470     75106   164   -0.245  [0.15,0.67,0.18]   10701   3186   1350  +0.8087  -0.9160  -1.0000
    480     76690   162   -0.337  [0.12,0.30,0.58]   11411   3407   1221  +0.9951  -0.9163  -1.0000
    490     78280   165   -0.444  [0.06,0.61,0.32]   10312   3440   1252  +0.7066  -0.9251  -1.0000
    500     79864   153   -0.594  [0.00,0.36,0.64]    9474   3769    987  +0.4866  -0.9372  -1.0000

  ── rolling mean (last 50 ep) ──  cum_R=+0.062  yield=10981 kg/ha  N=3674  W=1228 mm  R_yld=+0.829  R_ane=-0.924  R_wef=-0.995

    510     81490   160   +0.030  [0.35,0.31,0.34]   10309   3623   1122  +0.7058  -0.9289  -1.0000
    520     83100   163   -0.360  [0.10,0.50,0.41]   11237   4129   1226  +0.9494  -0.9320  -1.0000
    530     84702   161   -0.238  [0.22,0.68,0.10]    8980   3334   1087  +0.3569  -0.9327  -1.0000
    540     86295   159   +0.088  [0.32,0.64,0.04]   11227   3366   1194  +0.9468  -0.9166  -1.0000
    550     87906   164   +0.539  [0.61,0.35,0.03]   10704   3932   1309  +0.8096  -0.9319  -1.0000

  ── rolling mean (last 50 ep) ──  cum_R=-0.038  yield=10967 kg/ha  N=3793  W=1161 mm  R_yld=+0.846  R_ane=-0.926  R_wef=-1.000

    560     89523   163   -0.475  [0.05,0.41,0.55]   11317   3512   1220  +0.9704  -0.9195  -1.0000
    570     91137   159   -0.544  [0.02,0.25,0.73]   10987   3530   1029  +0.8838  -0.9222  -1.0000
    580     92719   152   -0.118  [0.25,0.04,0.71]   10993   2716    949  +0.8853  -0.8988  -1.0000
    590     94310   166   -0.187  [0.23,0.50,0.27]   10365   4791   1512  +0.7204  -0.9459  -1.0000
    600     95893   160   -0.249  [0.22,0.39,0.39]   10060   4759   1272  +0.6405  -0.9472  -1.0000

  ── rolling mean (last 50 ep) ──  cum_R=-0.011  yield=11045 kg/ha  N=4028  W=1195 mm  R_yld=+0.843  R_ane=-0.929  R_wef=-1.000

    610     97490   165   -0.391  [0.04,0.83,0.13]    9654   3888    924  +0.5338  -0.9379  -1.0000
    620     99089   159   +0.041  [0.38,0.02,0.61]    9783   3666    838  +0.5677  -0.9333  -1.0000
    630    100604    57   -0.545  [0.68,0.08,0.23]       0   1747    239  -1.0000  -1.0000  +0.4015
    640    102223   163   +0.169  [0.41,0.59,0.00]   10300   3740    977  +0.7033  -0.9312  -1.0000
    650    103850   163   -0.513  [0.01,0.32,0.68]    9866   3662    987  +0.5896  -0.9326  -1.0000

  ── rolling mean (last 50 ep) ──  cum_R=+0.076  yield=10693 kg/ha  N=4121  W=963 mm  R_yld=+0.767  R_ane=-0.935  R_wef=-0.967

    660    105457   160   -0.061  [0.23,0.10,0.67]   11514   4364    837  +1.0000  -0.9340  -1.0000
    670    107052   157   +0.530  [0.56,0.09,0.35]   13626   4181   1062  +1.0000  -0.9185  -1.0000
    680    108651   156   -0.030  [0.12,0.03,0.85]    9984   5266    657  +0.6204  -0.9526  -0.6416
    690    110237   161   +0.138  [0.12,0.04,0.84]   10434   4404    594  +0.7387  -0.9408  -0.4851
    700    111838   158   -0.504  [0.01,0.32,0.67]   10984   4285    849  +0.8829  -0.9359  -1.0000

  ── rolling mean (last 50 ep) ──  cum_R=+0.030  yield=10952 kg/ha  N=3940  W=898 mm  R_yld=+0.821  R_ane=-0.930  R_wef=-0.943

    710    113444   164   +0.588  [0.80,0.03,0.17]    9134   3246    966  +0.3973  -0.9297  -1.0000
    720    115027   161   -0.100  [0.21,0.70,0.09]   10647   3486    878  +0.7945  -0.9236  -1.0000
    730    116615   156   +0.458  [0.54,0.27,0.19]   10964   3919   1024  +0.8777  -0.9301  -1.0000
    740    118216   155   +0.284  [0.51,0.29,0.19]   10046   3924    859  +0.6368  -0.9360  -1.0000
    750    119820   157   +0.257  [0.39,0.54,0.07]   11532   3673    973  +1.0000  -0.9215  -1.0000

  ── rolling mean (last 50 ep) ──  cum_R=+0.125  yield=10854 kg/ha  N=3965  W=873 mm  R_yld=+0.808  R_ane=-0.931  R_wef=-0.902

    760    121404   159   -0.525  [0.00,0.55,0.45]   10656   3182   1045  +0.7969  -0.9163  -1.0000
    770    123001   155   +0.221  [0.38,0.33,0.29]   11009   3644    817  +0.8894  -0.9245  -1.0000
    780    124590   166   -0.083  [0.24,0.29,0.47]   11265   4244    828  +0.9566  -0.9336  -1.0000
    790    126185   162   +0.774  [0.65,0.24,0.11]   12145   3715    924  +1.0000  -0.9183  -1.0000
    800    127793   158   -0.334  [0.07,0.85,0.08]    9673   3134    774  +0.5390  -0.9228  -0.9349

  ── rolling mean (last 50 ep) ──  cum_R=+0.082  yield=10773 kg/ha  N=3872  W=861 mm  R_yld=+0.771  R_ane=-0.929  R_wef=-0.949

    810    129402   158   -0.449  [0.06,0.70,0.24]   10017   3911   1007  +0.6292  -0.9360  -1.0000
    820    130999   164   +0.781  [0.67,0.04,0.28]   12348   2739   1100  +1.0000  -0.8873  -1.0000
    830    132593   163   +0.496  [0.62,0.37,0.01]   10062   3749    882  +0.6411  -0.9329  -1.0000
    840    134187   155   +0.066  [0.28,0.57,0.16]   11370   3690    853  +0.9841  -0.9230  -1.0000
    850    135788   164   -0.006  [0.27,0.05,0.68]   11664   3578    857  +1.0000  -0.9185  -1.0000

  ── rolling mean (last 50 ep) ──  cum_R=+0.059  yield=10869 kg/ha  N=3734  W=862 mm  R_yld=+0.812  R_ane=-0.926  R_wef=-0.958

    860    137405   164   -0.059  [0.29,0.71,0.00]    9468   3931    728  +0.4851  -0.9398  -0.8196
    870    139000   160   -0.236  [0.17,0.11,0.72]   10055   3720    806  +0.6392  -0.9324  -1.0000
    880    140599   155   -0.010  [0.27,0.62,0.10]   10176   3720    786  +0.6710  -0.9316  -0.9645
    890    142208   164   +0.432  [0.44,0.43,0.14]   11803   3847    791  +1.0000  -0.9233  -0.9768
    900    143798   155   +0.050  [0.30,0.35,0.34]   11423   3649    993  +0.9983  -0.9217  -1.0000

  ── rolling mean (last 50 ep) ──  cum_R=+0.157  yield=10607 kg/ha  N=3769  W=802 mm  R_yld=+0.746  R_ane=-0.928  R_wef=-0.914

    910    145419   161   +0.069  [0.08,0.09,0.83]   12380   4094    618  +1.0000  -0.9244  -0.5441
    920    147018   158   +0.567  [0.59,0.40,0.01]   10918   4024    874  +0.8658  -0.9322  -1.0000
    930    148598   163   -0.039  [0.04,0.25,0.70]   12299   4502    616  +1.0000  -0.9317  -0.5403
    940    150171   162   -0.234  [0.16,0.46,0.38]    8846   4392    762  +0.3219  -0.9496  -0.9037
    950    151765   159   -0.332  [0.02,0.82,0.16]   10247   3272    649  +0.6895  -0.9217  -0.6223

  ── rolling mean (last 50 ep) ──  cum_R=+0.147  yield=10616 kg/ha  N=3878  W=802 mm  R_yld=+0.742  R_ane=-0.931  R_wef=-0.904

    960    153361   159   -0.441  [0.05,0.48,0.47]   11653   4147    879  +1.0000  -0.9298  -1.0000
    970    154991   159   -0.382  [0.05,0.70,0.25]   12700   3923    908  +1.0000  -0.9191  -1.0000
    980    156590   155   -0.375  [0.04,0.86,0.10]    9536   2650    847  +0.5028  -0.9100  -1.0000
    990    158186   162   +0.118  [0.34,0.65,0.00]    9582   3164    704  +0.5149  -0.9243  -0.7603
   1000    159761   158   +0.428  [0.48,0.07,0.46]   11435   3616    818  +1.0000  -0.9209  -1.0000

  ── rolling mean (last 50 ep) ──  cum_R=+0.166  yield=10929 kg/ha  N=3885  W=858 mm  R_yld=+0.823  R_ane=-0.928  R_wef=-0.949

   1010    161358   160   +0.232  [0.46,0.17,0.38]   10733   4862   1062  +0.8171  -0.9448  -1.0000
   1020    162961   159   +0.936  [0.71,0.12,0.16]   11560   3873    921  +1.0000  -0.9254  -1.0000
   1030    164578   165   -0.199  [0.15,0.57,0.28]   12347   3619    980  +1.0000  -0.9147  -1.0000
   1040    166171   157   +0.354  [0.71,0.18,0.11]    8495   4265    910  +0.2296  -0.9502  -1.0000
   1050    167773   161   -0.119  [0.22,0.41,0.36]   10766   3790    804  +0.8257  -0.9290  -1.0000

  ── rolling mean (last 50 ep) ──  cum_R=+0.086  yield=10864 kg/ha  N=3681  W=919 mm  R_yld=+0.818  R_ane=-0.925  R_wef=-0.977

   1060    169374   163   +0.763  [0.80,0.13,0.07]    9755   3812    896  +0.5605  -0.9360  -1.0000
   1070    170960   161   +0.131  [0.30,0.36,0.34]   11347   3609    753  +0.9782  -0.9214  -0.8817
   1080    172554   161   -0.088  [0.18,0.71,0.11]   12171   3512    829  +1.0000  -0.9134  -1.0000
   1090    174163   156   +0.534  [0.67,0.09,0.25]    9872   3345    776  +0.5910  -0.9262  -0.9392
   1100    175767   159   +0.556  [0.56,0.16,0.28]   10896   3665    740  +0.8598  -0.9257  -0.8499

  ── rolling mean (last 50 ep) ──  cum_R=+0.081  yield=10906 kg/ha  N=3763  W=832 mm  R_yld=+0.812  R_ane=-0.927  R_wef=-0.938

   1110    177370   160   -0.431  [0.02,0.96,0.02]   10864   2475    901  +0.8515  -0.8903  -1.0000
   1120    178957   165   -0.188  [0.12,0.86,0.02]   11721   2981    848  +1.0000  -0.9017  -1.0000
   1130    180554   156   -0.217  [0.12,0.73,0.15]    9680   2722    732  +0.5406  -0.9111  -0.8287
   1140    182168   165   +0.598  [0.77,0.21,0.02]    9539   4104    953  +0.5037  -0.9419  -1.0000
   1150    183792   156   +0.242  [0.34,0.14,0.52]   11600   3501    774  +1.0000  -0.9172  -0.9362

  ── rolling mean (last 50 ep) ──  cum_R=+0.129  yield=10629 kg/ha  N=3646  W=827 mm  R_yld=+0.775  R_ane=-0.925  R_wef=-0.935

   1160    185397   155   -0.271  [0.15,0.14,0.71]   10928   3403    800  +0.8681  -0.9197  -1.0000
   1170    186979   154   -0.239  [0.61,0.37,0.02]    5514   3197    716  -0.5528  -0.9569  -0.7897
   1180    188566   158   +0.828  [0.75,0.22,0.03]   10632   3411    883  +0.7905  -0.9221  -1.0000
   1190    190143   158   +0.906  [0.72,0.04,0.25]   11790   3320    799  +1.0000  -0.9112  -0.9975
   1200    191745   161   +0.317  [0.39,0.42,0.20]   11000   4084    723  +0.8871  -0.9327  -0.8076

  ── rolling mean (last 50 ep) ──  cum_R=+0.044  yield=10517 kg/ha  N=3545  W=818 mm  R_yld=+0.731  R_ane=-0.925  R_wef=-0.951

   1210    193342   163   +0.723  [0.63,0.02,0.36]   11935   3752    963  +1.0000  -0.9205  -1.0000
   1220    194926   161   -0.144  [0.04,0.16,0.79]    9676   4435    670  +0.5397  -0.9455  -0.6746
   1230    196544   162   -0.379  [0.04,0.39,0.57]   10342   3968    804  +0.7144  -0.9348  -1.0000
   1240    198131   154   -0.104  [0.16,0.05,0.78]   11519   3804    733  +1.0000  -0.9243  -0.8335
   1250    199747   156   +0.268  [0.39,0.60,0.01]   11816   3972    770  +1.0000  -0.9256  -0.9261

  ── rolling mean (last 50 ep) ──  cum_R=+0.111  yield=10673 kg/ha  N=3842  W=812 mm  R_yld=+0.763  R_ane=-0.930  R_wef=-0.939

   1260    201327   155   +0.828  [0.71,0.11,0.18]   11388   3564    981  +0.9890  -0.9201  -1.0000
   1270    202906   164   +0.223  [0.36,0.45,0.18]   11040   4059    766  +0.8977  -0.9320  -0.9143
   1280    204490   164   -0.203  [0.15,0.06,0.79]   11611   4066    794  +1.0000  -0.9286  -0.9849
   1290    206086   162   -0.255  [0.32,0.38,0.31]    7175   3876    820  -0.1167  -0.9537  -1.0000
   1300    207680   160   +1.322  [0.94,0.00,0.05]   12605   3123    832  +1.0000  -0.8991  -1.0000

  ── rolling mean (last 50 ep) ──  cum_R=+0.146  yield=10474 kg/ha  N=3932  W=800 mm  R_yld=+0.696  R_ane=-0.933  R_wef=-0.928

   1310    209259   165   +0.657  [0.60,0.07,0.33]   11429   3394    908  +0.9998  -0.9158  -1.0000
   1320    210860   162   +1.076  [0.78,0.01,0.21]   12211   3720    748  +1.0000  -0.9179  -0.8691
   1330    212454   154   -0.243  [0.08,0.52,0.40]    9632   3740    710  +0.5279  -0.9356  -0.7756
   1340    214066   163   +0.285  [0.40,0.48,0.12]   11080   4005    834  +0.9082  -0.9308  -1.0000
   1350    215552   158   +0.115  [0.38,0.58,0.03]    9819   3815    707  +0.5771  -0.9357  -0.7665

  ── rolling mean (last 50 ep) ──  cum_R=+0.133  yield=10420 kg/ha  N=3738  W=766 mm  R_yld=+0.710  R_ane=-0.932  R_wef=-0.867

   1360    217176   158   -0.178  [0.14,0.47,0.39]   11313   3739    772  +0.9694  -0.9244  -0.9298
   1370    218783   154   -0.155  [0.18,0.79,0.03]   10849   3812    566  +0.8475  -0.9289  -0.4162
   1380    220392   163   -0.191  [0.11,0.78,0.10]   10599   3211    780  +0.7820  -0.9175  -0.9511
   1390    222000   164   +0.335  [0.34,0.36,0.30]   11232   3898    642  +0.9479  -0.9280  -0.6040
   1400    223602   155   +0.148  [0.34,0.31,0.35]    9681   3733    662  +0.5410  -0.9352  -0.6560

  ── rolling mean (last 50 ep) ──  cum_R=+0.152  yield=10685 kg/ha  N=3725  W=735 mm  R_yld=+0.766  R_ane=-0.928  R_wef=-0.802

   1410    225209   162   +0.013  [0.17,0.24,0.59]   10735   3583    662  +0.8176  -0.9251  -0.6550
   1420    226802   153   +0.154  [0.31,0.52,0.16]   12233   3797    671  +1.0000  -0.9195  -0.6764
   1430    228398   157   -0.503  [0.02,0.40,0.58]   11368   3397    808  +0.9836  -0.9163  -1.0000
   1440    230005   162   +0.573  [0.63,0.14,0.23]   10466   3394    814  +0.7470  -0.9229  -1.0000
   1450    231596   161   +0.298  [0.40,0.00,0.59]   10967   3401    749  +0.8785  -0.9194  -0.8719

  ── rolling mean (last 50 ep) ──  cum_R=+0.148  yield=10822 kg/ha  N=3760  W=726 mm  R_yld=+0.795  R_ane=-0.927  R_wef=-0.789

   1460    233205   164   +0.358  [0.52,0.11,0.37]   10262   3200    828  +0.6934  -0.9198  -1.0000
   1470    234823   162   -0.294  [0.06,0.88,0.07]   10628   3587    665  +0.7895  -0.9259  -0.6626
   1480    236421   164   +0.180  [0.35,0.22,0.43]   10324   4060    711  +0.7098  -0.9364  -0.7773
   1490    238013   155   +0.741  [0.68,0.03,0.29]   10660   3673    699  +0.7980  -0.9274  -0.7486
   1500    239613   161   -0.378  [0.02,0.78,0.20]   11290   3658    672  +0.9633  -0.9228  -0.6805

  ── rolling mean (last 50 ep) ──  cum_R=+0.180  yield=10754 kg/ha  N=3646  W=725 mm  R_yld=+0.781  R_ane=-0.926  R_wef=-0.787

   1510    241184   152   +0.387  [0.41,0.54,0.05]   11322   3720    669  +0.9717  -0.9239  -0.6725
   1520    242780   158   +0.722  [0.61,0.27,0.12]   12814   3120    793  +1.0000  -0.8973  -0.9819
   1530    244376   162   +0.628  [0.38,0.00,0.62]   11761   3832    595  +1.0000  -0.9233  -0.4874
   1540    245972   160   +0.396  [0.68,0.01,0.31]    8144   3531    622  +0.1377  -0.9423  -0.5544
   1550    247564   164   -0.087  [0.19,0.71,0.10]   11856   3777    748  +1.0000  -0.9215  -0.8707

  ── rolling mean (last 50 ep) ──  cum_R=+0.264  yield=10616 kg/ha  N=3630  W=721 mm  R_yld=+0.737  R_ane=-0.926  R_wef=-0.760

   1560    249163   157   +0.214  [0.36,0.38,0.25]   10268   3500    727  +0.6950  -0.9267  -0.8184
   1570    250777   158   +0.016  [0.12,0.41,0.47]   11229   3593    625  +0.9472  -0.9219  -0.5629
   1580    252374   161   +0.708  [0.59,0.34,0.06]   11330   3666    717  +0.9739  -0.9227  -0.7924
   1590    253977   158   +0.898  [0.69,0.04,0.27]   11885   3554    699  +1.0000  -0.9164  -0.7471
   1600    255579   164   -0.347  [0.01,0.86,0.12]   10757   3195    719  +0.8234  -0.9158  -0.7981

  ── rolling mean (last 50 ep) ──  cum_R=+0.118  yield=10919 kg/ha  N=3469  W=709 mm  R_yld=+0.805  R_ane=-0.921  R_wef=-0.755

   1610    257183   164   +0.569  [0.50,0.17,0.33]   12485   3955    740  +1.0000  -0.9211  -0.8504
   1620    258768   154   +0.292  [0.84,0.00,0.15]    7788   3066   1318  +0.0441  -0.9365  -1.0000
   1630    260366   156   -0.182  [0.03,0.33,0.65]    9590   3559    649  +0.5169  -0.9326  -0.6234
   1640    261992   164   +0.114  [0.12,0.07,0.81]   12133   3448    615  +1.0000  -0.9120  -0.5379
   1650    263593   162   +0.592  [0.56,0.06,0.38]   12130   3520    817  +1.0000  -0.9139  -1.0000

  ── rolling mean (last 50 ep) ──  cum_R=+0.173  yield=10537 kg/ha  N=3413  W=726 mm  R_yld=+0.740  R_ane=-0.922  R_wef=-0.777

   1660    265178   162   +0.542  [0.48,0.35,0.16]   11299   3111    660  +0.9656  -0.9092  -0.6488
   1670    266789   163   +0.080  [0.27,0.44,0.29]   10947   3544    696  +0.8731  -0.9228  -0.7411
   1680    268376   159   +0.611  [0.46,0.19,0.35]   11894   3359    631  +1.0000  -0.9115  -0.5786
   1690    269965   161   -0.012  [0.24,0.64,0.12]   11612   3056    798  +1.0000  -0.9050  -0.9947
   1700    271568   161   -0.106  [0.20,0.67,0.14]    9201   3546    648  +0.4150  -0.9351  -0.6208

  ── rolling mean (last 50 ep) ──  cum_R=+0.218  yield=10818 kg/ha  N=3398  W=692 mm  R_yld=+0.811  R_ane=-0.920  R_wef=-0.720

