==============================================================================
CAPQL — Concave-augmented Pareto Q-Learning
==============================================================================
  Backbone                   TD3  (Twin Delayed Deep Deterministic PG)
  Objectives                 [R_yield, R_ane, R_water_eff]
  Preference dist.           w ~ Dirichlet([1, 1, 1])
  Augmentation               λ·mean(log(Rᵢ + 1 + ε))
  AUG_LAMBDA  λ              0.5
  AUG_EPS     ε              0.1
  Hindsight relabeling       True

  total_steps                1,000,000
  warmup_steps               5,000
  buffer_size                200,000
  batch_size                 256
  lr_actor / lr_critic       0.0003 / 0.0003
  gamma                      0.99
  tau                        0.005
  policy_freq                2
  hidden_size                256
  device                     cpu
==============================================================================

     ep      step   len    cum_R               w   yield      N      W    R_yld    R_ane    R_wef
  -----  --------  ----  -------  --------------  ------  -----  -----  -------  -------  -------
     10      1597   162   +0.014  [0.37,0.15,0.48]   11536  14005   1862  +1.0000  -0.9794  -1.0000
     20      3208   164   +0.068  [0.41,0.50,0.10]   11021   6769   4192  +0.8926  -0.9593  -1.0000
     30      4792   161   -0.588  [0.05,0.53,0.42]   10688   6302   2294  +0.8051  -0.9576  -1.0000
     40      6391   157   +0.372  [0.50,0.42,0.07]   10550   2917    920  +0.7690  -0.9096  -1.0000
     50      8003   165   +0.427  [0.55,0.02,0.43]   10767   5106    866  +0.8260  -0.9473  -1.0000

  ── rolling mean (last 50 ep) ──  cum_R=+0.181  yield=10464 kg/ha  N=8567  W=2232 mm  R_yld=+0.688  R_ane=-0.938  R_wef=-0.907

     60      9603   163   +0.928  [0.06,0.04,0.90]    6520   4338    207  -0.2887  -0.9624  +0.4817
     70     11201   158   +0.101  [0.40,0.25,0.35]    9175   3091    730  +0.4080  -0.9258  -0.8257
     80     12791   154   -0.244  [0.00,0.60,0.39]   12574   2034    666  +1.0000  -0.8455  -0.6649
     90     14391   156   +1.032  [0.18,0.05,0.77]   10394   3517    207  +0.7281  -0.9261  +0.4829
    100     15991   163   +0.353  [0.45,0.51,0.05]   11071   2781   1140  +0.9058  -0.9005  -1.0000

  ── rolling mean (last 50 ep) ──  cum_R=+0.229  yield=10233 kg/ha  N=3041  W=825 mm  R_yld=+0.637  R_ane=-0.882  R_wef=-0.736

    110     17618   162   -0.031  [0.14,0.77,0.09]   10776    781   1056  +0.8283  -0.6549  -1.0000
    120     19211   156   +0.004  [0.28,0.33,0.38]   11642   3356   1039  +1.0000  -0.9133  -1.0000
    130     20805   163   +0.267  [0.11,0.24,0.65]    7918   5598    403  +0.0783  -0.9646  -0.0065
    140     22409   157   -0.183  [0.16,0.55,0.29]   12227   2622   1204  +1.0000  -0.8834  -1.0000
    150     23997   158   +1.306  [0.94,0.02,0.04]   11357   4202    974  +0.9808  -0.9324  -1.0000

  ── rolling mean (last 50 ep) ──  cum_R=+0.343  yield=10675 kg/ha  N=3923  W=898 mm  R_yld=+0.731  R_ane=-0.898  R_wef=-0.794

    160     25621   164   -0.786  [0.06,0.90,0.04]    4926    158   1225  -0.7070  -1.0000  -1.0000
    170     27210   164   +0.305  [0.05,0.27,0.67]   10242   4070    405  +0.6882  -0.9371  -0.0124
    180     28812   159   -0.046  [0.00,0.87,0.12]    9206    272    979  +0.4162  -0.1546  -1.0000
    190     30387   161   +0.734  [0.65,0.09,0.26]   12843   3438    942  +1.0000  -0.9066  -1.0000
    200     31987   159   +0.566  [0.13,0.19,0.68]   10482   3458    388  +0.7512  -0.9242  +0.0295

  ── rolling mean (last 50 ep) ──  cum_R=+0.332  yield=10094 kg/ha  N=3360  W=782 mm  R_yld=+0.606  R_ane=-0.893  R_wef=-0.712

    210     33485   157   -0.083  [0.11,0.38,0.51]   10228   3245    638  +0.6846  -0.9212  -0.5959
    220     35101   164   +0.463  [0.57,0.30,0.13]   10244   3243   1063  +0.6886  -0.9210  -1.0000
    230     36707   156   +0.807  [0.21,0.04,0.75]    6043   3672    242  -0.4140  -0.9589  +0.3952
    240     38311   163   +0.415  [0.06,0.25,0.70]   10720   4269    368  +0.8137  -0.9372  +0.0792
    250     39932   161   +0.510  [0.63,0.25,0.12]   10280   4159   1014  +0.6981  -0.9382  -1.0000

  ── rolling mean (last 50 ep) ──  cum_R=+0.241  yield=10193 kg/ha  N=3193  W=851 mm  R_yld=+0.655  R_ane=-0.887  R_wef=-0.776

    260     41515   161   +0.787  [0.66,0.19,0.15]   12119   2808    973  +1.0000  -0.8921  -1.0000
    270     43118   155   -0.033  [0.14,0.77,0.09]   11236    864   1015  +0.9491  -0.6750  -1.0000
    280     44725   159   +1.080  [0.85,0.07,0.08]   11180   3996    856  +0.9344  -0.9300  -1.0000
    290     46317   167   +0.800  [0.68,0.30,0.02]   11203   4111   1084  +0.9405  -0.9319  -1.0000
    300     47916   157   +0.359  [0.49,0.44,0.07]   10744   3232    978  +0.8200  -0.9169  -1.0000

  ── rolling mean (last 50 ep) ──  cum_R=+0.352  yield=10215 kg/ha  N=3201  W=814 mm  R_yld=+0.648  R_ane=-0.897  R_wef=-0.774

    310     49508   154   +0.174  [0.47,0.39,0.14]    9814   3596   1068  +0.5759  -0.9318  -1.0000
    320     51124   162   +0.380  [0.48,0.10,0.42]   11254   4035    830  +0.9538  -0.9303  -1.0000
    330     52726   154   +0.221  [0.39,0.26,0.35]   12094   3763    834  +1.0000  -0.9197  -1.0000
    340     54326   161   +0.873  [0.12,0.02,0.86]    7362   3826    231  -0.0677  -0.9519  +0.4229
    350     55939   160   +0.574  [0.66,0.27,0.08]   10344   2934    954  +0.7149  -0.9119  -1.0000

  ── rolling mean (last 50 ep) ──  cum_R=+0.354  yield=10307 kg/ha  N=3196  W=828 mm  R_yld=+0.661  R_ane=-0.896  R_wef=-0.770

    360     57545   158   +0.942  [0.75,0.19,0.06]   12273   4288    927  +1.0000  -0.9284  -1.0000
    370     59156   160   +1.151  [0.85,0.02,0.13]   12672   3115    890  +1.0000  -0.8983  -1.0000
    380     60748   162   -0.304  [0.05,0.69,0.26]   10700   1354    865  +0.8084  -0.8025  -1.0000
    390     62328   157   -0.016  [0.23,0.53,0.24]   12047   1984    970  +1.0000  -0.8482  -1.0000
    400     63932   170   -0.005  [0.02,0.94,0.05]    6464    188   1217  -0.3033  -0.1390  -1.0000

  ── rolling mean (last 50 ep) ──  cum_R=+0.267  yield=10683 kg/ha  N=3091  W=827 mm  R_yld=+0.750  R_ane=-0.873  R_wef=-0.811

    410     65532   156   +0.895  [0.09,0.12,0.80]    7569   3167    251  -0.0133  -0.9402  +0.3715
    420     67123   157   -0.227  [0.07,0.69,0.24]   11770   1402    874  +1.0000  -0.7901  -1.0000
    430     68728   158   +0.692  [0.12,0.17,0.70]    9652   4248    310  +0.5333  -0.9432  +0.2256
    440     70331   161   +0.117  [0.26,0.67,0.07]   12053   1585   1005  +1.0000  -0.8099  -1.0000
    450     71926   165   -0.112  [0.07,0.80,0.13]   10754    579   1286  +0.8226  -0.5356  -1.0000

  ── rolling mean (last 50 ep) ──  cum_R=+0.360  yield=10382 kg/ha  N=3161  W=783 mm  R_yld=+0.709  R_ane=-0.892  R_wef=-0.643

    460     73511   158   +0.323  [0.37,0.09,0.54]   11099   3566    705  +0.9131  -0.9222  -0.7616
    470     75106   164   +0.017  [0.30,0.30,0.40]   10440   3624   1112  +0.7400  -0.9280  -1.0000
    480     76690   162   -0.074  [0.20,0.64,0.16]   10654   1778   1036  +0.7963  -0.8502  -1.0000
    490     78280   165   +1.062  [0.03,0.01,0.96]    7473   3877    256  -0.0385  -0.9518  +0.3588
    500     79864   153   +0.016  [0.37,0.33,0.30]    9445   3259    855  +0.4789  -0.9275  -1.0000

  ── rolling mean (last 50 ep) ──  cum_R=+0.272  yield=10248 kg/ha  N=2936  W=828 mm  R_yld=+0.660  R_ane=-0.896  R_wef=-0.760

    510     81490   160   +0.554  [0.65,0.34,0.01]   10309   3710   1070  +0.7058  -0.9305  -1.0000
    520     83100   163   -0.265  [0.06,0.66,0.28]   11194   1722    917  +0.9381  -0.8375  -1.0000
    530     84702   161   -0.216  [0.14,0.37,0.49]    8980   3456    702  +0.3569  -0.9350  -0.7542
    540     86295   159   -0.193  [0.07,0.49,0.44]   11188   2690    697  +0.9365  -0.8960  -0.7415
    550     87906   164   +0.496  [0.56,0.26,0.18]   10704   3384   1061  +0.8096  -0.9209  -1.0000

  ── rolling mean (last 50 ep) ──  cum_R=+0.290  yield=10482 kg/ha  N=3085  W=806 mm  R_yld=+0.728  R_ane=-0.882  R_wef=-0.754

    560     89523   163   +0.262  [0.38,0.48,0.14]   11317   3016    944  +0.9704  -0.9062  -1.0000
    570     91137   159   +1.143  [0.92,0.02,0.07]   10987   4672   1178  +0.8838  -0.9412  -1.0000
    580     92719   152   +0.264  [0.44,0.25,0.30]   10955   3733   1036  +0.8754  -0.9266  -1.0000
    590     94310   166   +0.312  [0.51,0.34,0.15]   10364   3654   1142  +0.7203  -0.9291  -1.0000
    600     95893   160   +0.842  [0.07,0.17,0.76]    5108   3030    214  -0.6593  -0.9579  +0.4637

  ── rolling mean (last 50 ep) ──  cum_R=+0.371  yield=10198 kg/ha  N=3040  W=778 mm  R_yld=+0.639  R_ane=-0.875  R_wef=-0.686

    610     97490   165   -0.244  [0.09,0.72,0.19]    9656   1203   1034  +0.5343  -0.7993  -1.0000
    620     99089   159   -0.402  [0.07,0.51,0.42]    9994   2343    833  +0.6231  -0.8933  -1.0000
    630    100604    57   +0.493  [0.19,0.07,0.74]       0   1641     94  -1.0000  -1.0000  +0.7658
    640    102223   163   +0.321  [0.15,0.23,0.63]   10133   3433    471  +0.6597  -0.9262  -0.1766
    650    103850   163   +0.982  [0.93,0.06,0.01]   10122   3646    984  +0.6566  -0.9306  -1.0000

  ── rolling mean (last 50 ep) ──  cum_R=+0.316  yield=10327 kg/ha  N=3021  W=755 mm  R_yld=+0.690  R_ane=-0.889  R_wef=-0.666

    660    105457   160   +1.042  [0.02,0.02,0.96]    5724   3526    250  -0.4977  -0.9594  +0.3754
    670    107052   157   +0.117  [0.07,0.35,0.57]   12230   2580    531  +1.0000  -0.8815  -0.3283
    680    108651   156   +0.101  [0.33,0.56,0.10]    9910   2352    779  +0.6009  -0.8947  -0.9470
    690    110237   161   +0.886  [0.01,0.21,0.78]    7940   3406    209  +0.0840  -0.9417  +0.4776
    700    111838   158   +0.989  [0.82,0.11,0.07]   10968   3825    981  +0.8788  -0.9283  -1.0000

  ── rolling mean (last 50 ep) ──  cum_R=+0.317  yield=10601 kg/ha  N=3020  W=783 mm  R_yld=+0.728  R_ane=-0.888  R_wef=-0.750

    710    113444   164   +0.594  [0.36,0.04,0.60]   11067   4187    562  +0.9047  -0.9339  -0.4044
    720    115027   161   -0.185  [0.13,0.65,0.22]   11238   1651    932  +0.9495  -0.8298  -1.0000
    730    116615   156   +0.871  [0.78,0.17,0.05]   10964   3582   1123  +0.8777  -0.9235  -1.0000
    740    118216   155   -0.141  [0.01,0.46,0.53]    9954   3130    572  +0.6126  -0.9205  -0.4287
    750    119820   157   +0.669  [0.40,0.04,0.56]   10854   3625    516  +0.8488  -0.9251  -0.2912

  ── rolling mean (last 50 ep) ──  cum_R=+0.324  yield=10285 kg/ha  N=3018  W=880 mm  R_yld=+0.663  R_ane=-0.878  R_wef=-0.699

    760    121404   159   -0.180  [0.14,0.62,0.24]   10625   1963    809  +0.7888  -0.8647  -1.0000
    770    123001   155   +0.505  [0.63,0.27,0.10]    9982   3446    880  +0.6198  -0.9276  -1.0000
    780    124590   166   +0.017  [0.22,0.67,0.11]   11265   1435    909  +0.9566  -0.8038  -1.0000
    790    126185   162   +0.495  [0.49,0.49,0.02]   12145   3009    940  +1.0000  -0.8991  -1.0000
    800    127793   158   +0.104  [0.01,0.98,0.01]    6733    202    724  -0.2327  -0.1665  -0.8096

  ── rolling mean (last 50 ep) ──  cum_R=+0.202  yield=10608 kg/ha  N=2671  W=808 mm  R_yld=+0.730  R_ane=-0.845  R_wef=-0.808

    810    129402   158   +0.241  [0.47,0.47,0.06]    9950   2765    849  +0.6117  -0.9100  -1.0000
    820    130999   164   +0.743  [0.31,0.09,0.60]   12067   3744    478  +1.0000  -0.9194  -0.1962
    830    132593   163   +0.412  [0.44,0.28,0.28]   11209   3874    746  +0.9420  -0.9277  -0.8656
    840    134187   155   +0.601  [0.56,0.05,0.39]   11315   3617    805  +0.9698  -0.9218  -1.0000
    850    135788   164   -0.200  [0.23,0.46,0.31]    7158   3489    732  -0.1211  -0.9487  -0.8311

  ── rolling mean (last 50 ep) ──  cum_R=+0.334  yield=10324 kg/ha  N=3147  W=764 mm  R_yld=+0.681  R_ane=-0.905  R_wef=-0.748

    860    137405   164   +0.433  [0.56,0.24,0.20]   10457   3743    876  +0.7446  -0.9302  -1.0000
    870    139000   160   +0.119  [0.31,0.55,0.15]   12042   2801   1080  +1.0000  -0.8925  -1.0000
    880    140599   155   -0.031  [0.19,0.38,0.43]    9988   3250    662  +0.6214  -0.9232  -0.6538
    890    142208   164   +0.975  [0.19,0.01,0.80]    6713   4072    204  -0.2380  -0.9588  +0.4890
    900    143798   155   +0.251  [0.35,0.34,0.31]   11512   3297    745  +1.0000  -0.9127  -0.8631

  ── rolling mean (last 50 ep) ──  cum_R=+0.395  yield=10079 kg/ha  N=3263  W=775 mm  R_yld=+0.609  R_ane=-0.888  R_wef=-0.675

    910    145419   161   +0.266  [0.35,0.57,0.08]   12299   2456   1009  +1.0000  -0.8748  -1.0000
    920    147018   158   +0.204  [0.40,0.29,0.31]   10801   3788    811  +0.8349  -0.9287  -1.0000
    930    148598   163   +0.590  [0.54,0.43,0.03]   12404   3358    912  +1.0000  -0.9077  -1.0000
    940    150171   162   +0.013  [0.05,0.37,0.58]    4908   3096    487  -0.7119  -1.0000  -0.2174
    950    151765   159   +0.012  [0.13,0.38,0.49]   10469   3664    572  +0.7479  -0.9286  -0.4307

  ── rolling mean (last 50 ep) ──  cum_R=+0.348  yield=10560 kg/ha  N=3104  W=828 mm  R_yld=+0.730  R_ane=-0.883  R_wef=-0.763

    960    153361   159   +0.332  [0.44,0.06,0.50]   11633   4170    839  +1.0000  -0.9303  -1.0000
    970    154991   159   +0.156  [0.29,0.46,0.25]   12689   3761    729  +1.0000  -0.9156  -0.8220
    980    156590   155   +0.600  [0.59,0.12,0.30]   11272   4160    886  +0.9585  -0.9323  -1.0000
    990    158186   162   +0.386  [0.46,0.26,0.27]   11244   3872   1068  +0.9512  -0.9274  -1.0000
   1000    159761   158   -0.309  [0.07,0.47,0.46]   11426   3316    771  +0.9990  -0.9139  -0.9270

  ── rolling mean (last 50 ep) ──  cum_R=+0.322  yield=10633 kg/ha  N=3427  W=821 mm  R_yld=+0.757  R_ane=-0.906  R_wef=-0.806

   1010    161358   160   -0.082  [0.17,0.76,0.07]   10619   1170    874  +0.7872  -0.7730  -1.0000
   1020    162961   159   -0.255  [0.00,0.76,0.24]   11843    921    813  +1.0000  -0.6786  -1.0000
   1030    164578   165   +0.188  [0.31,0.58,0.11]   12301   2574    787  +1.0000  -0.8805  -0.9679
   1040    166171   157   +0.134  [0.23,0.19,0.58]    6525   3608    525  -0.2873  -0.9548  -0.3132
   1050    167773   161   +0.118  [0.36,0.47,0.17]   10646   3209    924  +0.7942  -0.9171  -1.0000

  ── rolling mean (last 50 ep) ──  cum_R=+0.262  yield=10381 kg/ha  N=3041  W=791 mm  R_yld=+0.694  R_ane=-0.880  R_wef=-0.728

   1060    169374   163   +0.382  [0.57,0.34,0.09]    9850   3856    936  +0.5854  -0.9361  -1.0000
   1070    170960   161   +0.836  [0.68,0.20,0.12]   11763   3562    840  +1.0000  -0.9174  -1.0000
   1080    172554   161   -0.142  [0.08,0.66,0.25]   11886   1739    698  +1.0000  -0.8291  -0.7456
   1090    174163   156   +1.006  [0.08,0.03,0.89]    5550   3182    192  -0.5434  -0.9564  +0.5212
   1100    175767   159   +0.550  [0.33,0.07,0.60]    9040   3389    467  +0.3726  -0.9333  -0.1672

  ── rolling mean (last 50 ep) ──  cum_R=+0.392  yield=10132 kg/ha  N=3006  W=719 mm  R_yld=+0.624  R_ane=-0.867  R_wef=-0.645

   1110    177370   160   -0.493  [0.01,0.59,0.40]   10864   2284    902  +0.8515  -0.8811  -1.0000
   1120    178957   165   -0.080  [0.05,0.48,0.47]   11653   3019    596  +1.0000  -0.9035  -0.4896
   1130    180554   156   +0.372  [0.49,0.15,0.36]    9615   3536    691  +0.5237  -0.9320  -0.7269
   1140    182168   165   +0.469  [0.57,0.27,0.16]   10274   2965    935  +0.6965  -0.9134  -1.0000
   1150    183792   156   +0.818  [0.03,0.21,0.76]    3869   3290    199  -0.9845  -1.0000  +0.5029

  ── rolling mean (last 50 ep) ──  cum_R=+0.306  yield=10308 kg/ha  N=2937  W=737 mm  R_yld=+0.684  R_ane=-0.868  R_wef=-0.638

   1160    185397   155   -0.337  [0.02,0.60,0.37]   10915   1876    730  +0.8648  -0.8545  -0.8252
   1170    186979   154   -0.171  [0.04,0.56,0.40]   11088   2330    664  +0.9101  -0.8811  -0.6613
   1180    188566   158   -0.138  [0.01,0.48,0.51]    9240   2846    568  +0.4252  -0.9188  -0.4190
   1190    190143   158   +0.176  [0.01,0.91,0.08]    8010    190   1064  +0.1024  +0.0563  -1.0000
   1200    191745   161   +0.339  [0.36,0.19,0.45]    9937   3342    592  +0.6080  -0.9257  -0.4794

  ── rolling mean (last 50 ep) ──  cum_R=+0.274  yield=10631 kg/ha  N=2706  W=796 mm  R_yld=+0.746  R_ane=-0.849  R_wef=-0.776

   1210    193342   163   +0.696  [0.58,0.28,0.14]   12300   3727    944  +1.0000  -0.9175  -1.0000
   1220    194926   161   +0.601  [0.52,0.04,0.44]   11226   3728    733  +0.9465  -0.9247  -0.8336
   1230    196544   162   +0.453  [0.52,0.28,0.20]   10684   3308    843  +0.8043  -0.9193  -1.0000
   1240    198131   154   +1.030  [0.81,0.10,0.08]   11630   3674    897  +1.0000  -0.9209  -1.0000
   1250    199747   156   -0.146  [0.08,0.78,0.14]   11816    857   1033  +1.0000  -0.6552  -1.0000

  ── rolling mean (last 50 ep) ──  cum_R=+0.367  yield=10159 kg/ha  N=3154  W=717 mm  R_yld=+0.633  R_ane=-0.881  R_wef=-0.666

   1260    201327   155   +0.168  [0.24,0.24,0.52]   11212   3262    626  +0.9428  -0.9141  -0.5659
   1270    202906   164   -0.013  [0.01,0.41,0.58]   10753   3258    544  +0.8222  -0.9175  -0.3597
   1280    204490   164   +0.667  [0.47,0.03,0.51]   11361   3577    633  +0.9818  -0.9206  -0.5816
   1290    206086   162   -0.099  [0.26,0.57,0.17]    9249   2704    784  +0.4275  -0.9145  -0.9607
   1300    207680   160   +0.816  [0.70,0.05,0.26]   12605   3473    844  +1.0000  -0.9093  -1.0000

  ── rolling mean (last 50 ep) ──  cum_R=+0.389  yield=10468 kg/ha  N=3245  W=677 mm  R_yld=+0.700  R_ane=-0.895  R_wef=-0.590

   1310    209259   165   +0.698  [0.29,0.06,0.65]   11487   3613    428  +1.0000  -0.9205  -0.0711
   1320    210860   162   +0.585  [0.52,0.45,0.03]   12211   3369    730  +1.0000  -0.9094  -0.8257
   1330    212454   154   -0.088  [0.20,0.60,0.20]   12316   2646    847  +1.0000  -0.8836  -1.0000
   1340    214066   163   +0.618  [0.56,0.33,0.11]   11080   3342    725  +0.9082  -0.9171  -0.8121
   1350    215552   158   +0.067  [0.31,0.41,0.27]    9784   3190    715  +0.5681  -0.9233  -0.7868

  ── rolling mean (last 50 ep) ──  cum_R=+0.415  yield=10532 kg/ha  N=3002  W=704 mm  R_yld=+0.740  R_ane=-0.894  R_wef=-0.606

   1360    217176   158   +0.061  [0.43,0.51,0.07]    8700   3205    735  +0.2835  -0.9321  -0.8380
   1370    218783   154   -0.012  [0.11,0.48,0.41]   10988   2758    554  +0.8840  -0.9004  -0.3850
   1380    220392   163   +0.666  [0.53,0.11,0.36]   10851   3331    629  +0.8480  -0.9186  -0.5736
   1390    222000   164   +1.016  [0.02,0.05,0.94]    3901   3268    226  -0.9762  -1.0000  +0.4347
   1400    223602   155   +0.084  [0.37,0.49,0.14]    9872   2696    742  +0.5910  -0.9084  -0.8549

  ── rolling mean (last 50 ep) ──  cum_R=+0.470  yield=9978 kg/ha  N=2970  W=715 mm  R_yld=+0.583  R_ane=-0.897  R_wef=-0.563

   1410    225209   162   +0.747  [0.67,0.30,0.03]   10848   2614    766  +0.8471  -0.8962  -0.9152
   1420    226802   153   +0.638  [0.57,0.39,0.04]   12233   3029    721  +1.0000  -0.8990  -0.8015
   1430    228398   157   -0.053  [0.11,0.36,0.53]   11369   3384    622  +0.9841  -0.9160  -0.5547
   1440    230005   162   +0.908  [0.13,0.03,0.84]    6882   3079    240  -0.1936  -0.9441  +0.3997
   1450    231596   161   +0.584  [0.04,0.25,0.71]   10934   3377    286  +0.8699  -0.9191  +0.2842

  ── rolling mean (last 50 ep) ──  cum_R=+0.287  yield=10327 kg/ha  N=2810  W=656 mm  R_yld=+0.674  R_ane=-0.873  R_wef=-0.588

   1460    233205   164   +1.008  [0.88,0.12,0.00]   10818   4028   2892  +0.8392  -0.9329  -1.0000
   1470    234823   162   +0.751  [0.05,0.18,0.76]    5901   2921    220  -0.4511  -0.9495  +0.4501
   1480    236421   164   +0.137  [0.34,0.44,0.23]   10367   3342    693  +0.7210  -0.9224  -0.7329
   1490    238013   155   +0.061  [0.26,0.46,0.28]   11972   3243    731  +1.0000  -0.9077  -0.8271
   1500    239613   161   +0.390  [0.45,0.21,0.34]   11404   3451    777  +0.9932  -0.9174  -0.9426

  ── rolling mean (last 50 ep) ──  cum_R=+0.383  yield=10178 kg/ha  N=2872  W=728 mm  R_yld=+0.643  R_ane=-0.866  R_wef=-0.547

   1510    241184   152   -0.230  [0.12,0.58,0.30]   11316   2467    825  +0.9701  -0.8853  -1.0000
   1520    242780   158   +0.100  [0.24,0.65,0.11]   13069   1856    775  +1.0000  -0.8240  -0.9371
   1530    244376   162   +0.265  [0.35,0.35,0.31]   11761   3109    728  +1.0000  -0.9054  -0.8189
   1540    245972   160   +0.971  [0.17,0.02,0.81]    7812   3458    266  +0.0504  -0.9435  +0.3348
   1550    247564   164   +0.489  [0.49,0.06,0.46]   11862   3320    764  +1.0000  -0.9107  -0.9092

  ── rolling mean (last 50 ep) ──  cum_R=+0.402  yield=10459 kg/ha  N=3057  W=635 mm  R_yld=+0.708  R_ane=-0.889  R_wef=-0.519

   1560    249163   157   +0.835  [0.00,0.21,0.78]    5580   2958    261  -0.5355  -0.9528  +0.3477
   1570    250777   158   +0.938  [0.20,0.09,0.71]   10928   3549    352  +0.8681  -0.9230  +0.1189
   1580    252374   161   -0.002  [0.23,0.51,0.26]   10816   2486    775  +0.8387  -0.8912  -0.9371
   1590    253977   158   +0.579  [0.53,0.19,0.27]   11795   3248    691  +1.0000  -0.9092  -0.7278
   1600    255579   164   +0.871  [0.69,0.28,0.03]   11527   2898    810  +1.0000  -0.9006  -1.0000

  ── rolling mean (last 50 ep) ──  cum_R=+0.381  yield=10649 kg/ha  N=2831  W=647 mm  R_yld=+0.750  R_ane=-0.871  R_wef=-0.571

   1610    257183   164   +0.851  [0.63,0.08,0.29]   12451   3361    734  +1.0000  -0.9074  -0.8353
   1620    258768   154   +0.481  [0.39,0.03,0.58]    7902   3366    435  +0.0740  -0.9413  -0.0865
   1630    260366   156   -0.053  [0.21,0.71,0.08]    9758   1337    762  +0.5611  -0.8175  -0.9046
   1640    261992   164   -0.043  [0.15,0.42,0.43]   11915   3435    672  +1.0000  -0.9133  -0.6792
   1650    263593   162   +0.558  [0.53,0.19,0.28]   12136   3230    748  +1.0000  -0.9061  -0.8703

  ── rolling mean (last 50 ep) ──  cum_R=+0.333  yield=10628 kg/ha  N=2785  W=679 mm  R_yld=+0.765  R_ane=-0.864  R_wef=-0.656

   1660    265178   162   +0.622  [0.53,0.07,0.40]   11245   3225    703  +0.9514  -0.9128  -0.7579
   1670    266789   163   +0.756  [0.11,0.14,0.75]   10353   3406    260  +0.7172  -0.9240  +0.3493
   1680    268376   159   -0.028  [0.29,0.24,0.47]    5522   3285    547  -0.5507  -0.9580  -0.3682
   1690    269965   161   +0.168  [0.30,0.49,0.21]   11590   2938    726  +1.0000  -0.9014  -0.8151
   1700    271568   161   -0.017  [0.23,0.62,0.15]   10609   2188    747  +0.7846  -0.8788  -0.8673

  ── rolling mean (last 50 ep) ──  cum_R=+0.422  yield=10455 kg/ha  N=3033  W=613 mm  R_yld=+0.715  R_ane=-0.909  R_wef=-0.526

   1710    273185   159   +0.746  [0.30,0.04,0.66]    9697   3789    425  +0.5451  -0.9360  -0.0626
   1720    274784   163   +0.919  [0.80,0.11,0.08]   10698   3276    827  +0.8078  -0.9184  -1.0000
   1730    276388   158   +0.795  [0.04,0.21,0.75]    9940   3386    201  +0.6089  -0.9266  +0.4976
   1740    277991   155   +0.386  [0.39,0.45,0.16]   12961   2858    627  +1.0000  -0.8866  -0.5684
   1750    279604   154   +0.373  [0.48,0.34,0.18]   10451   2558    705  +0.7431  -0.8979  -0.7618

  ── rolling mean (last 50 ep) ──  cum_R=+0.376  yield=10369 kg/ha  N=2908  W=599 mm  R_yld=+0.689  R_ane=-0.885  R_wef=-0.487

   1760    281205   157   +0.696  [0.90,0.01,0.09]    8906   2781    720  +0.3376  -0.9199  -0.8006
   1770    282811   166   -0.149  [0.08,0.55,0.37]   10863   2816    703  +0.8512  -0.9035  -0.7577
   1780    284409   159   -0.065  [0.08,0.83,0.09]    8714    689    574  +0.2873  -0.6837  -0.4363
   1790    286027   163   -0.030  [0.18,0.72,0.11]   11495   1348    868  +1.0000  -0.7867  -1.0000
   1800    287645   160   +0.138  [0.41,0.41,0.18]    9191   2829    674  +0.4124  -0.9188  -0.6856

  ── rolling mean (last 50 ep) ──  cum_R=+0.389  yield=10255 kg/ha  N=2930  W=612 mm  R_yld=+0.663  R_ane=-0.896  R_wef=-0.521

   1810    289233   160   +0.088  [0.30,0.59,0.11]   10924   2442    832  +0.8672  -0.8882  -1.0000
   1820    290841   165   +1.058  [0.91,0.04,0.05]   10617   2951    835  +0.7866  -0.9101  -1.0000
   1830    292442   159   +0.634  [0.44,0.08,0.48]    9000   3237    483  +0.3623  -0.9305  -0.2086
   1840    294049   163   -0.047  [0.23,0.60,0.17]   10768   2430    783  +0.8261  -0.8892  -0.9585
   1850    295669   163   +0.234  [0.29,0.46,0.25]   11587   3056    671  +1.0000  -0.9052  -0.6768

  ── rolling mean (last 50 ep) ──  cum_R=+0.393  yield=10903 kg/ha  N=2609  W=682 mm  R_yld=+0.808  R_ane=-0.868  R_wef=-0.683

   1860    297258   158   +0.668  [0.50,0.11,0.40]   11740   3094    614  +1.0000  -0.9052  -0.5354
   1870    298842   157   +0.624  [0.52,0.19,0.29]   12142   2494    689  +1.0000  -0.8783  -0.7220
   1880    300432   163   +0.078  [0.13,0.79,0.07]   11970    870    668  +1.0000  -0.6559  -0.6700
   1890    302033   162   +0.550  [0.37,0.06,0.57]   10864   3148    574  +0.8515  -0.9137  -0.4347
   1900    303632   156   +0.297  [0.04,0.95,0.01]    7678    209    660  +0.0152  -0.0817  -0.6506

  ── rolling mean (last 50 ep) ──  cum_R=+0.484  yield=10549 kg/ha  N=2681  W=617 mm  R_yld=+0.725  R_ane=-0.848  R_wef=-0.543

   1910    305224   159   +0.975  [0.01,0.14,0.86]   10425   3105    218  +0.7361  -0.9161  +0.4540
   1920    306817   157   -0.162  [0.02,0.51,0.47]   10569   2653    561  +0.7740  -0.9004  -0.4031
   1930    308397   158   +0.597  [0.43,0.04,0.54]   10956   2848    555  +0.8755  -0.9038  -0.3880
   1940    309992   156   -0.042  [0.16,0.67,0.18]   12174   1666    728  +1.0000  -0.8173  -0.8188
   1950    311457   163   +0.397  [0.39,0.18,0.43]   10364   3013    626  +0.7201  -0.9140  -0.5647

  ── rolling mean (last 50 ep) ──  cum_R=+0.473  yield=10413 kg/ha  N=2604  W=599 mm  R_yld=+0.713  R_ane=-0.894  R_wef=-0.493

   1960    313059   166   +0.132  [0.26,0.38,0.36]   11649   2810    699  +1.0000  -0.8964  -0.7469
   1970    314673   167   +0.280  [0.31,0.29,0.40]   12032   3116    676  +1.0000  -0.9035  -0.6902
   1980    316265   160   +0.015  [0.02,0.51,0.48]   11457   2168    455  +1.0000  -0.8679  -0.1386
   1990    317849   158   +0.333  [0.63,0.16,0.21]    8986   2366    761  +0.3586  -0.9050  -0.9035
   2000    319433   159   +0.440  [0.51,0.42,0.08]   10154   2666    585  +0.6651  -0.9048  -0.4619

  ── rolling mean (last 50 ep) ──  cum_R=+0.453  yield=10326 kg/ha  N=2629  W=543 mm  R_yld=+0.682  R_ane=-0.884  R_wef=-0.358

   2010    321021   163   +0.415  [0.74,0.22,0.04]    8656   2916    711  +0.2719  -0.9258  -0.7773
   2020    322624   159   +1.044  [0.67,0.06,0.27]   11685   3116    544  +1.0000  -0.9062  -0.3587
   2030    324232   165   +0.726  [0.64,0.26,0.10]   11176   2735    816  +0.9334  -0.8978  -1.0000
   2040    325828   158   +0.233  [0.33,0.42,0.25]   12080   2165    733  +1.0000  -0.8605  -0.8315
   2050    327424   163   -0.106  [0.02,0.53,0.45]   11590   2926    559  +1.0000  -0.9010  -0.3982

  ── rolling mean (last 50 ep) ──  cum_R=+0.517  yield=10982 kg/ha  N=2661  W=601 mm  R_yld=+0.828  R_ane=-0.885  R_wef=-0.497

   2060    329030   157   +0.526  [0.44,0.18,0.38]   10945   2722    591  +0.8728  -0.8995  -0.4779
   2070    330629   159   +0.062  [0.20,0.76,0.04]   10479   1009    652  +0.7503  -0.7404  -0.6313
   2080    332237   163   +0.433  [0.44,0.03,0.53]    9635   2746    629  +0.5289  -0.9123  -0.5732
   2090    333843   161   +0.193  [0.23,0.72,0.05]   11256   1227    639  +0.9543  -0.7706  -0.5985
   2100    335445   157   +0.926  [0.71,0.12,0.17]   11015   2523    626  +0.8912  -0.8909  -0.5641

  ── rolling mean (last 50 ep) ──  cum_R=+0.457  yield=10470 kg/ha  N=2427  W=576 mm  R_yld=+0.728  R_ane=-0.854  R_wef=-0.438

   2110    337033   157   +0.313  [0.12,0.36,0.52]   10661   2655    445  +0.7982  -0.8996  -0.1127
   2120    338640   157   +0.714  [0.48,0.01,0.51]   12264   3462    635  +1.0000  -0.9114  -0.5874
   2130    340233   160   -0.183  [0.00,0.68,0.31]   10331   1338    604  +0.7116  -0.8070  -0.5088
   2140    341849   166   +0.976  [0.10,0.08,0.82]   11016   3054    247  +0.8913  -0.9098  +0.3827
   2150    343448   158   -0.003  [0.01,0.54,0.45]   10414   2232    528  +0.7332  -0.8833  -0.3189

  ── rolling mean (last 50 ep) ──  cum_R=+0.437  yield=10955 kg/ha  N=2425  W=591 mm  R_yld=+0.828  R_ane=-0.863  R_wef=-0.476

   2160    345059   160   +0.980  [0.03,0.03,0.94]    8472   3124    296  +0.2235  -0.9322  +0.2611
   2170    346669   155   +0.326  [0.36,0.29,0.35]   11942   2969    670  +1.0000  -0.8994  -0.6753
   2180    348276   164   +0.428  [0.38,0.33,0.28]   11527   3483    651  +1.0000  -0.9173  -0.6284
   2190    349860   158   +0.804  [0.54,0.01,0.44]   11695   2968    615  +1.0000  -0.9015  -0.5366
   2200    351444   154   +0.365  [0.38,0.47,0.15]   11716   2279    640  +1.0000  -0.8715  -0.5993

  ── rolling mean (last 50 ep) ──  cum_R=+0.506  yield=10947 kg/ha  N=2548  W=596 mm  R_yld=+0.806  R_ane=-0.870  R_wef=-0.491

   2210    353049   164   +0.630  [0.13,0.19,0.68]   11687   2531    416  +1.0000  -0.8846  -0.0399
   2220    354670   163   +0.079  [0.09,0.42,0.49]   11117   2693    537  +0.9179  -0.8968  -0.3421
   2230    356251   158   +0.360  [0.46,0.40,0.14]   10158   2569    683  +0.6662  -0.9011  -0.7078
   2240    357829   154   +0.020  [0.08,0.43,0.49]    9186   2081    530  +0.4110  -0.8897  -0.3244
   2250    359419   159   +0.618  [0.43,0.20,0.36]   11025   2194    551  +0.8938  -0.8744  -0.3783

  ── rolling mean (last 50 ep) ──  cum_R=+0.456  yield=10311 kg/ha  N=2331  W=555 mm  R_yld=+0.673  R_ane=-0.825  R_wef=-0.388

   2260    361024   162   +0.728  [0.63,0.23,0.14]   10052   2977    527  +0.6382  -0.9156  -0.3173
   2270    362611   157   +0.017  [0.16,0.51,0.33]   10686   1912    614  +0.8047  -0.8602  -0.5347
   2280    364220   159   -0.016  [0.07,0.54,0.39]   12312   2146    570  +1.0000  -0.8566  -0.4253
   2290    365824   157   +0.558  [0.29,0.15,0.56]    9834   2929    423  +0.5812  -0.9161  -0.0577
   2300    367432   157   +0.109  [0.09,0.53,0.37]   10067   2244    570  +0.6423  -0.8879  -0.4262

  ── rolling mean (last 50 ep) ──  cum_R=+0.463  yield=10845 kg/ha  N=2429  W=565 mm  R_yld=+0.804  R_ane=-0.834  R_wef=-0.412

   2310    369030   158   +0.288  [0.23,0.41,0.36]   11470   2539    516  +1.0000  -0.8871  -0.2910
   2320    370643   163   +0.361  [0.53,0.37,0.10]    9507   2547    619  +0.4954  -0.9067  -0.5464
   2330    372236   157   +0.454  [0.38,0.12,0.51]    9615   2586    507  +0.5236  -0.9070  -0.2679
   2340    373841   162   +0.359  [0.45,0.51,0.04]   10189   2210    617  +0.6742  -0.8847  -0.5428
   2350    375436   154   +0.059  [0.10,0.67,0.24]   11623   1382    516  +1.0000  -0.7898  -0.2905

  ── rolling mean (last 50 ep) ──  cum_R=+0.439  yield=10824 kg/ha  N=2437  W=553 mm  R_yld=+0.796  R_ane=-0.863  R_wef=-0.383

   2360    377019   164   +0.028  [0.21,0.70,0.09]   10472   1286    636  +0.7486  -0.7964  -0.5890
   2370    378612   166   +0.564  [0.32,0.10,0.58]   10068   3153    455  +0.6426  -0.9202  -0.1379
   2380    380125   162   +0.764  [0.37,0.03,0.60]   11594   2886    458  +1.0000  -0.8996  -0.1444
   2390    381708   163   +0.202  [0.22,0.37,0.41]   11713   2583    572  +1.0000  -0.8866  -0.4305
   2400    383300   160   +0.513  [0.30,0.18,0.53]   11189   2776    519  +0.9367  -0.8992  -0.2980

  ── rolling mean (last 50 ep) ──  cum_R=+0.395  yield=10324 kg/ha  N=2065  W=541 mm  R_yld=+0.699  R_ane=-0.819  R_wef=-0.352

   2410    384891   162   +0.419  [0.25,0.27,0.48]   10772   3059    489  +0.8273  -0.9120  -0.2227
   2420    386512   156   +0.462  [0.38,0.28,0.34]   11971   2623    558  +1.0000  -0.8859  -0.3946
   2430    388107   156   -0.104  [0.04,0.67,0.29]   11147   1537    510  +0.9257  -0.8187  -0.2752
   2440    389696   158   +0.725  [0.53,0.15,0.31]   12135   2598    626  +1.0000  -0.8832  -0.5659
   2450    391315   161   +0.257  [0.13,0.30,0.57]   11482   2579    504  +1.0000  -0.8887  -0.2610

  ── rolling mean (last 50 ep) ──  cum_R=+0.515  yield=10607 kg/ha  N=2521  W=549 mm  R_yld=+0.740  R_ane=-0.868  R_wef=-0.373

   2460    392910   160   +0.842  [0.63,0.13,0.24]   11455   2445    695  +1.0000  -0.8829  -0.7375
   2470    394517   163   +0.597  [0.53,0.43,0.04]   11262   2311    749  +0.9558  -0.8782  -0.8714
   2480    396122   155   -0.115  [0.07,0.55,0.38]   10432   1798    621  +0.7381  -0.8549  -0.5526
   2490    397733   161   +0.096  [0.17,0.60,0.24]   11181   1636    537  +0.9346  -0.8292  -0.3427
   2500    399335   163   +0.330  [0.14,0.24,0.62]   11138   2905    447  +0.9232  -0.9041  -0.1169

  ── rolling mean (last 50 ep) ──  cum_R=+0.504  yield=10641 kg/ha  N=2457  W=531 mm  R_yld=+0.744  R_ane=-0.882  R_wef=-0.327

   2510    400934   163   +0.135  [0.33,0.60,0.08]    9591   1901    574  +0.5174  -0.8739  -0.4357
   2520    402532   156   +0.025  [0.16,0.67,0.17]   10505   1426    510  +0.7571  -0.8159  -0.2743
   2530    404146   159   +0.237  [0.30,0.46,0.24]   10807   2103    585  +0.8366  -0.8715  -0.4622
   2540    405749   158   +1.188  [0.75,0.05,0.20]   11413   2799    521  +0.9954  -0.8981  -0.3014
   2550    407340   159   +0.809  [0.87,0.09,0.04]    9194   3018    593  +0.4131  -0.9238  -0.4828

  ── rolling mean (last 50 ep) ──  cum_R=+0.539  yield=10641 kg/ha  N=2323  W=537 mm  R_yld=+0.755  R_ane=-0.829  R_wef=-0.343

   2560    408943   157   +0.632  [0.72,0.23,0.05]    9846   2588    612  +0.5842  -0.9049  -0.5307
   2570    410521   151   +0.230  [0.37,0.56,0.07]    9331   1682    529  +0.4492  -0.8613  -0.3228
   2580    412121   160   +0.785  [0.54,0.16,0.30]   11308   2840    556  +0.9681  -0.9005  -0.3891
   2590    413726   168   +0.063  [0.18,0.50,0.32]   11704   2578    640  +1.0000  -0.8865  -0.6013
   2600    415324   163   +0.798  [0.18,0.17,0.65]   12050   2172    342  +1.0000  -0.8613  +0.1451

  ── rolling mean (last 50 ep) ──  cum_R=+0.480  yield=10965 kg/ha  N=2378  W=531 mm  R_yld=+0.831  R_ane=-0.871  R_wef=-0.329

   2610    416895   161   +0.991  [0.01,0.07,0.91]    9293   3218    248  +0.4392  -0.9278  +0.3793
   2620    418502   164   +0.880  [0.51,0.10,0.38]   11689   3033    540  +1.0000  -0.9036  -0.3513
   2630    420102   159   +0.576  [0.25,0.19,0.56]   11961   2892    410  +1.0000  -0.8966  -0.0253
   2640    421721   159   +0.238  [0.39,0.57,0.04]   10196   1992    578  +0.6760  -0.8721  -0.4444
   2650    423324   158   +1.111  [0.87,0.08,0.05]   10391   2915    515  +0.7272  -0.9109  -0.2878

  ── rolling mean (last 50 ep) ──  cum_R=+0.507  yield=10706 kg/ha  N=2245  W=524 mm  R_yld=+0.770  R_ane=-0.840  R_wef=-0.310

   2660    424929   163   +0.024  [0.11,0.54,0.35]   10883   1731    529  +0.8563  -0.8428  -0.3226
   2670    426520   156   +0.015  [0.13,0.70,0.17]   10166   1017    615  +0.6681  -0.7500  -0.5368
   2680    428116   157   +0.112  [0.11,0.55,0.34]   10665   2103    465  +0.7993  -0.8732  -0.1620
   2690    429718   164   +1.125  [0.74,0.15,0.12]   11837   2535    663  +1.0000  -0.8832  -0.6573
   2700    431312   166   -0.004  [0.08,0.56,0.36]   11158   1826    522  +0.9285  -0.8472  -0.3054

  ── rolling mean (last 50 ep) ──  cum_R=+0.415  yield=10855 kg/ha  N=2171  W=541 mm  R_yld=+0.820  R_ane=-0.836  R_wef=-0.353

   2710    432908   155   +0.751  [0.51,0.25,0.24]   11426   2984    552  +0.9989  -0.9043  -0.3811
   2720    434501   165   +0.432  [0.54,0.27,0.19]    9377   2580    660  +0.4611  -0.9091  -0.6506
   2730    436105   167   +0.955  [0.67,0.15,0.18]   11639   2793    623  +1.0000  -0.8958  -0.5576
   2740    437698   159   +1.043  [0.69,0.03,0.28]   11263   3092    561  +0.9563  -0.9089  -0.4034
   2750    439296   157   +0.059  [0.08,0.75,0.17]   10244    829    484  +0.6889  -0.6909  -0.2104

  ── rolling mean (last 50 ep) ──  cum_R=+0.526  yield=10765 kg/ha  N=2370  W=525 mm  R_yld=+0.787  R_ane=-0.863  R_wef=-0.311

   2760    440884   159   +1.153  [0.20,0.04,0.76]   10885   2847    279  +0.8570  -0.9044  +0.3026
   2770    442488   157   +0.868  [0.35,0.07,0.58]   11304   2606    484  +0.9669  -0.8916  -0.2106
   2780    444080   158   +0.462  [0.26,0.19,0.54]   10156   2554    464  +0.6655  -0.9006  -0.1610
   2790    445691   162   -0.110  [0.03,0.71,0.26]   10015   1068    537  +0.6285  -0.7655  -0.3423
   2800    447287   160   +0.232  [0.33,0.62,0.05]   10561   1593    565  +0.7718  -0.8343  -0.4129

  ── rolling mean (last 50 ep) ──  cum_R=+0.519  yield=10930 kg/ha  N=2223  W=510 mm  R_yld=+0.818  R_ane=-0.842  R_wef=-0.275

   2810    448875   163   +0.708  [0.47,0.26,0.26]   11557   2770    520  +1.0000  -0.8957  -0.3002
   2820    450452   162   +0.779  [0.53,0.27,0.21]   11431   2637    559  +1.0000  -0.8916  -0.3983
   2830    452029   163   +0.043  [0.28,0.52,0.21]    9155   1657    626  +0.4028  -0.8619  -0.5650
   2840    453636   160   +0.748  [0.12,0.12,0.76]    7824   3145    277  +0.0536  -0.9378  +0.3070
   2850    455241   159   +0.663  [0.35,0.15,0.50]   10906   2517    527  +0.8625  -0.8917  -0.3176

  ── rolling mean (last 50 ep) ──  cum_R=+0.545  yield=10753 kg/ha  N=2289  W=516 mm  R_yld=+0.787  R_ane=-0.854  R_wef=-0.290

   2860    456835   159   +0.201  [0.26,0.51,0.23]   10392   1398    567  +0.7274  -0.8142  -0.4165
   2870    458435   156   +0.235  [0.25,0.57,0.18]   10478   1798    493  +0.7502  -0.8543  -0.2329
   2880    460037   157   +1.187  [0.78,0.07,0.15]   11592   2576    420  +1.0000  -0.8875  -0.0507
   2890    461637   162   +0.685  [0.58,0.36,0.06]   11139   2658    513  +0.9235  -0.8952  -0.2826
   2900    463244   160   +0.886  [0.61,0.13,0.26]   10738   2686    500  +0.8183  -0.9001  -0.2493

  ── rolling mean (last 50 ep) ──  cum_R=+0.490  yield=10808 kg/ha  N=2204  W=510 mm  R_yld=+0.787  R_ane=-0.853  R_wef=-0.275

   2910    464833   159   +0.409  [0.32,0.32,0.36]   10909   2775    514  +0.8634  -0.9017  -0.2850
   2920    466436   160   +0.534  [0.30,0.22,0.48]   12068   2627    522  +1.0000  -0.8852  -0.3063
   2930    468017   162   -0.078  [0.08,0.56,0.36]   12571   1813    660  +1.0000  -0.8266  -0.6489
   2940    469604   157   +0.239  [0.30,0.39,0.31]   10837   2145    612  +0.8444  -0.8737  -0.5306
   2950    471219   163   +0.455  [0.28,0.19,0.52]   10127   3019    491  +0.6580  -0.9161  -0.2277

  ── rolling mean (last 50 ep) ──  cum_R=+0.533  yield=10920 kg/ha  N=2202  W=520 mm  R_yld=+0.826  R_ane=-0.825  R_wef=-0.299

   2960    472822   159   +0.740  [0.54,0.05,0.40]   10640   2598    553  +0.7926  -0.8976  -0.3826
   2970    474405   160   +0.849  [0.05,0.07,0.89]    9602   2478    297  +0.5201  -0.9031  +0.2581
   2980    476005   154   +0.726  [0.45,0.12,0.43]   10310   2713    419  +0.7062  -0.9050  -0.0465
   2990    477616   160   +0.562  [0.48,0.40,0.12]   10949   2260    578  +0.8738  -0.8789  -0.4459
   3000    479212   159   +0.050  [0.09,0.70,0.22]   12222   1188    562  +1.0000  -0.7428  -0.4062

  ── rolling mean (last 50 ep) ──  cum_R=+0.505  yield=10656 kg/ha  N=2215  W=493 mm  R_yld=+0.766  R_ane=-0.861  R_wef=-0.232

   3010    480817   158   +0.342  [0.14,0.37,0.49]   12030   1826    472  +1.0000  -0.8353  -0.1795
   3020    482415   159   +0.408  [0.12,0.83,0.05]   11876    464    486  +1.0000  -0.3603  -0.2163
   3030    483997   159   +1.088  [0.23,0.00,0.77]    9404   3166    288  +0.4683  -0.9257  +0.2792
   3040    485592   158   +0.938  [0.07,0.18,0.76]   10024   2547    252  +0.6309  -0.9016  +0.3694
   3050    487183   161   +0.843  [0.50,0.14,0.36]   12104   2551    525  +1.0000  -0.8814  -0.3128

  ── rolling mean (last 50 ep) ──  cum_R=+0.571  yield=10817 kg/ha  N=2221  W=460 mm  R_yld=+0.790  R_ane=-0.855  R_wef=-0.149

   3060    488805   166   +0.296  [0.25,0.59,0.15]   11270   1700    525  +0.9580  -0.8342  -0.3116
   3070    490403   159   +0.596  [0.46,0.41,0.13]   11660   2237    549  +1.0000  -0.8697  -0.3727
   3080    491997   154   +0.116  [0.13,0.66,0.21]   11562   1277    519  +1.0000  -0.7736  -0.2983
   3090    493592   163   +0.755  [0.38,0.04,0.57]   11073   2832    459  +0.9063  -0.9023  -0.1468
   3100    495183   160   +0.851  [0.47,0.13,0.41]   11293   2715    480  +0.9641  -0.8960  -0.1994

  ── rolling mean (last 50 ep) ──  cum_R=+0.534  yield=10939 kg/ha  N=2010  W=498 mm  R_yld=+0.821  R_ane=-0.809  R_wef=-0.245

   3110    496789   161   +0.633  [0.46,0.31,0.23]   11214   2422    529  +0.9433  -0.8842  -0.3214
   3120    498396   160   +0.607  [0.35,0.36,0.29]   11512   2447    433  +1.0000  -0.8824  -0.0836
   3130    499995   161   +0.160  [0.12,0.48,0.40]   12325   1954    517  +1.0000  -0.8423  -0.2918
   3140    501605   160   +0.711  [0.18,0.21,0.61]   11304   2251    408  +0.9671  -0.8744  -0.0207
   3150    503205   163   +1.085  [0.70,0.11,0.19]   11520   2609    574  +1.0000  -0.8896  -0.4354

  ── rolling mean (last 50 ep) ──  cum_R=+0.704  yield=10933 kg/ha  N=2561  W=471 mm  R_yld=+0.833  R_ane=-0.888  R_wef=-0.177

   3160    504811   163   +0.177  [0.20,0.49,0.31]    9142   1668    495  +0.3993  -0.8630  -0.2368
   3170    506425   158   +0.743  [0.56,0.28,0.16]   11182   1682    491  +0.9350  -0.8338  -0.2278
   3180    508041   163   +0.502  [0.02,0.28,0.70]    8950   1952    285  +0.3492  -0.8854  +0.2870
   3190    509642   162   +0.201  [0.26,0.47,0.27]   10308   1975    494  +0.7056  -0.8695  -0.2341
   3200    511244   156   +0.742  [0.16,0.11,0.73]    7563   3207    315  -0.0150  -0.9410  +0.2126

  ── rolling mean (last 50 ep) ──  cum_R=+0.595  yield=10816 kg/ha  N=2084  W=479 mm  R_yld=+0.799  R_ane=-0.857  R_wef=-0.197

   3210    512837   163   +0.835  [0.23,0.07,0.70]    9703   2838    340  +0.5467  -0.9145  +0.1489
   3220    514433   162   +0.237  [0.17,0.33,0.51]    9903   2609    481  +0.5992  -0.9051  -0.2034
   3230    516047   160   +0.382  [0.10,0.27,0.63]   11794   1766    481  +1.0000  -0.8331  -0.2031
   3240    517647   160   +0.528  [0.40,0.48,0.12]   11766   1839    469  +1.0000  -0.8401  -0.1714
   3250    519269   163   +0.593  [0.48,0.22,0.30]   10336   1947    508  +0.7130  -0.8673  -0.2700

  ── rolling mean (last 50 ep) ──  cum_R=+0.545  yield=10759 kg/ha  N=1931  W=470 mm  R_yld=+0.803  R_ane=-0.832  R_wef=-0.174

   3260    520872   154   +0.413  [0.36,0.32,0.32]   10589   1892    491  +0.7791  -0.8601  -0.2268
   3270    522469   156   +0.594  [0.72,0.08,0.20]    8710   2936    523  +0.2861  -0.9258  -0.3079
   3280    524083   164   +1.066  [0.78,0.08,0.14]   10535   2597    512  +0.7652  -0.8986  -0.2808
   3290    525660   151   +0.144  [0.25,0.72,0.03]    9793    949    522  +0.5704  -0.7420  -0.3041
   3300    527258   161   +0.553  [0.53,0.43,0.04]    9717   1932    459  +0.5505  -0.8743  -0.1481

  ── rolling mean (last 50 ep) ──  cum_R=+0.634  yield=10763 kg/ha  N=1956  W=465 mm  R_yld=+0.765  R_ane=-0.845  R_wef=-0.161

   3310    528853   154   +0.948  [0.64,0.07,0.29]   10534   1698    492  +0.7647  -0.8449  -0.2297
   3320    530459   162   +0.834  [0.04,0.20,0.75]    9478   1544    266  +0.4878  -0.8465  +0.3345
   3330    532056   159   +0.373  [0.26,0.22,0.52]   11157   1396    565  +0.9284  -0.8002  -0.4133
   3340    533662   157   +0.427  [0.26,0.32,0.42]   10855   1635    494  +0.8492  -0.8340  -0.2352
   3350    535262   159   +0.844  [0.34,0.04,0.62]   11638   2520    430  +1.0000  -0.8845  -0.0743

  ── rolling mean (last 50 ep) ──  cum_R=+0.647  yield=10619 kg/ha  N=1902  W=446 mm  R_yld=+0.751  R_ane=-0.787  R_wef=-0.115

   3360    536859   164   +0.918  [0.01,0.13,0.86]    8730   1907    205  +0.2913  -0.8855  +0.4870
   3370    538462   153   +0.333  [0.20,0.42,0.38]   12394   1547    518  +1.0000  -0.7997  -0.2940
   3380    540070   167   +0.997  [0.77,0.22,0.01]   10894   3007    516  +0.8594  -0.9094  -0.2901
   3390    541664   157   +0.586  [0.09,0.24,0.67]   11467   1952    326  +1.0000  -0.8532  +0.1859
   3400    543276   162   +0.703  [0.37,0.26,0.37]   11853   1494    425  +1.0000  -0.8016  -0.0635

  ── rolling mean (last 50 ep) ──  cum_R=+0.552  yield=10618 kg/ha  N=1773  W=466 mm  R_yld=+0.756  R_ane=-0.832  R_wef=-0.165

   3410    544874   163   +0.895  [0.07,0.03,0.90]    7433   1553    254  -0.0490  -0.8804  +0.3649
   3420    546478   157   +0.724  [0.41,0.30,0.29]   11775   1658    445  +1.0000  -0.8224  -0.1121
   3430    548079   160   +0.712  [0.04,0.26,0.70]   11282   1333    302  +0.9610  -0.7885  +0.2446
   3440    549659   156   +0.273  [0.13,0.47,0.40]   11820   2053    386  +1.0000  -0.8561  +0.0340
   3450    551240   160   +0.185  [0.13,0.80,0.07]   10179    611    416  +0.6716  -0.5837  -0.0393

  ── rolling mean (last 50 ep) ──  cum_R=+0.623  yield=10840 kg/ha  N=1643  W=428 mm  R_yld=+0.788  R_ane=-0.784  R_wef=-0.069

   3460    552821   159   +0.894  [0.53,0.03,0.44]   10807   1868    445  +0.8366  -0.8554  -0.1127
   3470    554419   153   +0.861  [0.57,0.14,0.29]   10346   1771    467  +0.7156  -0.8540  -0.1674
   3480    556031   163   +1.252  [0.90,0.04,0.06]   10733   2848    480  +0.8170  -0.9058  -0.2002
   3490    557617   155   +0.967  [0.52,0.02,0.45]   12526   1826    458  +1.0000  -0.8285  -0.1440
   3500    559217   162   +0.347  [0.26,0.63,0.10]   11572   1431    487  +1.0000  -0.7979  -0.2171

  ── rolling mean (last 50 ep) ──  cum_R=+0.624  yield=10501 kg/ha  N=1669  W=437 mm  R_yld=+0.710  R_ane=-0.787  R_wef=-0.093

   3510    560812   163   +0.527  [0.30,0.29,0.41]   11839   1170    486  +1.0000  -0.7470  -0.2151
   3520    562419   161   +0.881  [0.32,0.11,0.57]   11507   1517    400  +1.0000  -0.8104  -0.0002
   3530    564027   161   +1.181  [0.78,0.05,0.17]   10810   1582    466  +0.8374  -0.8291  -0.1651
   3540    565640   152   +0.152  [0.14,0.55,0.32]    9582   1646    455  +0.5149  -0.8545  -0.1365
   3550    567246   164   +1.096  [0.73,0.13,0.13]   10822   1841    414  +0.8404  -0.8530  -0.0363

  ── rolling mean (last 50 ep) ──  cum_R=+0.603  yield=10635 kg/ha  N=1577  W=432 mm  R_yld=+0.758  R_ane=-0.809  R_wef=-0.080

   3560    568854   166   +0.413  [0.04,0.88,0.08]   10667    308    484  +0.7998  -0.1347  -0.2089
   3570    570451   158   +1.027  [0.70,0.18,0.12]   10893   1635    506  +0.8590  -0.8334  -0.2640
   3580    572043   160   +0.478  [0.28,0.58,0.14]   11837   1481    477  +1.0000  -0.8002  -0.1935
   3590    573650   163   +0.787  [0.50,0.46,0.04]   11475   1408    542  +1.0000  -0.7962  -0.3541
   3600    575261   163   +1.058  [0.69,0.26,0.05]   11216   1687    417  +0.9438  -0.8338  -0.0414

  ── rolling mean (last 50 ep) ──  cum_R=+0.709  yield=10770 kg/ha  N=1543  W=434 mm  R_yld=+0.793  R_ane=-0.794  R_wef=-0.084

   3610    576861   160   +0.361  [0.02,0.33,0.65]    9096   1614    430  +0.3875  -0.8591  -0.0740
   3620    578457   159   +0.213  [0.03,0.81,0.16]   11210    525    449  +0.9422  -0.4658  -0.1224
   3630    580048   160   +0.691  [0.48,0.39,0.13]   11226   1600    402  +0.9464  -0.8246  -0.0049
   3640    581661   168   +1.178  [0.87,0.04,0.09]   10441   2290    420  +0.7404  -0.8860  -0.0488
   3650    583265   163   +0.133  [0.12,0.67,0.22]   10467   1246    443  +0.7472  -0.7900  -0.1085

  ── rolling mean (last 50 ep) ──  cum_R=+0.656  yield=10772 kg/ha  N=1535  W=436 mm  R_yld=+0.786  R_ane=-0.814  R_wef=-0.090

   3660    584871   161   +0.302  [0.28,0.70,0.03]   11119   1019    502  +0.9183  -0.7272  -0.2545
   3670    586467   160   +0.759  [0.38,0.14,0.48]   11848   1530    493  +1.0000  -0.8064  -0.2328
   3680    588089   163   +0.497  [0.17,0.31,0.53]   10923   1443    393  +0.8670  -0.8107  +0.0184
   3690    589697   165   +0.125  [0.03,0.49,0.49]   11214   1712    450  +0.9433  -0.8362  -0.1248
   3700    591284   158   +0.844  [0.56,0.43,0.01]   13690   1355    480  +1.0000  -0.7475  -0.1991

  ── rolling mean (last 50 ep) ──  cum_R=+0.684  yield=10812 kg/ha  N=1475  W=408 mm  R_yld=+0.782  R_ane=-0.788  R_wef=-0.019

   3710    592883   161   +0.952  [0.81,0.07,0.12]    9892   1350    475  +0.5962  -0.8169  -0.1864
   3720    594469   161   +0.754  [0.45,0.36,0.19]   10837   1878    388  +0.8444  -0.8558  +0.0313
   3730    596074   160   +0.443  [0.09,0.29,0.62]   10089   1702    448  +0.6481  -0.8518  -0.1188
   3740    597656   155   +0.752  [0.49,0.15,0.37]   10645   1775    493  +0.7939  -0.8501  -0.2323
   3750    599238   153   +0.350  [0.17,0.65,0.18]   13166   1086    423  +1.0000  -0.6968  -0.0576

  ── rolling mean (last 50 ep) ──  cum_R=+0.643  yield=10654 kg/ha  N=1492  W=411 mm  R_yld=+0.762  R_ane=-0.812  R_wef=-0.027

   3760    600847   164   +0.664  [0.32,0.14,0.54]    9854   1278    408  +0.5864  -0.8073  -0.0205
   3770    602447   162   +1.441  [0.80,0.03,0.17]   12533   1699    518  +1.0000  -0.8156  -0.2944
   3780    604054   155   +0.787  [0.45,0.35,0.20]   10962   1212    491  +0.8770  -0.7739  -0.2281
   3790    605663   165   +0.192  [0.17,0.69,0.14]   10923   1211    428  +0.8670  -0.7746  -0.0688
   3800    607262   159   +0.663  [0.33,0.15,0.52]   11897   1436    534  +1.0000  -0.7928  -0.3350

  ── rolling mean (last 50 ep) ──  cum_R=+0.774  yield=10812 kg/ha  N=1489  W=413 mm  R_yld=+0.798  R_ane=-0.792  R_wef=-0.032

   3810    608852   161   +0.614  [0.46,0.32,0.22]   10219   1341    482  +0.6821  -0.8095  -0.2040
   3820    610447   157   +0.544  [0.43,0.45,0.12]   11017   1516    359  +0.8915  -0.8184  +0.1020
   3830    612053   161   +0.911  [0.62,0.13,0.25]   10223   1402    400  +0.6832  -0.8178  -0.0011
   3840    613667   157   +0.192  [0.16,0.70,0.14]   11269   1021    436  +0.9577  -0.7241  -0.0889
   3850    615280   160   +0.377  [0.10,0.40,0.49]   12096   1429    387  +1.0000  -0.7884  +0.0329

  ── rolling mean (last 50 ep) ──  cum_R=+0.657  yield=10606 kg/ha  N=1429  W=422 mm  R_yld=+0.770  R_ane=-0.752  R_wef=-0.056

   3860    616862   158   +0.458  [0.16,0.40,0.44]   10729   1527    362  +0.8159  -0.8244  +0.0947
   3870    618482   166   +0.755  [0.48,0.25,0.27]   11200   1578    489  +0.9397  -0.8225  -0.2225
   3880    620084   156   +0.580  [0.42,0.55,0.03]   11598   1371    365  +1.0000  -0.7885  +0.0866
   3890    621678   159   +0.725  [0.34,0.28,0.38]   11770   1317    440  +1.0000  -0.7766  -0.1008
   3900    623268   156   +0.689  [0.39,0.38,0.23]   11347   1525    374  +0.9783  -0.8140  +0.0659

  ── rolling mean (last 50 ep) ──  cum_R=+0.586  yield=10864 kg/ha  N=1347  W=409 mm  R_yld=+0.802  R_ane=-0.767  R_wef=-0.022

   3910    624871   156   +0.479  [0.22,0.40,0.39]   11374   1357    443  +0.9852  -0.7905  -0.1079
   3920    626474   160   +0.464  [0.03,0.97,0.01]    7706    182    410  +0.0226  +0.0600  -0.0247
   3930    628031   159   +0.840  [0.34,0.17,0.49]   11322   1500    348  +0.9718  -0.8114  +0.1299
   3940    629631   161   +1.027  [0.58,0.21,0.21]   11980   1504    447  +1.0000  -0.8009  -0.1168
   3950    631220   160   +0.195  [0.11,0.66,0.23]   10614   1042    397  +0.7857  -0.7455  +0.0085

  ── rolling mean (last 50 ep) ──  cum_R=+0.663  yield=10717 kg/ha  N=1412  W=391 mm  R_yld=+0.775  R_ane=-0.773  R_wef=+0.021

   3960    632835   160   +0.371  [0.26,0.63,0.12]   12776   1295    405  +1.0000  -0.7533  -0.0119
   3970    634448   162   +0.307  [0.23,0.54,0.23]   10210   1484    383  +0.6799  -0.8279  +0.0428
   3980    636062   159   +0.845  [0.13,0.12,0.76]    9187   1543    239  +0.4112  -0.8511  +0.4027
   3990    637647   162   +1.225  [0.57,0.00,0.43]   12574   1543    374  +1.0000  -0.7963  +0.0645
   4000    639241   163   +0.879  [0.43,0.01,0.56]   10274   1708    431  +0.6967  -0.8496  -0.0775

  ── rolling mean (last 50 ep) ──  cum_R=+0.668  yield=10722 kg/ha  N=1446  W=384 mm  R_yld=+0.767  R_ane=-0.799  R_wef=+0.040

   4010    640869   165   +0.145  [0.00,0.68,0.32]   10823    897    381  +0.8406  -0.6985  +0.0470
   4020    642462   154   +0.827  [0.43,0.18,0.39]    9900   1266    382  +0.5984  -0.8044  +0.0458
   4030    644070   160   +0.790  [0.38,0.16,0.46]   11793   1477    404  +1.0000  -0.8004  -0.0109
   4040    645667   161   +0.707  [0.02,0.20,0.78]    7388   1859    284  -0.0609  -0.9007  +0.2913
   4050    647270   158   +0.672  [0.39,0.42,0.19]   11355   1522    382  +0.9803  -0.8135  +0.0441

  ── rolling mean (last 50 ep) ──  cum_R=+0.669  yield=10582 kg/ha  N=1377  W=379 mm  R_yld=+0.757  R_ane=-0.781  R_wef=+0.053

   4060    648875   163   +0.632  [0.35,0.35,0.30]   11839   1117    439  +1.0000  -0.7350  -0.0983
   4070    650460   155   +0.193  [0.34,0.56,0.10]    8110    866    418  +0.1285  -0.7658  -0.0456
   4080    652066   160   +0.939  [0.18,0.12,0.70]   10344   1517    271  +0.7151  -0.8295  +0.3219
   4090    653652   158   +0.841  [0.51,0.43,0.06]   12307   1047    381  +1.0000  -0.7061  +0.0474
   4100    655255   160   +0.987  [0.64,0.21,0.15]   10988   1046    425  +0.8840  -0.7374  -0.0617

  ── rolling mean (last 50 ep) ──  cum_R=+0.747  yield=10854 kg/ha  N=1206  W=385 mm  R_yld=+0.808  R_ane=-0.708  R_wef=+0.038

   4110    656845   159   +0.629  [0.26,0.32,0.42]   11372   1268    350  +0.9849  -0.7758  +0.1258
   4120    658439   162   +0.997  [0.90,0.10,0.00]    9826   1309    387  +0.5789  -0.8123  +0.0316
   4130    660054   158   +1.425  [0.82,0.07,0.11]   12542   1203    455  +1.0000  -0.7394  -0.1383
   4140    661671   165   +0.853  [0.39,0.21,0.40]   10776   1320    334  +0.8283  -0.7959  +0.1657
   4150    663269   153   +0.597  [0.44,0.41,0.15]    9972   1049    373  +0.6173  -0.7624  +0.0683

  ── rolling mean (last 50 ep) ──  cum_R=+0.728  yield=10604 kg/ha  N=1273  W=382 mm  R_yld=+0.753  R_ane=-0.760  R_wef=+0.044

   4160    664856   162   +0.634  [0.19,0.18,0.63]   10745   1305    407  +0.8202  -0.7942  -0.0179
   4170    666466   168   +0.959  [0.42,0.03,0.55]   11851   1303    442  +1.0000  -0.7726  -0.1061
   4180    668066   153   +1.028  [0.42,0.12,0.46]   11591   1171    379  +1.0000  -0.7526  +0.0534
   4190    669667   156   +0.946  [0.37,0.09,0.54]   12418   1165    347  +1.0000  -0.7336  +0.1321
   4200    671160   165   +0.628  [0.47,0.51,0.01]   11904   1348    370  +1.0000  -0.7792  +0.0763

  ── rolling mean (last 50 ep) ──  cum_R=+0.705  yield=10721 kg/ha  N=1196  W=369 mm  R_yld=+0.793  R_ane=-0.741  R_wef=+0.078

   4210    672760   157   +0.945  [0.48,0.15,0.38]   11420   1069    389  +0.9975  -0.7329  +0.0264
   4220    674363   160   +0.251  [0.09,0.77,0.14]   11397    650    388  +0.9914  -0.5618  +0.0306
   4230    675952   157   +1.063  [0.18,0.03,0.79]   11143   1619    248  +0.9247  -0.8279  +0.3798
   4240    677541   164   +0.774  [0.25,0.12,0.63]   10966   1922    447  +0.8781  -0.8574  -0.1170
   4250    679135   160   +0.349  [0.17,0.81,0.02]   10324    443    353  +0.7096  -0.4174  +0.1168

  ── rolling mean (last 50 ep) ──  cum_R=+0.659  yield=10850 kg/ha  N=1139  W=355 mm  R_yld=+0.816  R_ane=-0.743  R_wef=+0.112

   4260    680709   156   +0.926  [0.06,0.11,0.83]   11387   1578    256  +0.9888  -0.8195  +0.3605
   4270    682301   162   +0.702  [0.36,0.46,0.18]   13277   1054    361  +1.0000  -0.6852  +0.0973
   4280    683908   160   +1.002  [0.06,0.09,0.84]   10654    834    238  +0.7963  -0.6806  +0.4063
   4290    685499   161   +0.899  [0.47,0.19,0.34]   12048   1225    329  +1.0000  -0.7542  +0.1786
   4300    687105   156   +0.921  [0.23,0.01,0.76]    8400   2215    287  +0.2048  -0.9052  +0.2824

  ── rolling mean (last 50 ep) ──  cum_R=+0.763  yield=10782 kg/ha  N=1144  W=346 mm  R_yld=+0.786  R_ane=-0.715  R_wef=+0.136

   4310    688727   160   +0.228  [0.03,0.73,0.24]   10399    719    337  +0.7294  -0.6383  +0.1576
   4320    690339   157   +0.152  [0.10,0.62,0.28]   10854   1032    353  +0.8488  -0.7369  +0.1180
   4330    691927   161   +0.513  [0.31,0.63,0.06]   11584   1058    278  +1.0000  -0.7263  +0.3039
   4340    693535   161   +0.556  [0.12,0.33,0.55]   11865    976    423  +1.0000  -0.6960  -0.0579
   4350    695139   159   +1.018  [0.00,0.99,0.00]    9751    151    350  +0.5592  +0.6130  +0.1247

  ── rolling mean (last 50 ep) ──  cum_R=+0.659  yield=10670 kg/ha  N=1103  W=349 mm  R_yld=+0.775  R_ane=-0.699  R_wef=+0.127

   4360    696729   165   +1.039  [0.45,0.19,0.36]   12106   1058    362  +1.0000  -0.7140  +0.0947
   4370    698315   158   +1.160  [0.76,0.08,0.16]   10521   1158    398  +0.7615  -0.7729  +0.0050
   4380    699922   162   +0.246  [0.01,0.79,0.19]   11148    607    318  +0.9260  -0.5409  +0.2044
   4390    701525   161   +0.914  [0.31,0.17,0.52]   11382   1110    359  +0.9873  -0.7437  +0.1027
   4400    703108   158   +0.874  [0.24,0.15,0.61]   11501   1400    346  +1.0000  -0.7947  +0.1353

  ── rolling mean (last 50 ep) ──  cum_R=+0.715  yield=10490 kg/ha  N=1075  W=351 mm  R_yld=+0.727  R_ane=-0.711  R_wef=+0.123

   4410    704714   158   +0.637  [0.13,0.84,0.03]   11932    344    382  +1.0000  -0.1323  +0.0444
   4420    706304   158   +1.024  [0.50,0.03,0.46]   10260   1122    323  +0.6930  -0.7714  +0.1915
   4430    707899   160   +1.336  [0.66,0.04,0.29]   11581   1132    406  +1.0000  -0.7443  -0.0137
   4440    709501   161   +0.904  [0.33,0.16,0.52]   11770   1165    332  +1.0000  -0.7475  +0.1690
   4450    711096   159   +0.804  [0.55,0.39,0.06]   10619   1213    392  +0.7872  -0.7811  +0.0206

  ── rolling mean (last 50 ep) ──  cum_R=+0.786  yield=11125 kg/ha  N=1059  W=348 mm  R_yld=+0.868  R_ane=-0.693  R_wef=+0.131

   4460    712697   154   +0.771  [0.58,0.32,0.10]    9924    801    386  +0.6048  -0.6902  +0.0357
   4470    714295   159   +0.408  [0.02,0.84,0.14]    9093    309    351  +0.3866  -0.2635  +0.1221
   4480    715887   152   +0.735  [0.23,0.35,0.41]   13542    820    380  +1.0000  -0.5872  +0.0497
   4490    717488   164   +0.491  [0.12,0.38,0.50]   10074   1128    346  +0.6441  -0.7767  +0.1344
   4500    719099   156   +1.099  [0.52,0.24,0.24]   12619   1120    355  +1.0000  -0.7184  +0.1132

  ── rolling mean (last 50 ep) ──  cum_R=+0.749  yield=11045 kg/ha  N=1011  W=341 mm  R_yld=+0.834  R_ane=-0.702  R_wef=+0.148

   4510    720705   165   +0.823  [0.52,0.34,0.14]   10452   1030    319  +0.7434  -0.7463  +0.2021
   4520    722319   164   +1.379  [0.76,0.01,0.23]   10983   1164    416  +0.8827  -0.7641  -0.0406
   4530    723907   160   +0.710  [0.37,0.47,0.16]   12351    936    344  +1.0000  -0.6702  +0.1395
   4540    725503   158   +0.394  [0.10,0.54,0.35]   11350    963    408  +0.9789  -0.7055  -0.0206
   4550    727116   161   +0.598  [0.23,0.43,0.35]   10756    859    249  +0.8230  -0.6870  +0.3775

  ── rolling mean (last 50 ep) ──  cum_R=+0.827  yield=10922 kg/ha  N=1055  W=333 mm  R_yld=+0.832  R_ane=-0.725  R_wef=+0.167

   4560    728697   159   +1.060  [0.36,0.14,0.50]   11240   1127    326  +0.9502  -0.7506  +0.1850
   4570    730280   166   +1.241  [0.71,0.12,0.17]   11746   1077    378  +1.0000  -0.7273  +0.0544
   4580    731866   155   +0.859  [0.54,0.26,0.20]   10482   1040    387  +0.7511  -0.7481  +0.0322
   4590    733460   165   +1.129  [0.65,0.09,0.26]   10826   1189    354  +0.8415  -0.7724  +0.1162
   4600    735074   156   +0.431  [0.05,0.77,0.18]   11618    546    306  +1.0000  -0.4681  +0.2338

  ── rolling mean (last 50 ep) ──  cum_R=+0.817  yield=10950 kg/ha  N=959  W=337 mm  R_yld=+0.829  R_ane=-0.683  R_wef=+0.157

   4610    736687   162   +0.862  [0.28,0.21,0.51]   11884   1052    324  +1.0000  -0.7176  +0.1905
   4620    738279   158   +1.005  [0.65,0.12,0.23]   10072    961    371  +0.6435  -0.7381  +0.0717
   4630    739871   158   +0.985  [0.06,0.09,0.85]    7942   1127    215  +0.0846  -0.8238  +0.4620
   4640    741475   158   +0.543  [0.11,0.84,0.05]   10401    335    306  +0.7300  -0.2244  +0.2351
   4650    743069   162   +0.410  [0.16,0.79,0.05]   10842    495    289  +0.8456  -0.4528  +0.2786

  ── rolling mean (last 50 ep) ──  cum_R=+0.777  yield=10486 kg/ha  N=951  W=325 mm  R_yld=+0.727  R_ane=-0.691  R_wef=+0.188

   4660    744666   159   +0.938  [0.44,0.03,0.52]    9908    854    317  +0.6004  -0.7101  +0.2080
   4670    746267   159   +0.719  [0.31,0.21,0.48]    9926    960    289  +0.6053  -0.7416  +0.2768
   4680    747852   161   +0.746  [0.11,0.33,0.56]   12754    796    305  +1.0000  -0.5993  +0.2377
   4690    749434   155   +0.514  [0.00,0.47,0.53]   10656    724    324  +0.7969  -0.6321  +0.1890
   4700    751045   160   +0.617  [0.39,0.57,0.04]   12460    926    334  +1.0000  -0.6635  +0.1643

  ── rolling mean (last 50 ep) ──  cum_R=+0.853  yield=10846 kg/ha  N=960  W=327 mm  R_yld=+0.798  R_ane=-0.692  R_wef=+0.182

   4710    752652   162   +1.090  [0.02,0.01,0.97]   10144   1415    218  +0.6625  -0.8208  +0.4544
   4720    754253   166   +0.874  [0.33,0.27,0.40]   11581    906    368  +1.0000  -0.6803  +0.0803
   4730    755852   160   +0.530  [0.22,0.52,0.26]   11222    815    280  +0.9454  -0.6556  +0.3009
   4740    757443   164   +0.970  [0.38,0.12,0.50]   10845    921    324  +0.8465  -0.7055  +0.1897
   4750    759022   160   +0.593  [0.07,0.39,0.55]   10916    792    359  +0.8652  -0.6555  +0.1025

  ── rolling mean (last 50 ep) ──  cum_R=+0.832  yield=10602 kg/ha  N=905  W=316 mm  R_yld=+0.754  R_ane=-0.650  R_wef=+0.209

   4760    760626   160   +0.548  [0.41,0.25,0.34]    7817    762    281  +0.0517  -0.7437  +0.2969
   4770    762207   165   +1.168  [0.67,0.23,0.10]   11732   1158    333  +1.0000  -0.7468  +0.1665
   4780    763705   160   +0.675  [0.07,0.29,0.64]    9226    832    307  +0.4215  -0.7228  +0.2320
   4790    765303   160   +0.626  [0.32,0.56,0.12]   10823    739    350  +0.8408  -0.6337  +0.1250
   4800    766897   156   +0.720  [0.33,0.46,0.21]   11602    886    353  +1.0000  -0.6725  +0.1180

  ── rolling mean (last 50 ep) ──  cum_R=+0.773  yield=10483 kg/ha  N=880  W=317 mm  R_yld=+0.742  R_ane=-0.692  R_wef=+0.208

   4810    768515   166   +0.836  [0.22,0.17,0.61]    9969    853    305  +0.6166  -0.7077  +0.2371
   4820    770124   163   +1.232  [0.90,0.05,0.05]   10512   1127    289  +0.7590  -0.7668  +0.2783
   4830    771734   166   +0.919  [0.29,0.23,0.48]   11411    910    318  +0.9950  -0.6866  +0.2054
   4840    773348   160   +0.626  [0.26,0.53,0.21]   10438    635    350  +0.7396  -0.5889  +0.1253
   4850    774960   157   +1.043  [0.57,0.15,0.28]   10492    899    326  +0.7538  -0.7081  +0.1855

  ── rolling mean (last 50 ep) ──  cum_R=+0.894  yield=10812 kg/ha  N=826  W=308 mm  R_yld=+0.788  R_ane=-0.644  R_wef=+0.230

   4860    776570   168   +0.597  [0.01,0.41,0.58]   11402    704    253  +0.9927  -0.5953  +0.3669
   4870    778181   165   +0.709  [0.15,0.21,0.64]   10990    858    400  +0.8845  -0.6798  +0.0013
   4880    779778   160   +0.890  [0.45,0.35,0.20]   11960    838    321  +1.0000  -0.6433  +0.1978
   4890    781395   160   +0.794  [0.25,0.29,0.46]   10692    756    286  +0.8063  -0.6466  +0.2863
   4900    782988   159   +1.530  [0.94,0.04,0.02]   11204   1296    343  +0.9406  -0.7838  +0.1422

  ── rolling mean (last 50 ep) ──  cum_R=+0.830  yield=10911 kg/ha  N=796  W=305 mm  R_yld=+0.807  R_ane=-0.617  R_wef=+0.237

   4910    784587   162   +0.678  [0.19,0.54,0.26]   11050    585    318  +0.9002  -0.5277  +0.2051
   4920    786196   163   +0.410  [0.06,0.53,0.41]   10914    800    295  +0.8644  -0.6589  +0.2626
   4930    787831   169   +0.886  [0.35,0.16,0.49]   10525   1031    377  +0.7625  -0.7448  +0.0571
   4940    789431   152   +0.519  [0.15,0.71,0.14]   11192    536    291  +0.9375  -0.4777  +0.2714
   4950    791042   158   +0.943  [0.32,0.20,0.48]   10708    586    259  +0.8104  -0.5430  +0.3527

  ── rolling mean (last 50 ep) ──  cum_R=+0.805  yield=10829 kg/ha  N=792  W=297 mm  R_yld=+0.806  R_ane=-0.642  R_wef=+0.257

   4960    792623   156   +1.041  [0.19,0.04,0.77]   10684   1038    264  +0.8041  -0.7428  +0.3413
   4970    794220   163   +0.694  [0.20,0.45,0.35]   11939    609    326  +1.0000  -0.5098  +0.1847
   4980    795821   160   +1.031  [0.47,0.10,0.43]   10271    941    324  +0.6958  -0.7272  +0.1905
   4990    797439   156   +1.292  [0.84,0.02,0.13]   10390   1032    383  +0.7269  -0.7483  +0.0422
   5000    799031   155   +0.287  [0.11,0.75,0.14]    9865    563    255  +0.5893  -0.5619  +0.3621

  ── rolling mean (last 50 ep) ──  cum_R=+0.834  yield=10692 kg/ha  N=770  W=299 mm  R_yld=+0.776  R_ane=-0.637  R_wef=+0.251

   5010    800658   165   +0.951  [0.43,0.33,0.25]   12004    752    290  +1.0000  -0.6009  +0.2754
   5020    802270   161   +0.947  [0.53,0.28,0.19]   10632    774    353  +0.7905  -0.6568  +0.1182
   5030    803860   159   +0.627  [0.12,0.42,0.47]   11077    690    262  +0.9075  -0.5988  +0.3447
   5040    805440   157   +0.969  [0.27,0.11,0.63]   11502    728    321  +1.0000  -0.6051  +0.1972
   5050    807049   164   +1.193  [0.51,0.25,0.24]   12481    618    361  +1.0000  -0.4948  +0.0984

  ── rolling mean (last 50 ep) ──  cum_R=+0.879  yield=11012 kg/ha  N=698  W=309 mm  R_yld=+0.841  R_ane=-0.593  R_wef=+0.227

   5060    808648   158   +0.955  [0.61,0.09,0.31]    9728    780    296  +0.5533  -0.6881  +0.2601
   5070    810253   163   +1.058  [0.52,0.30,0.18]   12070    548    258  +1.0000  -0.4493  +0.3543
   5080    811856   162   +0.700  [0.04,0.34,0.62]   10540    648    306  +0.7663  -0.5937  +0.2358
   5090    813439   162   +0.717  [0.18,0.40,0.42]   11887    721    269  +1.0000  -0.5877  +0.3281
   5100    815048   160   +0.946  [0.44,0.30,0.25]   11161    594    291  +0.9294  -0.5306  +0.2721

  ── rolling mean (last 50 ep) ──  cum_R=+0.859  yield=10919 kg/ha  N=666  W=295 mm  R_yld=+0.813  R_ane=-0.573  R_wef=+0.262

   5110    816635   157   +1.228  [0.85,0.08,0.07]   10316    640    297  +0.7077  -0.5968  +0.2568
   5120    818242   161   +0.339  [0.11,0.68,0.21]    9230    536    292  +0.4224  -0.5692  +0.2697
   5130    819836   161   +1.032  [0.08,0.10,0.82]   12024    726    190  +1.0000  -0.5861  +0.5239
   5140    821437   166   +0.763  [0.31,0.55,0.15]   11940    650    362  +1.0000  -0.5411  +0.0955
   5150    823038   161   +1.105  [0.33,0.11,0.56]   11632    696    308  +1.0000  -0.5823  +0.2311

  ── rolling mean (last 50 ep) ──  cum_R=+0.870  yield=10844 kg/ha  N=673  W=288 mm  R_yld=+0.804  R_ane=-0.567  R_wef=+0.280

   5160    824638   159   +0.358  [0.01,0.85,0.14]   11135    296    320  +0.9227  -0.0591  +0.2005
   5170    826224   159   +0.783  [0.38,0.25,0.37]    9322    564    269  +0.4467  -0.5864  +0.3267
   5180    827831   164   +0.551  [0.15,0.63,0.22]   11448    666    281  +1.0000  -0.5704  +0.2975
   5190    829441   168   +0.863  [0.37,0.16,0.46]    9600    701    361  +0.5198  -0.6577  +0.0985
   5200    831042   162   +0.535  [0.21,0.62,0.18]   11913    778    275  +1.0000  -0.6174  +0.3115

  ── rolling mean (last 50 ep) ──  cum_R=+0.840  yield=10644 kg/ha  N=652  W=301 mm  R_yld=+0.765  R_ane=-0.555  R_wef=+0.246

   5210    832647   159   +0.503  [0.08,0.71,0.21]   12430    592    322  +1.0000  -0.4747  +0.1939
   5220    834249   163   +0.715  [0.27,0.60,0.13]   11787    565    273  +1.0000  -0.4782  +0.3166
   5230    835836   160   +0.740  [0.08,0.28,0.64]    8818    605    285  +0.3144  -0.6356  +0.2879
   5240    837447   161   +0.927  [0.22,0.20,0.58]   11520    685    309  +1.0000  -0.5795  +0.2264
   5250    839058   162   +0.917  [0.28,0.29,0.43]   11318    742    258  +0.9706  -0.6186  +0.3557

  ── rolling mean (last 50 ep) ──  cum_R=+0.918  yield=10801 kg/ha  N=656  W=288 mm  R_yld=+0.793  R_ane=-0.561  R_wef=+0.280

   5260    840649   157   +0.671  [0.15,0.44,0.41]   10448    566    334  +0.7423  -0.5382  +0.1660
   5270    842243   157   +0.870  [0.19,0.23,0.58]   12240    702    264  +1.0000  -0.5643  +0.3405
   5280    843838   162   +0.739  [0.14,0.12,0.75]    6811   1221    260  -0.2123  -0.8606  +0.3493
   5290    845448   161   +0.595  [0.25,0.67,0.08]   11675    638    280  +1.0000  -0.5422  +0.3005
   5300    847062   161   +0.537  [0.03,0.79,0.19]   11226    442    320  +0.9463  -0.3651  +0.1997

  ── rolling mean (last 50 ep) ──  cum_R=+0.854  yield=10664 kg/ha  N=692  W=294 mm  R_yld=+0.754  R_ane=-0.577  R_wef=+0.266

   5310    848582   162   +0.395  [0.10,0.77,0.14]   10549    539    361  +0.7687  -0.5110  +0.0975
   5320    850175   160   +0.839  [0.42,0.22,0.36]   10179    780    348  +0.6716  -0.6736  +0.1290
   5330    851766   156   +0.726  [0.24,0.35,0.41]   10000    586    247  +0.6247  -0.5737  +0.3815
   5340    853353   158   +0.903  [0.43,0.23,0.34]   10080    674    359  +0.6456  -0.6261  +0.1024
   5350    854951   159   +0.781  [0.34,0.36,0.30]   10965    629    279  +0.8779  -0.5641  +0.3017

  ── rolling mean (last 50 ep) ──  cum_R=+0.852  yield=10674 kg/ha  N=651  W=304 mm  R_yld=+0.777  R_ane=-0.558  R_wef=+0.240

   5360    856551   158   +0.486  [0.01,0.67,0.31]   11197    636    243  +0.9389  -0.5601  +0.3933
   5370    858161   160   +0.835  [0.51,0.42,0.07]   10768    681    366  +0.8262  -0.6047  +0.0844
   5380    859763   164   +0.645  [0.06,0.44,0.50]   11416    606    241  +0.9964  -0.5293  +0.3973
   5390    861361   156   +0.872  [0.33,0.13,0.55]    9612    834    271  +0.5229  -0.7119  +0.3226
   5400    862965   162   +0.433  [0.08,0.67,0.25]   11376    616    295  +0.9859  -0.5381  +0.2630

  ── rolling mean (last 50 ep) ──  cum_R=+0.866  yield=10938 kg/ha  N=677  W=295 mm  R_yld=+0.818  R_ane=-0.574  R_wef=+0.262

   5410    864565   161   +0.678  [0.08,0.41,0.51]   11391    674    272  +0.9897  -0.5776  +0.3207
   5420    866180   155   +0.535  [0.14,0.80,0.06]   11562    412    304  +1.0000  -0.2977  +0.2411
   5430    867784   165   +0.543  [0.11,0.50,0.39]   10943    698    277  +0.8722  -0.6081  +0.3072
   5440    869374   156   +0.926  [0.30,0.34,0.36]   11908    665    266  +1.0000  -0.5525  +0.3337
   5450    870973   158   +1.211  [0.56,0.07,0.37]   11074    653    330  +0.9064  -0.5759  +0.1748

  ── rolling mean (last 50 ep) ──  cum_R=+0.881  yield=10893 kg/ha  N=654  W=304 mm  R_yld=+0.821  R_ane=-0.553  R_wef=+0.241

   5460    872577   159   +1.402  [0.82,0.16,0.01]   11025    850    326  +0.8938  -0.6756  +0.1838
   5470    874194   156   +1.036  [0.26,0.02,0.72]    9795    752    314  +0.5710  -0.6745  +0.2151
   5480    875804   155   +1.073  [0.32,0.02,0.66]   10007    564    282  +0.6266  -0.5568  +0.2937
   5490    877409   166   +0.961  [0.24,0.30,0.46]   13129    732    318  +1.0000  -0.5516  +0.2054
   5500    879025   164   +0.843  [0.15,0.22,0.63]   10579    742    227  +0.7766  -0.6433  +0.4333

  ── rolling mean (last 50 ep) ──  cum_R=+0.870  yield=10764 kg/ha  N=687  W=293 mm  R_yld=+0.778  R_ane=-0.593  R_wef=+0.266

   5510    880623   160   +1.018  [0.43,0.41,0.15]   11911    655    396  +1.0000  -0.5455  +0.0112
   5520    882208   163   +0.632  [0.11,0.47,0.42]   11843    623    268  +1.0000  -0.5246  +0.3289
   5530    883838   157   +1.152  [0.61,0.15,0.24]   10822    657    324  +0.8403  -0.5880  +0.1895
   5540    885435   160   +0.751  [0.46,0.27,0.27]    9424    745    298  +0.4735  -0.6838  +0.2538
   5550    887044   161   +1.304  [0.71,0.12,0.18]   11484    752    322  +1.0000  -0.6184  +0.1962

  ── rolling mean (last 50 ep) ──  cum_R=+0.910  yield=10590 kg/ha  N=679  W=303 mm  R_yld=+0.750  R_ane=-0.594  R_wef=+0.242

   5560    888642   167   +1.109  [0.43,0.08,0.50]   11217    595    340  +0.9440  -0.5288  +0.1507
   5570    890246   164   +1.284  [0.59,0.02,0.39]   12408    687    302  +1.0000  -0.5482  +0.2451
   5580    891853   164   +0.933  [0.32,0.16,0.52]   10789    696    353  +0.8317  -0.6122  +0.1166
   5590    893445   162   +1.457  [0.68,0.01,0.31]   11767    769    337  +1.0000  -0.6174  +0.1584
   5600    895023   159   +0.641  [0.15,0.41,0.44]   10746    561    319  +0.8204  -0.5211  +0.2017

  ── rolling mean (last 50 ep) ──  cum_R=+0.859  yield=10855 kg/ha  N=630  W=307 mm  R_yld=+0.795  R_ane=-0.554  R_wef=+0.232

   5610    896613   157   +0.830  [0.09,0.87,0.04]   11044    251    385  +0.8987  +0.1001  +0.0365
   5620    898217   163   +0.952  [0.31,0.23,0.45]   11264    628    301  +0.9565  -0.5518  +0.2484
   5630    899807   155   +0.959  [0.05,0.17,0.78]    9262    823    247  +0.4310  -0.7186  +0.3814
   5640    901401   157   +0.775  [0.35,0.45,0.21]   11658    589    262  +1.0000  -0.5050  +0.3436
   5650    903001   165   +0.978  [0.11,0.08,0.81]   10400    734    218  +0.7296  -0.6457  +0.4558

  ── rolling mean (last 50 ep) ──  cum_R=+0.864  yield=11009 kg/ha  N=655  W=296 mm  R_yld=+0.833  R_ane=-0.550  R_wef=+0.259

   5660    904589   161   +0.528  [0.05,0.42,0.53]    8796    712    253  +0.3086  -0.6913  +0.3669
   5670    906178   158   +1.348  [0.70,0.12,0.18]   11902    772    326  +1.0000  -0.6144  +0.1840
   5680    907783   155   +0.486  [0.06,0.57,0.37]   11222    576    270  +0.9455  -0.5129  +0.3261
   5690    909389   163   +0.447  [0.02,0.83,0.15]    9718    411    301  +0.5506  -0.4094  +0.2469
   5700    910978   150   +0.734  [0.20,0.35,0.44]   12664    690    260  +1.0000  -0.5410  +0.3507

  ── rolling mean (last 50 ep) ──  cum_R=+0.878  yield=10931 kg/ha  N=673  W=296 mm  R_yld=+0.811  R_ane=-0.583  R_wef=+0.260

   5710    912566   163   +0.370  [0.13,0.72,0.15]   10638    596    309  +0.7922  -0.5538  +0.2268
   5720    914135   160   +0.786  [0.37,0.37,0.26]   12882    826    296  +1.0000  -0.6099  +0.2586
   5730    915723   153   +0.995  [0.30,0.18,0.52]   12353    658    307  +1.0000  -0.5306  +0.2327
   5740    917318   159   +1.432  [0.84,0.10,0.07]   11019    708    366  +0.8920  -0.6110  +0.0855
   5750    918901   162   +0.851  [0.57,0.33,0.10]   10579    647    238  +0.7766  -0.5911  +0.4047

  ── rolling mean (last 50 ep) ──  cum_R=+0.852  yield=10877 kg/ha  N=643  W=301 mm  R_yld=+0.803  R_ane=-0.542  R_wef=+0.247

   5760    920501   162   +0.706  [0.18,0.33,0.49]   10533    756    229  +0.7646  -0.6515  +0.4267
   5770    922096   161   +0.636  [0.05,0.39,0.56]   11000    615    318  +0.8871  -0.5529  +0.2052
   5780    923697   159   +0.983  [0.10,0.17,0.73]   11389    625    232  +0.9893  -0.5444  +0.4193
   5790    925298   165   +1.184  [0.58,0.27,0.15]   12410    897    365  +1.0000  -0.6542  +0.0872
   5800    926900   155   +0.832  [0.11,0.12,0.77]    6503    991    266  -0.2931  -0.8360  +0.3346

  ── rolling mean (last 50 ep) ──  cum_R=+0.906  yield=11020 kg/ha  N=675  W=298 mm  R_yld=+0.835  R_ane=-0.580  R_wef=+0.254

   5810    928488   162   +0.587  [0.07,0.53,0.40]   11264    553    270  +0.9565  -0.4904  +0.3263
   5820    930097   162   +0.723  [0.26,0.42,0.32]   10441    646    294  +0.7405  -0.5958  +0.2658
   5830    931698   161   +1.267  [0.59,0.17,0.24]   11297    729    290  +0.9651  -0.6127  +0.2743
   5840    933282   157   +0.562  [0.01,0.44,0.55]   10454    563    326  +0.7438  -0.5356  +0.1847
   5850    934883   159   +0.824  [0.29,0.20,0.51]    9967    662    309  +0.6161  -0.6236  +0.2271

  ── rolling mean (last 50 ep) ──  cum_R=+0.843  yield=10663 kg/ha  N=640  W=307 mm  R_yld=+0.777  R_ane=-0.553  R_wef=+0.233

   5860    936475   158   +0.631  [0.26,0.70,0.04]   11593    577    301  +1.0000  -0.4977  +0.2484
   5870    938083   153   +0.564  [0.19,0.53,0.28]    9335    623    315  +0.4502  -0.6254  +0.2126
   5880    939679   158   +0.936  [0.28,0.26,0.47]   11946    681    313  +1.0000  -0.5612  +0.2173
   5890    941275   163   +1.461  [0.58,0.04,0.37]   12102    715    370  +1.0000  -0.5769  +0.0748
   5900    942869   161   +1.453  [0.86,0.10,0.04]   11257    634    314  +0.9547  -0.5563  +0.2139

  ── rolling mean (last 50 ep) ──  cum_R=+0.945  yield=11020 kg/ha  N=665  W=301 mm  R_yld=+0.846  R_ane=-0.572  R_wef=+0.247

   5910    944454   155   +0.461  [0.12,0.80,0.08]   10972    478    339  +0.8798  -0.4259  +0.1525
   5920    946073   161   +0.794  [0.24,0.33,0.43]   10619    630    236  +0.7872  -0.5786  +0.4112
   5930    947667   161   +1.459  [0.80,0.04,0.16]   11566    776    322  +1.0000  -0.6274  +0.1951
   5940    949258   157   +1.000  [0.32,0.08,0.60]   10222    580    294  +0.6829  -0.5590  +0.2652
   5950    950873   162   +0.468  [0.08,0.61,0.32]   11516    630    262  +1.0000  -0.5430  +0.3439

  ── rolling mean (last 50 ep) ──  cum_R=+0.837  yield=10744 kg/ha  N=645  W=299 mm  R_yld=+0.776  R_ane=-0.565  R_wef=+0.252

   5960    952464   160   +0.782  [0.01,0.36,0.63]   11251    532    241  +0.9530  -0.4716  +0.3968
   5970    954053   161   +0.975  [0.73,0.18,0.10]   10060    730    305  +0.6404  -0.6557  +0.2371
   5980    955670   164   +0.318  [0.01,0.77,0.22]   10564    574    300  +0.7727  -0.5402  +0.2512
   5990    957260   157   +0.879  [0.63,0.32,0.05]    9666    729    372  +0.5369  -0.6684  +0.0691
   6000    958849   160   +0.850  [0.28,0.35,0.37]   12783    696    277  +1.0000  -0.5409  +0.3065

  ── rolling mean (last 50 ep) ──  cum_R=+0.800  yield=10810 kg/ha  N=664  W=299 mm  R_yld=+0.804  R_ane=-0.581  R_wef=+0.253

   6010    960459   159   +0.941  [0.32,0.19,0.49]   11105    868    363  +0.9147  -0.6802  +0.0923
   6020    962053   155   +0.899  [0.32,0.17,0.50]   10513    704    307  +0.7592  -0.6266  +0.2323
   6030    963656   160   +0.730  [0.10,0.35,0.55]   11685    618    337  +1.0000  -0.5273  +0.1584
   6040    965261   158   +0.758  [0.36,0.26,0.38]    9782    782    283  +0.5674  -0.6873  +0.2919
   6050    966878   165   +1.290  [0.84,0.05,0.10]   10898    816    287  +0.8603  -0.6662  +0.2822

  ── rolling mean (last 50 ep) ──  cum_R=+0.963  yield=10814 kg/ha  N=674  W=297 mm  R_yld=+0.806  R_ane=-0.594  R_wef=+0.258

   6060    968473   150   +1.348  [0.75,0.02,0.23]   10770    767    310  +0.8267  -0.6488  +0.2252
   6070    970069   151   +0.729  [0.32,0.52,0.16]   11291    559    344  +0.9634  -0.4947  +0.1403
   6080    971652   159   +0.937  [0.03,0.15,0.82]   10512    891    243  +0.7590  -0.7050  +0.3917
   6090    973230   159   +0.657  [0.13,0.26,0.61]    9162    724    327  +0.4046  -0.6837  +0.1822
   6100    974820   155   +0.207  [0.18,0.75,0.06]    8304    559    295  +0.1795  -0.6284  +0.2617

  ── rolling mean (last 50 ep) ──  cum_R=+0.867  yield=10970 kg/ha  N=650  W=305 mm  R_yld=+0.833  R_ane=-0.568  R_wef=+0.238

   6110    976434   164   +0.942  [0.54,0.43,0.03]   10611    727    349  +0.7849  -0.6350  +0.1273
   6120    978037   159   +0.686  [0.32,0.52,0.17]   10806    558    337  +0.8364  -0.5159  +0.1580
   6130    979613   155   +1.108  [0.44,0.15,0.41]   11447    691    330  +1.0000  -0.5857  +0.1756
   6140    981207   162   +0.685  [0.13,0.35,0.52]   11591    671    234  +1.0000  -0.5684  +0.4163
   6150    982800   166   +1.089  [0.58,0.24,0.17]   11538    853    318  +1.0000  -0.6617  +0.2060

  ── rolling mean (last 50 ep) ──  cum_R=+0.886  yield=10955 kg/ha  N=668  W=293 mm  R_yld=+0.828  R_ane=-0.571  R_wef=+0.267

   6160    984408   160   +1.112  [0.38,0.09,0.53]   11005    697    241  +0.8884  -0.6054  +0.3980
   6170    986018   162   +0.389  [0.24,0.73,0.03]    9250    617    256  +0.4278  -0.6251  +0.3602
   6180    987629   159   +1.291  [0.84,0.00,0.16]   10719    700    306  +0.8133  -0.6169  +0.2359
   6190    989224   160   +0.591  [0.20,0.63,0.17]   12842    549    299  +1.0000  -0.4155  +0.2536
   6200    990821   154   +1.217  [0.74,0.04,0.22]   10835    944    310  +0.8439  -0.7131  +0.2256

  ── rolling mean (last 50 ep) ──  cum_R=+0.843  yield=10781 kg/ha  N=658  W=301 mm  R_yld=+0.790  R_ane=-0.575  R_wef=+0.247

   6210    992419   160   +0.632  [0.02,0.97,0.01]    9728    208    320  +0.5532  +0.1693  +0.2000
   6220    994009   154   +1.073  [0.53,0.17,0.30]   11206    659    336  +0.9413  -0.5748  +0.1588
   6230    995585   156   +0.611  [0.02,0.84,0.14]   10230    345    351  +0.6849  -0.2596  +0.1231
   6240    997187   167   +0.759  [0.03,0.33,0.63]   10871    755    228  +0.8532  -0.6402  +0.4313
   6250    998781   156   +0.722  [0.34,0.54,0.12]   11204    658    317  +0.9408  -0.5746  +0.2077

  ── rolling mean (last 50 ep) ──  cum_R=+0.853  yield=10846 kg/ha  N=651  W=306 mm  R_yld=+0.815  R_ane=-0.550  R_wef=+0.234


✓ Training complete in 308.5 min
✓ Model saved → /tmp/capql
✓ Episode log → /workspace/capql_episode_log.csv
/workspace/gym-dssat-pdi/gym_dssat_pdi_samples/06_capql_train.py:635: MatplotlibDeprecationWarning: savefig() got unexpected keyword argument "orientation" which is no longer supported as of 3.3 and will become an error two minor releases later
  plt.savefig(PLOT_TRAIN, dpi=120, bbox_inches='tight')
/workspace/gym-dssat-pdi/gym_dssat_pdi_samples/06_capql_train.py:635: MatplotlibDeprecationWarning: savefig() got unexpected keyword argument "dpi" which is no longer supported as of 3.3 and will become an error two minor releases later
  plt.savefig(PLOT_TRAIN, dpi=120, bbox_inches='tight')
/workspace/gym-dssat-pdi/gym_dssat_pdi_samples/06_capql_train.py:635: MatplotlibDeprecationWarning: savefig() got unexpected keyword argument "facecolor" which is no longer supported as of 3.3 and will become an error two minor releases later
  plt.savefig(PLOT_TRAIN, dpi=120, bbox_inches='tight')
/workspace/gym-dssat-pdi/gym_dssat_pdi_samples/06_capql_train.py:635: MatplotlibDeprecationWarning: savefig() got unexpected keyword argument "edgecolor" which is no longer supported as of 3.3 and will become an error two minor releases later
  plt.savefig(PLOT_TRAIN, dpi=120, bbox_inches='tight')
/workspace/gym-dssat-pdi/gym_dssat_pdi_samples/06_capql_train.py:635: MatplotlibDeprecationWarning: savefig() got unexpected keyword argument "bbox_inches_restore" which is no longer supported as of 3.3 and will become an error two minor releases later
  plt.savefig(PLOT_TRAIN, dpi=120, bbox_inches='tight')
✓ Training plot → /workspace/capql_plot_training.png
/workspace/gym-dssat-pdi/gym_dssat_pdi_samples/06_capql_train.py:655: MatplotlibDeprecationWarning: savefig() got unexpected keyword argument "orientation" which is no longer supported as of 3.3 and will become an error two minor releases later
  plt.savefig(PLOT_LOSSES, dpi=120, bbox_inches='tight')
/workspace/gym-dssat-pdi/gym_dssat_pdi_samples/06_capql_train.py:655: MatplotlibDeprecationWarning: savefig() got unexpected keyword argument "dpi" which is no longer supported as of 3.3 and will become an error two minor releases later
  plt.savefig(PLOT_LOSSES, dpi=120, bbox_inches='tight')
/workspace/gym-dssat-pdi/gym_dssat_pdi_samples/06_capql_train.py:655: MatplotlibDeprecationWarning: savefig() got unexpected keyword argument "facecolor" which is no longer supported as of 3.3 and will become an error two minor releases later
  plt.savefig(PLOT_LOSSES, dpi=120, bbox_inches='tight')
/workspace/gym-dssat-pdi/gym_dssat_pdi_samples/06_capql_train.py:655: MatplotlibDeprecationWarning: savefig() got unexpected keyword argument "edgecolor" which is no longer supported as of 3.3 and will become an error two minor releases later
  plt.savefig(PLOT_LOSSES, dpi=120, bbox_inches='tight')
/workspace/gym-dssat-pdi/gym_dssat_pdi_samples/06_capql_train.py:655: MatplotlibDeprecationWarning: savefig() got unexpected keyword argument "bbox_inches_restore" which is no longer supported as of 3.3 and will become an error two minor releases later
  plt.savefig(PLOT_LOSSES, dpi=120, bbox_inches='tight')
✓ Loss plot     → /workspace/capql_plot_losses.png

==============================================================================
EVAL — CAPQL preference corners
==============================================================================

  ── yield  w=[1. 0. 0.] ──
    ep    cum_R   yield      N      W    R_yld    R_ane    R_wef
  ----  -------  ------  -----  -----  -------  -------  -------
     1   +0.883    9553    215    258  +0.5073  +0.1114  +0.3551
     2   +1.257   10838    254    253  +0.8446  +0.0653  +0.3672
     3   +0.787    8909    259    319  +0.3384  -0.1408  +0.2023
     4   +0.855    9172    252    274  +0.4073  -0.0914  +0.3157
     5   +1.011   10106    259    240  +0.6524  -0.0237  +0.3993

  mean → yield=9715 kg/ha  N=248  W=269 mm  R_yld=+0.550  R_ane=-0.016  R_wef=+0.328

  ── n_eff  w=[0. 1. 0.] ──
    ep    cum_R   yield      N      W    R_yld    R_ane    R_wef
  ----  -------  ------  -----  -----  -------  -------  -------
     1   +0.698    9021    172    209  +0.3677  +0.3083  +0.4766
     2   +0.994   11092    174    232  +0.9114  +0.5940  +0.4187
     3   +0.573    8348    180    275  +0.1911  +0.1589  +0.3129
     4   +0.797    9495    176    256  +0.4922  +0.3492  +0.3611
     5   +0.945   10973    175    224  +0.8800  +0.5704  +0.4397

  mean → yield=9786 kg/ha  N=175  W=239 mm  R_yld=+0.568  R_ane=+0.396  R_wef=+0.402

  ── water  w=[0. 0. 1.] ──
    ep    cum_R   yield      N      W    R_yld    R_ane    R_wef
  ----  -------  ------  -----  -----  -------  -------  -------
     1   +1.074   10431    278    154  +0.7377  -0.0604  +0.6162
     2   +1.118   12072    271    176  +1.0000  +0.1150  +0.5599
     3   +1.026    9212    272    229  +0.4178  -0.1527  +0.4265
     4   +1.095   10190    270    198  +0.6747  -0.0558  +0.5038
     5   +1.086   12134    272    169  +1.0000  +0.1167  +0.5767

  mean → yield=10808 kg/ha  N=272  W=185 mm  R_yld=+0.766  R_ane=-0.007  R_wef=+0.537

  ── balanced  w=[0.333 0.333 0.333] ──
    ep    cum_R   yield      N      W    R_yld    R_ane    R_wef
  ----  -------  ------  -----  -----  -------  -------  -------
     1   +0.744    9628    232    204  +0.5270  +0.0368  +0.4913
     2   +1.091   12355    233    231  +1.0000  +0.3259  +0.4234
     3   +0.735    9525    230    303  +0.5000  +0.0346  +0.2435
     4   +0.910   10367    234    249  +0.7211  +0.1085  +0.3767
     5   +1.056   12350    235    208  +1.0000  +0.3137  +0.4810

  mean → yield=10845 kg/ha  N=233  W=239 mm  R_yld=+0.750  R_ane=+0.164  R_wef=+0.403

==============================================================================
  Corner        yield      N      W   R_yield     R_ane   R_water
  ----------  -------  -----  -----  --------  --------  --------
  yield          9715    248    269   +0.5500   -0.0158   +0.3279
  n_eff          9786    175    239   +0.5685   +0.3962   +0.4018
  water         10808    272    185   +0.7660   -0.0074   +0.5366
  balanced      10845    233    239   +0.7496   +0.1639   +0.4032
==============================================================================

✓ Eval results → /workspace/capql_eval_results.csv
