Device: cpu
Total steps: 3,000,000
K_HISTORY: 10  BATCH: 128  UPDATE_INTERVAL: 20  N_UPDATES: 2
Expected gradient steps: ~299,500
CORNER_PROB: 0.5  LSTM_IN: 19

[    3,183] ep=   20  phase=1  fault=clean         Ry=+1.000  Ra=-0.983  Rw=-0.190  noise=0.300  c_loss=0.0000  t=0.2min
[    6,422] ep=   40  phase=1  fault=clean         Ry=+1.000  Ra=-0.765  Rw=-1.000  noise=0.299  c_loss=0.0073  t=0.8min
[    9,622] ep=   60  phase=1  fault=clean         Ry=+0.902  Ra=-0.990  Rw=-1.000  noise=0.299  c_loss=0.0070  t=1.8min
[   12,836] ep=   80  phase=1  fault=clean         Ry=+0.380  Ra=-0.300  Rw=-1.000  noise=0.298  c_loss=0.0025  t=2.8min
[   16,050] ep=  100  phase=1  fault=clean         Ry=+0.265  Ra=-0.350  Rw=-1.000  noise=0.298  c_loss=0.0048  t=3.7min
[   19,269] ep=  120  phase=1  fault=clean         Ry=+0.789  Ra=-0.990  Rw=-1.000  noise=0.297  c_loss=0.0106  t=4.6min
[   22,448] ep=  140  phase=1  fault=clean         Ry=+0.834  Ra=-0.982  Rw=-1.000  noise=0.297  c_loss=0.0035  t=5.7min
[   25,630] ep=  160  phase=1  fault=clean         Ry=+0.483  Ra=-0.237  Rw=-1.000  noise=0.296  c_loss=0.0039  t=6.6min
[   28,786] ep=  180  phase=1  fault=clean         Ry=-0.023  Ra=-0.993  Rw=-0.236  noise=0.296  c_loss=0.0092  t=7.5min
[   31,997] ep=  200  phase=1  fault=clean         Ry=+1.000  Ra=-0.989  Rw=+0.244  noise=0.295  c_loss=0.0070  t=8.5min
[   35,187] ep=  220  phase=1  fault=stuck         Ry=+1.000  Ra=-0.985  Rw=-0.062  noise=0.295  c_loss=0.0072  t=9.5min
[   38,378] ep=  240  phase=1  fault=clean         Ry=+1.000  Ra=-0.986  Rw=-1.000  noise=0.294  c_loss=0.0036  t=10.4min
[   41,570] ep=  260  phase=1  fault=clean         Ry=+1.000  Ra=-0.938  Rw=-1.000  noise=0.294  c_loss=0.0032  t=11.4min
[   44,787] ep=  280  phase=1  fault=clean         Ry=+0.762  Ra=-0.957  Rw=-1.000  noise=0.293  c_loss=0.0044  t=12.4min
[   47,995] ep=  300  phase=1  fault=clean         Ry=+0.737  Ra=-0.990  Rw=+0.065  noise=0.293  c_loss=0.0032  t=13.4min

--- Eval @ 50,069 steps ---
  yield       Ry=+0.911  Rw=-1.000  yield=11326kg/ha  W=1413mm
  n_eff       Ry=+0.332  Rw=-1.000  yield=8885kg/ha  W=1073mm
  water       Ry=+0.884  Rw=-0.198  yield=11181kg/ha  W=479mm
  balanced    Ry=+0.800  Rw=-1.000  yield=10748kg/ha  W=1336mm

/workspace/gym-dssat-pdi/gym_dssat_pdi_samples/16_capql_lstm_v2.py:533: MatplotlibDeprecationWarning: savefig() got unexpected keyword argument "orientation" which is no longer supported as of 3.3 and will become an error two minor releases later
  plt.savefig(os.path.join(PLOT_DIR, 'fig_lstm_v2_training.png'),
/workspace/gym-dssat-pdi/gym_dssat_pdi_samples/16_capql_lstm_v2.py:533: MatplotlibDeprecationWarning: savefig() got unexpected keyword argument "dpi" which is no longer supported as of 3.3 and will become an error two minor releases later
  plt.savefig(os.path.join(PLOT_DIR, 'fig_lstm_v2_training.png'),
/workspace/gym-dssat-pdi/gym_dssat_pdi_samples/16_capql_lstm_v2.py:533: MatplotlibDeprecationWarning: savefig() got unexpected keyword argument "facecolor" which is no longer supported as of 3.3 and will become an error two minor releases later
  plt.savefig(os.path.join(PLOT_DIR, 'fig_lstm_v2_training.png'),
/workspace/gym-dssat-pdi/gym_dssat_pdi_samples/16_capql_lstm_v2.py:533: MatplotlibDeprecationWarning: savefig() got unexpected keyword argument "edgecolor" which is no longer supported as of 3.3 and will become an error two minor releases later
  plt.savefig(os.path.join(PLOT_DIR, 'fig_lstm_v2_training.png'),
/workspace/gym-dssat-pdi/gym_dssat_pdi_samples/16_capql_lstm_v2.py:533: MatplotlibDeprecationWarning: savefig() got unexpected keyword argument "bbox_inches_restore" which is no longer supported as of 3.3 and will become an error two minor releases later
  plt.savefig(os.path.join(PLOT_DIR, 'fig_lstm_v2_training.png'),
/workspace/gym-dssat-pdi/gym_dssat_pdi_samples/16_capql_lstm_v2.py:576: MatplotlibDeprecationWarning: savefig() got unexpected keyword argument "orientation" which is no longer supported as of 3.3 and will become an error two minor releases later
  plt.savefig(os.path.join(PLOT_DIR, 'fig_lstm_v2_corners.png'),
/workspace/gym-dssat-pdi/gym_dssat_pdi_samples/16_capql_lstm_v2.py:576: MatplotlibDeprecationWarning: savefig() got unexpected keyword argument "dpi" which is no longer supported as of 3.3 and will become an error two minor releases later
  plt.savefig(os.path.join(PLOT_DIR, 'fig_lstm_v2_corners.png'),
/workspace/gym-dssat-pdi/gym_dssat_pdi_samples/16_capql_lstm_v2.py:576: MatplotlibDeprecationWarning: savefig() got unexpected keyword argument "facecolor" which is no longer supported as of 3.3 and will become an error two minor releases later
  plt.savefig(os.path.join(PLOT_DIR, 'fig_lstm_v2_corners.png'),
/workspace/gym-dssat-pdi/gym_dssat_pdi_samples/16_capql_lstm_v2.py:576: MatplotlibDeprecationWarning: savefig() got unexpected keyword argument "edgecolor" which is no longer supported as of 3.3 and will become an error two minor releases later
  plt.savefig(os.path.join(PLOT_DIR, 'fig_lstm_v2_corners.png'),
/workspace/gym-dssat-pdi/gym_dssat_pdi_samples/16_capql_lstm_v2.py:576: MatplotlibDeprecationWarning: savefig() got unexpected keyword argument "bbox_inches_restore" which is no longer supported as of 3.3 and will become an error two minor releases later
  plt.savefig(os.path.join(PLOT_DIR, 'fig_lstm_v2_corners.png'),
[   51,185] ep=  320  phase=1  fault=clean         Ry=+1.000  Ra=-0.977  Rw=-1.000  noise=0.292  c_loss=0.0036  t=15.3min
[   54,393] ep=  340  phase=1  fault=clean         Ry=-0.817  Ra=-1.000  Rw=+0.242  noise=0.292  c_loss=0.0040  t=16.4min
[   57,596] ep=  360  phase=1  fault=clean         Ry=+0.214  Ra=-0.345  Rw=-1.000  noise=0.291  c_loss=0.0037  t=17.4min
[   60,816] ep=  380  phase=1  fault=clean         Ry=-0.234  Ra=-0.993  Rw=+0.279  noise=0.291  c_loss=0.0045  t=18.4min
[   64,017] ep=  400  phase=1  fault=clean         Ry=+0.040  Ra=-0.958  Rw=-1.000  noise=0.290  c_loss=0.0048  t=19.5min
[   67,214] ep=  420  phase=1  fault=clean         Ry=+0.729  Ra=-0.198  Rw=-1.000  noise=0.290  c_loss=0.0022  t=20.5min
[   70,390] ep=  440  phase=1  fault=stuck         Ry=+0.968  Ra=-0.971  Rw=-1.000  noise=0.289  c_loss=0.0063  t=21.5min
[   73,601] ep=  460  phase=1  fault=clean         Ry=+0.795  Ra=-0.969  Rw=-1.000  noise=0.289  c_loss=0.0057  t=22.6min
[   76,791] ep=  480  phase=1  fault=stuck         Ry=+0.673  Ra=-0.976  Rw=-1.000  noise=0.289  c_loss=0.0076  t=23.5min
[   80,014] ep=  500  phase=1  fault=clean         Ry=+0.788  Ra=-0.126  Rw=-1.000  noise=0.288  c_loss=0.0070  t=24.5min
[   83,130] ep=  520  phase=1  fault=clean         Ry=-1.000  Ra=-1.000  Rw=+0.013  noise=0.288  c_loss=0.0008  t=25.4min
[   86,207] ep=  540  phase=1  fault=clean         Ry=+0.405  Ra=-0.972  Rw=-1.000  noise=0.287  c_loss=0.0016  t=26.3min
[   89,439] ep=  560  phase=1  fault=clean         Ry=+0.348  Ra=-0.279  Rw=-1.000  noise=0.287  c_loss=0.0015  t=27.3min
[   92,632] ep=  580  phase=1  fault=clean         Ry=+0.685  Ra=-0.960  Rw=-1.000  noise=0.286  c_loss=0.0032  t=28.3min
[   95,816] ep=  600  phase=1  fault=clean         Ry=+1.000  Ra=-0.943  Rw=-1.000  noise=0.286  c_loss=0.0027  t=29.2min
[   99,042] ep=  620  phase=1  fault=clean         Ry=+0.303  Ra=-0.319  Rw=-0.949  noise=0.285  c_loss=0.0016  t=30.2min

--- Eval @ 100,020 steps ---
  yield       Ry=-0.355  Rw=+0.870  yield=5585kg/ha  W=52mm
  n_eff       Ry=-0.460  Rw=+0.891  yield=5516kg/ha  W=44mm
  water       Ry=-0.522  Rw=+0.921  yield=5443kg/ha  W=32mm
  balanced    Ry=-0.277  Rw=+0.874  yield=6563kg/ha  W=50mm

[  102,268] ep=  640  phase=1  fault=clean         Ry=-0.077  Ra=-0.993  Rw=+0.524  noise=0.285  c_loss=0.0055  t=32.2min
[  105,464] ep=  660  phase=1  fault=clean         Ry=+0.941  Ra=-0.986  Rw=-1.000  noise=0.284  c_loss=0.0017  t=33.2min
[  108,679] ep=  680  phase=1  fault=clean         Ry=+0.597  Ra=-0.981  Rw=-0.871  noise=0.284  c_loss=0.0014  t=34.3min
[  111,850] ep=  700  phase=1  fault=clean         Ry=+0.124  Ra=-0.988  Rw=+0.323  noise=0.283  c_loss=0.0023  t=35.3min
[  115,046] ep=  720  phase=1  fault=clean         Ry=+0.660  Ra=-0.985  Rw=-1.000  noise=0.283  c_loss=0.0024  t=36.4min
[  118,229] ep=  740  phase=1  fault=noise         Ry=+0.055  Ra=-0.992  Rw=+0.450  noise=0.282  c_loss=0.0023  t=37.4min
[  121,442] ep=  760  phase=1  fault=noise         Ry=+0.843  Ra=-0.959  Rw=-0.873  noise=0.282  c_loss=0.0023  t=38.5min
[  124,641] ep=  780  phase=1  fault=clean         Ry=-0.186  Ra=-0.993  Rw=+0.381  noise=0.281  c_loss=0.0041  t=39.6min
[  127,818] ep=  800  phase=1  fault=clean         Ry=-0.579  Ra=-0.994  Rw=+0.396  noise=0.281  c_loss=0.0022  t=40.6min
[  131,039] ep=  820  phase=1  fault=clean         Ry=-0.420  Ra=-0.994  Rw=+0.383  noise=0.280  c_loss=0.0015  t=41.7min
[  134,228] ep=  840  phase=1  fault=clean         Ry=+0.847  Ra=-0.988  Rw=-1.000  noise=0.280  c_loss=0.0020  t=42.8min
[  137,429] ep=  860  phase=1  fault=noise         Ry=+0.636  Ra=-0.977  Rw=-1.000  noise=0.279  c_loss=0.0026  t=43.8min
[  140,632] ep=  880  phase=1  fault=clean         Ry=+0.751  Ra=-0.988  Rw=-1.000  noise=0.279  c_loss=0.0019  t=44.8min
[  143,823] ep=  900  phase=1  fault=clean         Ry=-0.985  Ra=-1.000  Rw=+0.368  noise=0.278  c_loss=0.0013  t=45.8min
[  147,021] ep=  920  phase=1  fault=noise         Ry=+0.411  Ra=-0.989  Rw=+0.406  noise=0.278  c_loss=0.0020  t=46.8min

--- Eval @ 150,063 steps ---
  yield       Ry=-0.889  Rw=+0.969  yield=3117kg/ha  W=13mm
  n_eff       Ry=-0.905  Rw=+0.965  yield=3135kg/ha  W=14mm
  water       Ry=-0.519  Rw=+0.987  yield=4712kg/ha  W=5mm
  balanced    Ry=-0.770  Rw=+0.969  yield=3765kg/ha  W=13mm

[  150,219] ep=  940  phase=1  fault=clean         Ry=+0.834  Ra=-0.990  Rw=-1.000  noise=0.277  c_loss=0.0020  t=48.7min
[  153,407] ep=  960  phase=1  fault=clean         Ry=+0.735  Ra=-0.186  Rw=-1.000  noise=0.277  c_loss=0.0028  t=49.8min
[  156,587] ep=  980  phase=1  fault=clean         Ry=+0.635  Ra=-0.984  Rw=-0.687  noise=0.277  c_loss=0.0019  t=50.9min
[  159,775] ep= 1000  phase=1  fault=clean         Ry=+0.562  Ra=-0.992  Rw=+0.464  noise=0.276  c_loss=0.0007  t=51.9min
[  162,969] ep= 1020  phase=1  fault=clean         Ry=-0.824  Ra=-1.000  Rw=+0.406  noise=0.276  c_loss=0.0022  t=53.0min
[  166,138] ep= 1040  phase=1  fault=clean         Ry=+0.717  Ra=-0.991  Rw=-1.000  noise=0.275  c_loss=0.0023  t=54.0min
[  169,236] ep= 1060  phase=1  fault=clean         Ry=+0.656  Ra=-0.983  Rw=-0.340  noise=0.275  c_loss=0.0037  t=55.0min
[  172,434] ep= 1080  phase=1  fault=clean         Ry=+0.017  Ra=-0.992  Rw=+0.515  noise=0.274  c_loss=0.0020  t=56.2min
[  175,640] ep= 1100  phase=1  fault=clean         Ry=+1.000  Ra=-0.979  Rw=-1.000  noise=0.274  c_loss=0.0031  t=57.3min
[  178,837] ep= 1120  phase=1  fault=clean         Ry=+0.874  Ra=-0.990  Rw=+0.481  noise=0.273  c_loss=0.0007  t=58.4min
[  182,047] ep= 1140  phase=1  fault=clean         Ry=+0.615  Ra=-0.992  Rw=+0.408  noise=0.273  c_loss=0.0016  t=59.6min
[  185,265] ep= 1160  phase=1  fault=clean         Ry=+1.000  Ra=-0.990  Rw=-1.000  noise=0.272  c_loss=0.0018  t=60.7min
[  188,464] ep= 1180  phase=1  fault=clean         Ry=+0.407  Ra=-0.288  Rw=-1.000  noise=0.272  c_loss=0.0020  t=61.8min
[  191,669] ep= 1200  phase=1  fault=clean         Ry=+0.462  Ra=-0.948  Rw=-1.000  noise=0.271  c_loss=0.0035  t=62.9min
[  194,877] ep= 1220  phase=1  fault=clean         Ry=+0.984  Ra=-0.980  Rw=-0.887  noise=0.271  c_loss=0.0025  t=64.1min
[  198,062] ep= 1240  phase=1  fault=stuck         Ry=+0.908  Ra=-0.981  Rw=-0.973  noise=0.270  c_loss=0.0012  t=65.2min

--- Eval @ 200,142 steps ---
  yield       Ry=-0.577  Rw=+0.972  yield=4441kg/ha  W=11mm
  n_eff       Ry=-0.758  Rw=+0.968  yield=4731kg/ha  W=13mm
  water       Ry=-0.819  Rw=+0.988  yield=3649kg/ha  W=5mm
  balanced    Ry=-0.861  Rw=+0.971  yield=3834kg/ha  W=11mm

[  201,265] ep= 1260  phase=1  fault=clean         Ry=+0.025  Ra=-0.991  Rw=+0.426  noise=0.270  c_loss=0.0016  t=67.3min
[  204,449] ep= 1280  phase=1  fault=clean         Ry=+0.827  Ra=-0.987  Rw=-0.971  noise=0.269  c_loss=0.0038  t=68.5min
[  207,629] ep= 1300  phase=1  fault=clean         Ry=+1.000  Ra=-0.977  Rw=-1.000  noise=0.269  c_loss=0.0024  t=69.6min
[  210,803] ep= 1320  phase=1  fault=clean         Ry=+0.602  Ra=-0.991  Rw=-0.749  noise=0.268  c_loss=0.0028  t=70.6min
[  214,036] ep= 1340  phase=1  fault=clean         Ry=+0.230  Ra=-0.992  Rw=-0.712  noise=0.268  c_loss=0.0010  t=71.7min
[  217,233] ep= 1360  phase=1  fault=clean         Ry=-1.000  Ra=-1.000  Rw=+0.443  noise=0.267  c_loss=0.0014  t=72.7min
[  220,402] ep= 1380  phase=1  fault=clean         Ry=+0.824  Ra=-0.149  Rw=-1.000  noise=0.267  c_loss=0.0024  t=73.7min
[  223,581] ep= 1400  phase=1  fault=clean         Ry=+0.811  Ra=-0.981  Rw=-0.989  noise=0.266  c_loss=0.0015  t=74.7min
[  226,772] ep= 1420  phase=1  fault=clean         Ry=+0.749  Ra=-0.975  Rw=-1.000  noise=0.266  c_loss=0.0042  t=75.8min
[  229,948] ep= 1440  phase=1  fault=clean         Ry=+0.945  Ra=-0.980  Rw=-0.983  noise=0.266  c_loss=0.0011  t=76.8min
[  233,162] ep= 1460  phase=1  fault=clean         Ry=-0.015  Ra=-0.993  Rw=+0.264  noise=0.265  c_loss=0.0019  t=77.8min
[  236,364] ep= 1480  phase=1  fault=clean         Ry=+0.877  Ra=-0.989  Rw=-1.000  noise=0.265  c_loss=0.0038  t=78.8min
[  239,580] ep= 1500  phase=1  fault=clean         Ry=+0.923  Ra=-0.982  Rw=-0.286  noise=0.264  c_loss=0.0012  t=79.8min
[  242,770] ep= 1520  phase=1  fault=noise         Ry=-0.296  Ra=-0.994  Rw=+0.472  noise=0.264  c_loss=0.0010  t=80.9min
[  245,954] ep= 1540  phase=1  fault=clean         Ry=-0.377  Ra=-0.995  Rw=+0.501  noise=0.263  c_loss=0.0021  t=81.9min
[  249,144] ep= 1560  phase=1  fault=clean         Ry=+1.000  Ra=-0.990  Rw=-1.000  noise=0.263  c_loss=0.0037  t=82.9min

--- Eval @ 250,098 steps ---
  yield       Ry=-0.890  Rw=+0.973  yield=3208kg/ha  W=11mm
  n_eff       Ry=-0.503  Rw=+0.970  yield=5243kg/ha  W=12mm
  water       Ry=-0.716  Rw=+0.989  yield=3629kg/ha  W=5mm
  balanced    Ry=-0.872  Rw=+0.973  yield=3448kg/ha  W=11mm

[  252,345] ep= 1580  phase=1  fault=clean         Ry=+0.714  Ra=-0.982  Rw=-1.000  noise=0.262  c_loss=0.0040  t=84.9min
[  255,538] ep= 1600  phase=1  fault=clean         Ry=+0.630  Ra=-0.222  Rw=-0.925  noise=0.262  c_loss=0.0025  t=85.9min
[  258,712] ep= 1620  phase=1  fault=clean         Ry=+0.429  Ra=-0.992  Rw=-0.974  noise=0.261  c_loss=0.0044  t=87.0min
[  261,924] ep= 1640  phase=1  fault=clean         Ry=+0.535  Ra=-0.983  Rw=-1.000  noise=0.261  c_loss=0.0028  t=88.1min
[  265,135] ep= 1660  phase=1  fault=clean         Ry=+0.938  Ra=-0.987  Rw=-0.949  noise=0.260  c_loss=0.0007  t=89.1min
[  268,331] ep= 1680  phase=1  fault=clean         Ry=+1.000  Ra=-0.989  Rw=-0.792  noise=0.260  c_loss=0.0010  t=90.0min
[  271,548] ep= 1700  phase=1  fault=clean         Ry=-0.158  Ra=-0.993  Rw=+0.429  noise=0.259  c_loss=0.0036  t=91.0min
[  274,740] ep= 1720  phase=1  fault=clean         Ry=-0.716  Ra=-1.000  Rw=+0.596  noise=0.259  c_loss=0.0023  t=92.0min
[  277,961] ep= 1740  phase=1  fault=clean         Ry=+0.487  Ra=-0.974  Rw=-0.787  noise=0.258  c_loss=0.0009  t=93.0min
[  281,144] ep= 1760  phase=1  fault=noise         Ry=+0.770  Ra=-0.979  Rw=-1.000  noise=0.258  c_loss=0.0041  t=94.0min
[  284,322] ep= 1780  phase=1  fault=clean         Ry=+0.933  Ra=-0.985  Rw=-0.896  noise=0.257  c_loss=0.0014  t=95.0min
[  287,527] ep= 1800  phase=1  fault=clean         Ry=+0.374  Ra=-0.992  Rw=-0.789  noise=0.257  c_loss=0.0017  t=96.0min
[  290,749] ep= 1820  phase=1  fault=clean         Ry=-0.821  Ra=-1.000  Rw=+0.425  noise=0.256  c_loss=0.0007  t=97.0min
[  293,969] ep= 1840  phase=1  fault=stuck         Ry=+0.557  Ra=-0.656  Rw=-1.000  noise=0.256  c_loss=0.0009  t=98.0min
[  297,176] ep= 1860  phase=1  fault=clean         Ry=+0.126  Ra=-0.991  Rw=+0.337  noise=0.255  c_loss=0.0041  t=99.0min

--- Eval @ 300,079 steps ---
  yield       Ry=-0.712  Rw=+0.976  yield=4329kg/ha  W=10mm
  n_eff       Ry=-0.835  Rw=+0.972  yield=3726kg/ha  W=11mm
  water       Ry=-0.840  Rw=+0.989  yield=3903kg/ha  W=4mm
  balanced    Ry=-0.719  Rw=+0.975  yield=4083kg/ha  W=10mm

[  300,399] ep= 1880  phase=1  fault=clean         Ry=+0.948  Ra=-0.990  Rw=-1.000  noise=0.255  c_loss=0.0021  t=100.9min
[  303,590] ep= 1900  phase=1  fault=clean         Ry=+0.597  Ra=-0.944  Rw=-1.000  noise=0.254  c_loss=0.0007  t=101.9min
[  306,785] ep= 1920  phase=1  fault=clean         Ry=+0.674  Ra=-0.983  Rw=-1.000  noise=0.254  c_loss=0.0015  t=102.9min
[  309,997] ep= 1940  phase=1  fault=clean         Ry=+0.516  Ra=-0.984  Rw=-1.000  noise=0.254  c_loss=0.0020  t=103.9min
[  313,181] ep= 1960  phase=1  fault=clean         Ry=+1.000  Ra=-0.989  Rw=-0.956  noise=0.253  c_loss=0.0013  t=104.9min
[  316,373] ep= 1980  phase=1  fault=clean         Ry=+0.906  Ra=-0.953  Rw=-0.884  noise=0.253  c_loss=0.0011  t=105.9min
[  319,593] ep= 2000  phase=1  fault=stuck         Ry=+0.751  Ra=-0.956  Rw=-0.760  noise=0.252  c_loss=0.0025  t=106.9min
[  322,770] ep= 2020  phase=1  fault=clean         Ry=+1.000  Ra=-0.955  Rw=-1.000  noise=0.252  c_loss=0.0005  t=107.8min
[  325,969] ep= 2040  phase=1  fault=clean         Ry=+0.582  Ra=-0.274  Rw=-0.882  noise=0.251  c_loss=0.0016  t=108.8min
[  329,159] ep= 2060  phase=1  fault=clean         Ry=+0.671  Ra=-0.981  Rw=-0.959  noise=0.251  c_loss=0.0018  t=109.8min
[  332,357] ep= 2080  phase=1  fault=clean         Ry=+0.307  Ra=-0.317  Rw=-1.000  noise=0.250  c_loss=0.0013  t=110.8min
[  335,556] ep= 2100  phase=1  fault=clean         Ry=+1.000  Ra=-0.983  Rw=-1.000  noise=0.250  c_loss=0.0013  t=111.8min
[  338,716] ep= 2120  phase=1  fault=noise         Ry=+0.429  Ra=-0.985  Rw=+0.521  noise=0.249  c_loss=0.0011  t=112.8min
[  341,906] ep= 2140  phase=1  fault=clean         Ry=+0.802  Ra=-0.980  Rw=-0.753  noise=0.249  c_loss=0.0007  t=113.8min
[  345,103] ep= 2160  phase=1  fault=stuck         Ry=-0.572  Ra=-0.991  Rw=+0.470  noise=0.248  c_loss=0.0006  t=114.8min
[  348,322] ep= 2180  phase=1  fault=clean         Ry=+0.737  Ra=-0.983  Rw=-0.347  noise=0.248  c_loss=0.0012  t=115.8min

--- Eval @ 350,071 steps ---
  yield       Ry=-0.308  Rw=+0.959  yield=5945kg/ha  W=17mm
  n_eff       Ry=-0.721  Rw=+0.957  yield=3796kg/ha  W=17mm
  water       Ry=-0.813  Rw=+0.979  yield=3871kg/ha  W=8mm
  balanced    Ry=-0.818  Rw=+0.961  yield=3880kg/ha  W=16mm

[  351,511] ep= 2200  phase=1  fault=clean         Ry=+0.668  Ra=-0.984  Rw=-0.887  noise=0.247  c_loss=0.0007  t=117.7min
[  354,676] ep= 2220  phase=1  fault=clean         Ry=+0.486  Ra=-0.984  Rw=-1.000  noise=0.247  c_loss=0.0013  t=118.7min
[  357,758] ep= 2240  phase=1  fault=clean         Ry=+0.570  Ra=-0.979  Rw=-0.889  noise=0.246  c_loss=0.0015  t=119.6min
[  360,977] ep= 2260  phase=1  fault=clean         Ry=+1.000  Ra=-0.938  Rw=-0.676  noise=0.246  c_loss=0.0011  t=120.6min
[  364,159] ep= 2280  phase=1  fault=clean         Ry=+0.975  Ra=-0.968  Rw=-1.000  noise=0.245  c_loss=0.0012  t=121.6min
[  367,349] ep= 2300  phase=1  fault=clean         Ry=+0.777  Ra=-0.981  Rw=-1.000  noise=0.245  c_loss=0.0005  t=122.6min
[  370,545] ep= 2320  phase=1  fault=clean         Ry=+0.848  Ra=-0.969  Rw=-1.000  noise=0.244  c_loss=0.0020  t=123.5min
[  373,727] ep= 2340  phase=1  fault=noise         Ry=+0.390  Ra=-0.983  Rw=+0.406  noise=0.244  c_loss=0.0013  t=124.5min
[  376,904] ep= 2360  phase=1  fault=clean         Ry=+0.939  Ra=-0.968  Rw=-1.000  noise=0.243  c_loss=0.0014  t=125.5min
[  380,106] ep= 2380  phase=1  fault=noise         Ry=+1.000  Ra=-0.962  Rw=-0.910  noise=0.243  c_loss=0.0024  t=126.5min
[  383,309] ep= 2400  phase=1  fault=clean         Ry=+1.000  Ra=-0.978  Rw=-1.000  noise=0.243  c_loss=0.0012  t=127.5min
[  386,511] ep= 2420  phase=1  fault=clean         Ry=+1.000  Ra=-0.964  Rw=-1.000  noise=0.242  c_loss=0.0007  t=128.4min
[  389,719] ep= 2440  phase=1  fault=clean         Ry=+0.712  Ra=-0.931  Rw=-0.915  noise=0.242  c_loss=0.0007  t=129.4min
[  392,922] ep= 2460  phase=1  fault=clean         Ry=+0.947  Ra=-0.934  Rw=-0.677  noise=0.241  c_loss=0.0005  t=130.4min
[  396,107] ep= 2480  phase=1  fault=clean         Ry=+1.000  Ra=-0.928  Rw=-0.717  noise=0.241  c_loss=0.0008  t=131.4min
[  399,263] ep= 2500  phase=1  fault=clean         Ry=+1.000  Ra=-0.927  Rw=-1.000  noise=0.240  c_loss=0.0016  t=132.4min

--- Eval @ 400,067 steps ---
  yield       Ry=-0.659  Rw=+0.992  yield=4502kg/ha  W=3mm
  n_eff       Ry=-0.877  Rw=+0.986  yield=2661kg/ha  W=6mm
  water       Ry=-0.702  Rw=+0.991  yield=4285kg/ha  W=3mm
  balanced    Ry=-0.792  Rw=+0.990  yield=4213kg/ha  W=4mm

[  402,456] ep= 2520  phase=1  fault=clean         Ry=+1.000  Ra=-0.918  Rw=-1.000  noise=0.240  c_loss=0.0008  t=134.3min
[  405,645] ep= 2540  phase=1  fault=clean         Ry=+0.505  Ra=-0.897  Rw=-0.489  noise=0.239  c_loss=0.0018  t=135.3min
[  408,831] ep= 2560  phase=1  fault=clean         Ry=-0.865  Ra=-1.000  Rw=+0.545  noise=0.239  c_loss=0.0011  t=136.3min
[  412,031] ep= 2580  phase=1  fault=clean         Ry=+0.221  Ra=-0.742  Rw=-0.601  noise=0.238  c_loss=0.0005  t=137.2min
[  415,225] ep= 2600  phase=1  fault=clean         Ry=-0.246  Ra=-0.955  Rw=+0.424  noise=0.238  c_loss=0.0013  t=138.2min
[  418,443] ep= 2620  phase=1  fault=clean         Ry=+0.928  Ra=-0.936  Rw=-1.000  noise=0.237  c_loss=0.0013  t=139.2min
[  421,630] ep= 2640  phase=1  fault=clean         Ry=+0.500  Ra=-0.943  Rw=-0.757  noise=0.237  c_loss=0.0016  t=140.2min
[  424,815] ep= 2660  phase=1  fault=clean         Ry=-0.021  Ra=-0.957  Rw=+0.383  noise=0.236  c_loss=0.0010  t=141.2min
[  428,019] ep= 2680  phase=1  fault=clean         Ry=-0.486  Ra=-0.258  Rw=-0.899  noise=0.236  c_loss=0.0011  t=142.2min
[  431,244] ep= 2700  phase=1  fault=clean         Ry=+0.602  Ra=-0.945  Rw=-1.000  noise=0.235  c_loss=0.0013  t=143.2min
[  434,443] ep= 2720  phase=1  fault=clean         Ry=-0.091  Ra=-0.161  Rw=-0.983  noise=0.235  c_loss=0.0017  t=144.2min
[  437,656] ep= 2740  phase=1  fault=clean         Ry=+0.763  Ra=-0.938  Rw=-1.000  noise=0.234  c_loss=0.0012  t=145.2min
[  440,837] ep= 2760  phase=1  fault=clean         Ry=+1.000  Ra=-0.919  Rw=-0.911  noise=0.234  c_loss=0.0006  t=146.2min
[  444,053] ep= 2780  phase=1  fault=noise         Ry=+1.000  Ra=-0.936  Rw=-0.967  noise=0.233  c_loss=0.0004  t=147.2min
[  447,254] ep= 2800  phase=1  fault=clean         Ry=+1.000  Ra=-0.916  Rw=-0.389  noise=0.233  c_loss=0.0004  t=148.1min

--- Eval @ 450,125 steps ---
  yield       Ry=-0.514  Rw=+0.994  yield=5311kg/ha  W=3mm
  n_eff       Ry=-0.896  Rw=+0.974  yield=2164kg/ha  W=10mm
  water       Ry=-0.814  Rw=+0.981  yield=3455kg/ha  W=8mm
  balanced    Ry=-0.894  Rw=+0.978  yield=3552kg/ha  W=9mm

[  450,442] ep= 2820  phase=1  fault=clean         Ry=+0.683  Ra=-0.981  Rw=-0.521  noise=0.232  c_loss=0.0003  t=150.1min
[  453,616] ep= 2840  phase=1  fault=clean         Ry=-0.626  Ra=-0.994  Rw=+0.087  noise=0.232  c_loss=0.0003  t=151.1min
[  456,840] ep= 2860  phase=1  fault=clean         Ry=+1.000  Ra=-0.913  Rw=-0.693  noise=0.231  c_loss=0.0008  t=152.1min
[  460,027] ep= 2880  phase=1  fault=clean         Ry=+0.626  Ra=-0.984  Rw=-1.000  noise=0.231  c_loss=0.0005  t=153.0min
[  463,243] ep= 2900  phase=1  fault=clean         Ry=+1.000  Ra=-0.878  Rw=+0.169  noise=0.231  c_loss=0.0009  t=154.0min
[  466,427] ep= 2920  phase=1  fault=clean         Ry=-0.239  Ra=-0.954  Rw=-0.642  noise=0.230  c_loss=0.0007  t=155.0min
[  469,607] ep= 2940  phase=1  fault=clean         Ry=+0.815  Ra=-0.913  Rw=-0.802  noise=0.230  c_loss=0.0008  t=156.0min
[  472,802] ep= 2960  phase=1  fault=clean         Ry=+1.000  Ra=-0.913  Rw=-0.958  noise=0.229  c_loss=0.0016  t=157.0min
[  476,004] ep= 2980  phase=1  fault=clean         Ry=+1.000  Ra=-0.891  Rw=-0.794  noise=0.229  c_loss=0.0011  t=158.0min
[  479,199] ep= 3000  phase=1  fault=clean         Ry=+1.000  Ra=-0.896  Rw=-0.802  noise=0.228  c_loss=0.0008  t=158.9min
[  482,393] ep= 3020  phase=1  fault=clean         Ry=-0.768  Ra=-1.000  Rw=-0.736  noise=0.228  c_loss=0.0004  t=159.9min
[  485,581] ep= 3040  phase=1  fault=clean         Ry=+0.795  Ra=-0.905  Rw=-0.737  noise=0.227  c_loss=0.0007  t=160.9min
[  488,760] ep= 3060  phase=1  fault=stuck         Ry=-0.391  Ra=-0.181  Rw=-0.702  noise=0.227  c_loss=0.0013  t=161.9min
[  491,945] ep= 3080  phase=1  fault=clean         Ry=+1.000  Ra=-0.926  Rw=-0.975  noise=0.226  c_loss=0.0003  t=162.9min
[  495,149] ep= 3100  phase=1  fault=clean         Ry=+0.772  Ra=-0.978  Rw=-1.000  noise=0.226  c_loss=0.0006  t=163.9min
[  498,347] ep= 3120  phase=1  fault=clean         Ry=+1.000  Ra=-0.979  Rw=-0.692  noise=0.225  c_loss=0.0005  t=164.9min

--- Eval @ 500,099 steps ---
  yield       Ry=-0.994  Rw=+0.997  yield=2401kg/ha  W=1mm
  n_eff       Ry=-0.844  Rw=+0.995  yield=3223kg/ha  W=2mm
  water       Ry=-0.733  Rw=+0.991  yield=3792kg/ha  W=4mm
  balanced    Ry=-0.537  Rw=+0.992  yield=5567kg/ha  W=3mm

[ckpt] saved → /workspace/capql_lstm_v2/ckpt_500k.pt
[  501,531] ep= 3140  phase=1  fault=clean         Ry=-0.175  Ra=-0.986  Rw=-0.954  noise=0.225  c_loss=0.0004  t=166.8min
[  504,750] ep= 3160  phase=1  fault=clean         Ry=+0.959  Ra=-0.926  Rw=-0.228  noise=0.224  c_loss=0.0003  t=167.8min
[  507,950] ep= 3180  phase=1  fault=noise         Ry=+1.000  Ra=-0.910  Rw=-0.940  noise=0.224  c_loss=0.0003  t=168.8min
[  511,165] ep= 3200  phase=1  fault=clean         Ry=+0.664  Ra=-0.922  Rw=-0.392  noise=0.223  c_loss=0.0009  t=169.8min
[  514,388] ep= 3220  phase=1  fault=stuck         Ry=+1.000  Ra=-0.895  Rw=-1.000  noise=0.223  c_loss=0.0006  t=170.8min
[  517,595] ep= 3240  phase=1  fault=clean         Ry=-0.574  Ra=-0.233  Rw=-0.473  noise=0.222  c_loss=0.0002  t=171.8min
[  520,784] ep= 3260  phase=1  fault=stuck         Ry=+0.617  Ra=-0.931  Rw=-0.582  noise=0.222  c_loss=0.0002  t=172.8min
[  523,977] ep= 3280  phase=1  fault=noise         Ry=+0.672  Ra=-0.880  Rw=-0.796  noise=0.221  c_loss=0.0008  t=173.8min
[  527,167] ep= 3300  phase=1  fault=clean         Ry=+0.965  Ra=-0.573  Rw=-1.000  noise=0.221  c_loss=0.0002  t=174.8min
[  530,357] ep= 3320  phase=1  fault=clean         Ry=-0.179  Ra=-0.958  Rw=-0.656  noise=0.220  c_loss=0.0003  t=175.8min
[  533,552] ep= 3340  phase=1  fault=clean         Ry=+1.000  Ra=-0.318  Rw=-0.919  noise=0.220  c_loss=0.0002  t=176.8min
[  536,746] ep= 3360  phase=1  fault=clean         Ry=+0.964  Ra=-0.754  Rw=-1.000  noise=0.220  c_loss=0.0010  t=177.8min
[  539,949] ep= 3380  phase=1  fault=clean         Ry=+1.000  Ra=-0.909  Rw=-0.806  noise=0.219  c_loss=0.0004  t=178.8min
[  543,139] ep= 3400  phase=1  fault=clean         Ry=+0.832  Ra=-0.963  Rw=-0.846  noise=0.219  c_loss=0.0003  t=179.8min
[  546,321] ep= 3420  phase=1  fault=clean         Ry=-0.300  Ra=-0.923  Rw=+0.488  noise=0.218  c_loss=0.0003  t=180.8min
[  549,514] ep= 3440  phase=1  fault=stuck         Ry=-0.528  Ra=-0.948  Rw=+0.441  noise=0.218  c_loss=0.0004  t=181.8min

--- Eval @ 550,155 steps ---
  yield       Ry=-0.440  Rw=+0.999  yield=5840kg/ha  W=0mm
  n_eff       Ry=-1.000  Rw=+1.000  yield=1427kg/ha  W=0mm
  water       Ry=-0.740  Rw=+0.998  yield=4321kg/ha  W=1mm
  balanced    Ry=-0.978  Rw=+0.999  yield=2641kg/ha  W=0mm

[  552,711] ep= 3460  phase=1  fault=clean         Ry=+0.804  Ra=-0.921  Rw=-0.713  noise=0.217  c_loss=0.0002  t=183.7min
[  555,901] ep= 3480  phase=1  fault=clean         Ry=+0.428  Ra=-0.779  Rw=-0.215  noise=0.217  c_loss=0.0007  t=184.7min
[  559,096] ep= 3500  phase=1  fault=clean         Ry=+1.000  Ra=-0.745  Rw=-0.882  noise=0.216  c_loss=0.0007  t=185.7min
[  562,311] ep= 3520  phase=1  fault=clean         Ry=+1.000  Ra=-0.965  Rw=-0.527  noise=0.216  c_loss=0.0006  t=186.8min
[  565,530] ep= 3540  phase=1  fault=clean         Ry=+1.000  Ra=-0.897  Rw=-0.548  noise=0.215  c_loss=0.0003  t=187.9min
[  568,728] ep= 3560  phase=1  fault=stuck         Ry=+0.328  Ra=-0.001  Rw=-0.497  noise=0.215  c_loss=0.0002  t=188.9min
[  571,925] ep= 3580  phase=1  fault=clean         Ry=+0.960  Ra=-0.877  Rw=-0.950  noise=0.214  c_loss=0.0004  t=189.9min
[  575,123] ep= 3600  phase=1  fault=clean         Ry=+0.144  Ra=-0.934  Rw=-0.822  noise=0.214  c_loss=0.0002  t=190.9min
[  578,308] ep= 3620  phase=1  fault=clean         Ry=+0.376  Ra=-0.941  Rw=-0.684  noise=0.213  c_loss=0.0006  t=192.0min
