====================================================================
12_capql_train_robust.py  —  CAPQL-Robust (MLP + fault training)
====================================================================
  Obs dim  : 19  (crop(11) + mask(5) + w(3))
  Actor    : MLP  (19→256→256→2)
  Critic   : MLP  (21→256→256→1)
  Steps    : 1,000,000  |  warmup 5,000  |  batch 256
  Hindsight: w ~ Dirichlet(1,1,1) resampled at every batch
  Aug λ=0.5  ε=0.1
  Fault mix: 60% clean | 10% dropout | 10% packet | 10% stuck | 5% N-act | 5% W-act
====================================================================

     ep      step    R_yld    R_ane    R_wef    yield                   w  ETA
  ────────────────────────────────────────────────────────────────────────────
  Collecting warmup steps...

     10     1,579   +0.741   -0.984   -1.000    10443  [0.51,0.01,0.48]  ETA 76.3m
     20     3,159   +0.536   -0.847   -1.000     9661  [0.19,0.77,0.04]  ETA 77.2m
     30     4,763   +0.658   -0.957   -1.000    10126  [0.08,0.54,0.38]  ETA 76.0m
     40     6,370   +0.533   -0.945   -1.000     9649  [0.72,0.07,0.21]  ETA 126.1m
     50     7,964   +0.790   -0.947   -0.152    10631  [0.22,0.20,0.58]  ETA 162.2m
     60     9,583   +0.888   -0.813   -1.000    11002  [0.18,0.68,0.13]  ETA 186.1m
     70    11,194   +0.926   -0.938   -1.000    11148  [0.43,0.08,0.49]  ETA 203.0m
     80    12,794   +1.000   -0.974   -1.000    11450  [0.69,0.22,0.09]  ETA 216.0m
     90    14,381   -0.988   -1.000   -1.000     3856  [0.00,1.00,0.00]  ETA 225.6m
    100    15,970   -0.065   -0.962   +0.333     7371  [0.00,0.00,1.00]  ETA 233.3m
    110    17,581   +0.133   -0.959   +0.385     8126  [0.00,0.00,1.00]  ETA 240.1m
    120    19,192   -0.162   -0.282   -1.000     7001  [0.03,0.88,0.09]  ETA 245.5m
    130    20,779   +0.981   -0.939   -0.578    11359  [0.35,0.07,0.58]  ETA 249.7m
    140    22,414   +0.718   -0.861   -1.000    10354  [0.21,0.64,0.15]  ETA 253.4m
    150    23,997   +0.838   -0.363   -1.000    10812  [0.15,0.84,0.01]  ETA 256.4m
    160    25,598   -0.536   -0.135   -1.000     5579  [0.00,1.00,0.00]  ETA 259.0m
    170    27,199   +1.000   -0.907   -1.000    11497  [0.22,0.52,0.27]  ETA 261.2m
    180    28,782   +0.683   -0.901   -1.000    10224  [0.13,0.52,0.35]  ETA 263.0m
    190    30,388   +0.562   -0.932   -0.065     9763  [0.17,0.19,0.64]  ETA 264.9m
    200    31,997   +0.998   -0.929   -1.000    11422  [0.41,0.17,0.41]  ETA 266.3m
    210    33,616   +0.915   -0.949   -1.000    11105  [0.19,0.53,0.28]  ETA 267.7m
    220    35,219   +1.000   -0.837   -1.000    12110  [0.07,0.67,0.26]  ETA 269.2m
    230    36,809   +1.000   -0.910   -0.783    11572  [0.03,0.51,0.45]  ETA 270.9m
    240    38,394   +0.209   -0.963   +0.470     8416  [0.00,0.00,1.00]  ETA 271.7m
    250    39,978   +0.983   -0.931   -0.719    11364  [0.23,0.37,0.40]  ETA 272.3m
    260    41,541   +1.000   -0.933   -0.003    12449  [0.19,0.15,0.66]  ETA 272.8m
    270    43,142   +0.669   -0.973   -1.000    10169  [0.44,0.17,0.40]  ETA 273.3m
    280    44,761   +0.716   -0.914   -1.000    10348  [0.14,0.54,0.32]  ETA 273.7m
    290    46,365   +1.000   -0.464   -1.000    11707  [0.09,0.84,0.06]  ETA 274.1m
    300    47,939   +0.399   -0.089   -0.479     9140  [0.00,1.00,0.00]  ETA 274.5m
    310    49,542   +0.847   -0.914   -1.000    10845  [0.37,0.53,0.09]  ETA 274.9m
    320    51,138   +1.000   -0.935   -1.000    11564  [0.61,0.35,0.03]  ETA 275.1m
    330    52,741   +0.808   -0.920   -1.000    10698  [0.23,0.33,0.44]  ETA 275.3m
    340    54,343   +1.000   -0.934   -1.000    11565  [0.55,0.26,0.19]  ETA 275.5m
    350    55,936   +0.888   -0.940   -1.000    11005  [0.11,0.56,0.32]  ETA 275.6m
    360    57,412   +0.725   -0.815   -1.000    10383  [0.07,0.70,0.24]  ETA 275.7m
    370    59,000   +0.909   -0.937   -1.000    11084  [1.00,0.00,0.00]  ETA 275.8m
    380    60,605   +0.438   -0.194   -1.000     9288  [0.00,1.00,0.00]  ETA 276.1m
    390    62,200   +0.655   -0.941   -1.000    10114  [0.53,0.35,0.12]  ETA 276.1m
    400    63,792   -0.007   -0.121   -1.000     7595  [0.00,1.00,0.00]  ETA 276.1m
    410    65,385   +0.925   -0.925   -0.681    11143  [0.17,0.41,0.42]  ETA 276.7m
    420    66,977   -0.437   -0.959   +0.427     5956  [0.11,0.02,0.87]  ETA 278.4m
    430    68,573   +0.630   -0.949   -1.000    10021  [0.90,0.01,0.09]  ETA 281.0m
    440    70,173   +0.475   -0.971   -1.000     9430  [0.44,0.39,0.17]  ETA 283.2m
    450    71,759   +0.736   -0.875   -1.000    10422  [0.17,0.60,0.23]  ETA 284.1m
    460    73,343   +0.507   -0.933   -1.000     9551  [0.57,0.29,0.14]  ETA 285.1m
    470    74,933   +0.705   -0.941   -1.000    10306  [0.25,0.35,0.40]  ETA 285.7m
    480    76,517   +1.000   -0.938   -0.650    11930  [0.30,0.24,0.46]  ETA 285.7m
    490    78,105   +1.000   -0.725   -1.000    12226  [0.22,0.74,0.04]  ETA 286.5m
    500    79,624   +0.911   -0.923   -1.000    11091  [0.51,0.16,0.33]  ETA 287.6m
    510    81,238   +0.978   -0.916   -1.000    11346  [0.44,0.47,0.09]  ETA 288.6m
    520    82,844   +1.000   -0.926   -1.000    11762  [0.35,0.28,0.38]  ETA 288.5m
    530    84,471   +1.000   -0.923   -0.776    11749  [0.34,0.17,0.49]  ETA 288.3m
    540    86,081   +0.784   -0.941   -1.000    10608  [0.98,0.00,0.01]  ETA 288.1m
    550    87,679   +0.114   -0.115   -1.000     8055  [0.00,1.00,0.00]  ETA 288.3m
    560    89,292   +0.790   -0.943   -0.758    10631  [0.06,0.38,0.56]  ETA 288.8m
    570    90,878   +0.924   -0.925   -1.000    11139  [0.45,0.25,0.30]  ETA 289.3m
    580    92,485   +0.420   -0.939   -1.000     9222  [0.55,0.12,0.33]  ETA 289.6m
    590    94,091   +1.000   -0.902   -1.000    12595  [0.27,0.42,0.31]  ETA 289.8m
    600    95,695   +0.756   -0.925   -1.000    10501  [0.81,0.19,0.00]  ETA 290.0m
    610    97,317   +0.981   -0.914   -1.000    11358  [0.74,0.06,0.20]  ETA 290.5m
    620    98,912   +0.830   -0.924   -1.000    10784  [0.48,0.36,0.16]  ETA 290.8m
    630   100,507   -0.093   -0.949   -0.249     7266  [0.17,0.24,0.59]  ETA 290.8m
    640   102,013   -0.022   -0.939   -0.131     7536  [0.26,0.10,0.64]  ETA 290.8m
    650   103,587   +1.000   -0.845   -0.855    13514  [0.05,0.62,0.33]  ETA 291.1m
    660   105,190   +0.700   -0.932   -1.000    10287  [1.00,0.00,0.00]  ETA 291.6m
    670   106,796   +0.836   -0.926   -1.000    10807  [0.79,0.13,0.08]  ETA 291.6m
    680   108,402   +1.000   -0.704   -1.000    11877  [0.13,0.78,0.08]  ETA 292.9m
    690   110,021   +0.848   -0.940   -1.000    10852  [0.57,0.13,0.30]  ETA 294.6m
    700   111,613   +0.925   -0.756   -0.987    11144  [0.66,0.06,0.29]  ETA 294.6m
    710   113,219   +1.000   -0.890   -0.747    11430  [0.24,0.52,0.24]  ETA 294.7m
    720   114,819   +1.000   -0.905   -0.932    12040  [0.62,0.33,0.05]  ETA 294.9m
    730   116,408   +1.000   -0.935   -1.000    11758  [0.45,0.42,0.13]  ETA 295.0m
    740   117,902   +1.000   -0.952   -1.000    12051  [1.00,0.00,0.00]  ETA 294.7m
    750   119,499   +1.000   -0.946   -0.770    12087  [0.11,0.34,0.55]  ETA 294.7m
    760   121,084   +1.000   -0.932   -1.000    11617  [0.46,0.41,0.13]  ETA 294.6m
    770   122,667   +0.743   -0.784   -0.808    10450  [0.09,0.72,0.19]  ETA 294.5m
    780   124,252   +0.857   -0.949   -0.073    10885  [0.25,0.13,0.63]  ETA 294.3m
    790   125,854   +0.953   -0.906   -0.165    11252  [0.08,0.33,0.59]  ETA 294.0m
    800   127,455   +0.707   -0.923   -1.000    10313  [0.29,0.42,0.29]  ETA 293.9m
    810   129,059   +0.796   -0.783   -0.657    10653  [0.10,0.55,0.35]  ETA 293.8m
    820   130,650   +0.739   -0.817   -1.000    10436  [1.00,0.00,0.00]  ETA 293.7m
    830   132,262   +0.284   -0.935   +0.278     8703  [0.14,0.14,0.72]  ETA 293.6m
    840   133,829   +0.578   -0.956   -1.000     9824  [0.43,0.40,0.17]  ETA 293.6m
    850   135,428   +0.042   -0.956   +0.443     7780  [0.17,0.05,0.77]  ETA 293.7m
    860   137,028   +0.649   -0.876   -1.000    10092  [0.03,0.63,0.35]  ETA 293.5m
    870   138,616   +0.202   -0.011   -1.000     8388  [0.00,1.00,0.00]  ETA 293.2m
    880   140,212   -0.525   -0.185   -0.918     5618  [0.00,1.00,0.00]  ETA 292.7m
    890   141,824   +0.897   -0.926   -0.840    11036  [0.11,0.37,0.52]  ETA 292.3m
    900   143,417   +0.057   -0.894   -0.168     7836  [0.08,0.29,0.63]  ETA 292.0m
    910   145,026   +1.000   -0.943   -0.365    11600  [0.37,0.02,0.61]  ETA 291.6m
    920   146,624   +1.000   -0.901   -1.000    11701  [1.00,0.00,0.00]  ETA 291.1m
    930   148,239   +1.000   -0.925   +0.435    11776  [0.05,0.19,0.76]  ETA 290.6m
    940   149,826   +0.947   -0.948   -1.000    11226  [1.00,0.00,0.00]  ETA 290.2m
    950   151,429   +0.410   -0.938   +0.416     9182  [0.00,0.00,1.00]  ETA 289.8m
    960   153,029   -0.375   -0.963   +0.080     6192  [0.34,0.01,0.66]  ETA 289.3m
    970   154,641   +0.961   -0.912   +0.474    11280  [0.10,0.16,0.75]  ETA 288.9m
    980   156,259   +0.485   -0.951   -1.000     9469  [1.00,0.00,0.00]  ETA 288.3m
    990   157,867   +0.352   -0.948   +0.399     8962  [0.00,0.00,1.00]  ETA 287.7m
   1000   159,474   +0.238   -0.933   +0.428     8525  [0.00,0.00,1.00]  ETA 287.1m
   1010   161,073   +0.721   -0.945   -0.251    10367  [0.24,0.22,0.55]  ETA 286.5m
   1020   162,652   +1.000   -0.928   -0.726    11909  [0.13,0.37,0.50]  ETA 285.9m
   1030   164,249   +0.954   -0.401   -0.857    11254  [0.20,0.76,0.04]  ETA 285.3m
   1040   165,849   +1.000   -0.919   -0.894    12525  [0.51,0.10,0.39]  ETA 284.7m
   1050   167,438   +0.310   -0.933   +0.201     8800  [0.20,0.12,0.68]  ETA 284.1m
   1060   168,948   +0.419   -0.932   +0.090     9217  [0.30,0.07,0.63]  ETA 283.6m
   1070   170,523   +0.838   -0.921   -1.000    10811  [0.42,0.31,0.27]  ETA 283.0m
   1080   172,111   +0.081   -0.948   -1.000     7927  [0.58,0.24,0.18]  ETA 282.5m
   1090   173,721   +0.385   -0.943   -1.000     9086  [0.35,0.36,0.29]  ETA 282.1m
   1100   175,328   -0.598   -0.391   -0.597     5341  [0.00,1.00,0.00]  ETA 282.0m
   1110   176,911   +0.615   -0.959   -1.000     9962  [0.92,0.05,0.03]  ETA 281.5m
   1120   178,527   +0.336   -0.943   +0.447     8902  [0.00,0.00,1.00]  ETA 281.0m
   1130   180,138   +0.605   -0.955   -1.000     9925  [0.67,0.16,0.17]  ETA 280.4m
   1140   181,729   +0.804   -0.927   -0.687    10682  [0.38,0.32,0.31]  ETA 279.8m
   1150   183,327   +0.036   -0.596   -0.817     7756  [0.14,0.83,0.04]  ETA 279.2m
   1160   184,956   +1.000   -0.931   -0.895    12282  [0.31,0.20,0.49]  ETA 278.6m
   1170   186,558   +0.484   +0.199   -0.678     9464  [0.00,1.00,0.00]  ETA 278.0m
   1180   188,164   +0.816   -0.920   -1.000    10730  [0.41,0.32,0.26]  ETA 277.8m
   1190   189,751   +0.699   -0.786   -0.906    10284  [0.16,0.73,0.11]  ETA 277.3m
   1200   191,348   +0.715   -0.815   -0.948    10345  [0.14,0.74,0.12]  ETA 276.9m
   1210   192,969   +1.000   -0.797   -1.000    13005  [0.07,0.67,0.26]  ETA 276.3m
   1220   194,588   +0.516   -0.907   -0.901     9588  [0.42,0.56,0.01]  ETA 275.7m
   1230   196,173   +0.901   -0.896   -1.000    11052  [0.28,0.47,0.26]  ETA 275.2m
   1240   197,772   +0.726   -0.928   -0.556    10385  [0.49,0.18,0.34]  ETA 274.6m
   1250   199,369   +0.319   -0.068   -0.576     8837  [0.00,1.00,0.00]  ETA 274.0m
   1260   200,974   +0.765   -0.925   -0.768    10536  [0.53,0.14,0.33]  ETA 273.4m
   1270   202,563   +0.689   -0.854   -0.985    10244  [0.19,0.59,0.22]  ETA 272.8m
   1280   204,177   +0.683   -0.912   -0.844    10222  [0.31,0.29,0.40]  ETA 272.3m
   1290   205,780   +0.677   -0.892   -0.952    10198  [0.29,0.60,0.11]  ETA 271.8m
   1300   207,365   +0.335   -0.927   -0.769     8898  [0.25,0.29,0.46]  ETA 271.3m
   1310   208,960   +0.376   -0.921   +0.473     9054  [0.00,0.00,1.00]  ETA 270.8m
   1320   210,587   +1.000   -0.931   -1.000    11485  [0.94,0.05,0.02]  ETA 270.4m
   1330   212,192   -0.551   -0.957   +0.446     5520  [0.00,0.00,1.00]  ETA 270.1m
   1340   213,777   +0.752   -0.923   -0.303    10486  [0.18,0.21,0.60]  ETA 269.6m
   1350   215,351   +0.839   -0.796   -0.734    10817  [0.04,0.71,0.25]  ETA 269.1m
   1360   216,950   -0.206   -0.127   -0.251     6834  [0.00,1.00,0.00]  ETA 268.6m
   1370   218,555   +1.000   -0.802   -0.450    11938  [0.31,0.16,0.53]  ETA 268.1m
   1380   220,154   +1.000   -0.904   -0.867    11912  [0.66,0.15,0.18]  ETA 267.7m
   1390   221,736   +0.659   -0.916   +0.415    10129  [0.00,0.00,1.00]  ETA 267.4m
   1400   223,317   +1.000   -0.915   -1.000    12539  [0.22,0.42,0.36]  ETA 267.0m
   1410   224,932   +0.603   -0.923   -0.823     9919  [0.34,0.38,0.28]  ETA 266.5m
   1420   226,529   +1.000   -0.854   -0.367    12274  [0.38,0.61,0.01]  ETA 266.0m
   1430   228,121   +1.000   -0.835   -0.767    12036  [0.20,0.63,0.17]  ETA 265.5m
   1440   229,724   -0.398   -0.163   -0.789     6103  [0.00,1.00,0.00]  ETA 265.0m
   1450   231,328   +1.000   -0.888   -0.516    11667  [0.34,0.26,0.40]  ETA 264.4m
   1460   232,934   +0.539   +0.038   -0.543     9672  [0.00,1.00,0.00]  ETA 263.8m
   1470   234,553   +0.115   -0.830   -0.930     8058  [0.04,0.74,0.22]  ETA 263.1m
   1480   236,137   +1.000   -0.926   -0.975    12579  [0.48,0.18,0.34]  ETA 262.5m
   1490   237,742   +0.838   -0.902   -0.868    10811  [0.76,0.08,0.16]  ETA 261.9m
   1500   239,339   +0.370   -0.914   -0.586     9031  [0.08,0.45,0.47]  ETA 261.2m
   1510   240,832   +0.627   -0.832   -0.585    10010  [0.18,0.56,0.26]  ETA 260.6m
   1520   242,426   -0.704   -1.000   -0.733     4937  [0.00,1.00,0.00]  ETA 260.0m
   1530   244,037   -0.166   -0.935   +0.087     6986  [0.30,0.25,0.45]  ETA 259.4m
   1540   245,646   -0.737   -1.000   +0.444     4812  [0.17,0.05,0.77]  ETA 258.7m
   1550   247,242   -0.234   -0.889   +0.439     6727  [0.18,0.04,0.77]  ETA 258.1m
   1560   248,830   +0.988   -0.897   -0.838    11385  [0.59,0.31,0.11]  ETA 257.5m
   1570   250,427   +0.691   -0.917   +0.483    10252  [0.00,0.00,1.00]  ETA 256.9m
   1580   252,023   +0.861   -0.888   -0.725    10899  [0.50,0.08,0.42]  ETA 256.2m
   1590   253,611   +0.471   -0.892   -0.612     9416  [0.28,0.49,0.23]  ETA 255.6m
   1600   255,200   +0.629   -0.911   -0.662    10017  [0.44,0.25,0.30]  ETA 255.0m
   1610   256,823   -0.304   -0.946   +0.526     6463  [0.01,0.11,0.89]  ETA 254.4m
   1620   258,442   +1.000   -0.901   -0.721    11867  [0.28,0.43,0.29]  ETA 253.8m
   1630   260,040   +1.000   -0.885   -0.757    11673  [0.85,0.04,0.10]  ETA 253.2m
   1640   261,632   +0.361   -0.914   -0.158     8994  [0.25,0.22,0.53]  ETA 252.6m
   1650   263,215   +0.846   -0.893   -0.824    10844  [0.40,0.43,0.17]  ETA 251.9m
   1660   264,805   +0.404   -0.933   +0.445     9158  [0.00,0.00,1.00]  ETA 251.3m
   1670   266,415   +0.731   -0.898   -0.851    10406  [0.59,0.40,0.01]  ETA 250.7m
   1680   268,007   +0.730   -0.927   -0.763    10403  [0.50,0.23,0.28]  ETA 250.1m
   1690   269,606   +1.000   -0.916   -0.783    12125  [0.63,0.34,0.03]  ETA 249.5m
   1700   271,195   +0.298   -0.911   -0.698     8754  [0.39,0.42,0.20]  ETA 248.8m
   1710   272,802   +0.744   -0.905   -0.711    10454  [1.00,0.00,0.00]  ETA 248.2m
   1720   274,384   +0.928   -0.887   -0.489    11155  [0.57,0.05,0.38]  ETA 247.6m
   1730   275,992   +0.423   -0.903   -0.167     9233  [0.00,0.46,0.54]  ETA 247.0m
   1740   277,597   +0.971   -0.905   -0.772    11318  [0.63,0.06,0.31]  ETA 246.4m
   1750   279,181   +0.586   -0.914   -0.774     9852  [0.79,0.10,0.11]  ETA 245.8m
   1760   280,797   +0.686   -0.871   -0.911    10233  [0.41,0.59,0.01]  ETA 245.2m
   1770   282,376   +0.731   -0.905   -0.557    10404  [0.60,0.34,0.05]  ETA 244.5m
   1780   283,969   +0.493   -0.883   -0.566     9499  [0.13,0.56,0.31]  ETA 243.9m
   1790   285,576   +1.000   -0.881   -1.000    12319  [0.46,0.12,0.42]  ETA 243.3m
   1800   287,166   +1.000   -0.893   -0.148    12063  [0.23,0.28,0.49]  ETA 242.7m
   1810   288,765   +0.514   -0.906   -0.488     9578  [0.30,0.18,0.52]  ETA 242.1m
   1820   290,382   +0.566   -0.912   -0.759     9775  [0.50,0.39,0.11]  ETA 241.5m
   1830   292,016   +1.000   -0.867   -0.770    11696  [0.13,0.62,0.25]  ETA 240.8m
   1840   293,599   -0.166   -0.058   -0.508     6988  [0.00,1.00,0.00]  ETA 240.2m
   1850   295,191   +0.522   -0.908   -0.803     9607  [0.55,0.24,0.21]  ETA 239.7m
   1860   296,786   +0.921   -0.892   -0.824    11128  [0.69,0.09,0.22]  ETA 239.1m
   1870   298,399   +0.547   -0.903   -0.934     9705  [0.69,0.09,0.22]  ETA 238.4m
   1880   300,008   +0.060   -0.936   -0.815     7847  [0.77,0.21,0.02]  ETA 237.8m
   1890   301,598   +1.000   -0.726   -1.000    11890  [0.22,0.74,0.04]  ETA 237.2m
   1900   303,185   +0.700   -0.898   -0.569    10287  [0.20,0.39,0.41]  ETA 236.7m
   1910   304,787   +0.168   +0.012   -0.827     8259  [0.08,0.91,0.00]  ETA 236.1m
   1920   306,396   +0.599   -0.941   +0.416     9902  [0.00,0.00,1.00]  ETA 235.5m
   1930   307,979   +0.792   -0.872   -1.000    10637  [0.48,0.42,0.10]  ETA 234.9m
   1940   309,566   +1.000   -0.881   -0.657    11906  [0.21,0.23,0.56]  ETA 234.3m
   1950   311,172   +0.735   -0.913   -0.621    10422  [0.55,0.03,0.42]  ETA 233.7m
   1960   312,768   +0.834   -0.879   -0.162    10796  [0.01,0.46,0.53]  ETA 233.1m
   1970   314,343   -0.208   -0.934   -0.122     6826  [0.26,0.31,0.43]  ETA 232.5m
   1980   315,948   +0.515   -0.891   -0.839     9581  [0.11,0.51,0.38]  ETA 231.9m
   1990   317,554   +0.997   -0.858   -0.682    11417  [0.01,0.52,0.47]  ETA 231.3m
   2000   319,142   +0.348   -0.902   -0.888     8947  [0.08,0.54,0.38]  ETA 230.7m
   2010   320,703   -0.383   -0.957   +0.456     6159  [0.00,0.00,1.00]  ETA 230.2m
   2020   322,299   +0.788   -0.891   +0.079    10621  [0.25,0.05,0.70]  ETA 229.6m
   2030   323,886   -0.272   -0.906   +0.556     6583  [0.00,0.00,1.00]  ETA 229.0m
   2040   325,509   +0.472   -0.913   -0.257     9418  [0.50,0.08,0.42]  ETA 228.4m
   2050   327,094   -0.092   -0.920   -0.010     7270  [0.26,0.16,0.59]  ETA 227.8m
   2060   328,709   +0.953   -0.857   -0.718    11253  [0.03,0.60,0.37]  ETA 227.3m
   2070   330,314   +0.669   -0.902   -0.761    10170  [0.30,0.51,0.20]  ETA 226.7m
   2080   331,924   +0.236   +0.041   -0.870     8520  [0.00,1.00,0.00]  ETA 226.1m
   2090   333,509   +0.090   -0.922   -0.284     7963  [0.41,0.04,0.56]  ETA 225.5m
   2100   335,136   +0.449   -0.917   -0.436     9332  [0.58,0.32,0.10]  ETA 224.9m
   2110   336,719   +1.000   -0.853   -0.751    12232  [0.11,0.56,0.33]  ETA 224.4m
   2120   338,212   +0.686   -0.750   -0.652    10233  [0.08,0.72,0.21]  ETA 223.8m
   2130   339,805   +0.119   -0.891   +0.073     8074  [0.09,0.58,0.33]  ETA 223.3m
   2140   341,384   +0.804   +0.269   -0.689    10684  [0.00,1.00,0.00]  ETA 222.7m
   2150   342,952   +0.468   -0.594   -0.446     9401  [0.07,0.82,0.12]  ETA 222.2m
   2160   344,438   +0.502   -0.907   +0.317     9534  [0.18,0.10,0.72]  ETA 221.6m
   2170   346,026   +1.000   -0.820   -0.443    11499  [0.26,0.60,0.13]  ETA 221.1m
   2180   347,633   +1.000   -0.640   -0.537    11641  [0.45,0.27,0.28]  ETA 220.5m
   2190   349,250   +0.699   -0.666   -0.444    10284  [0.12,0.79,0.09]  ETA 219.9m
   2200   350,847   +0.457   -0.894   -0.667     9362  [0.33,0.32,0.36]  ETA 219.3m
   2210   352,427   +0.541   -0.873   +0.108     9681  [0.21,0.40,0.39]  ETA 218.7m
   2220   354,023   +1.000   -0.902   -0.718    11777  [0.51,0.11,0.39]  ETA 218.1m
   2230   355,640   +0.754   -0.886   -0.025    10493  [0.78,0.18,0.04]  ETA 217.5m
   2240   357,233   +1.000   -0.591   -0.460    11825  [0.61,0.02,0.37]  ETA 217.0m
   2250   358,849   -0.629   -0.950   +0.476     5222  [0.00,0.00,1.00]  ETA 216.4m
   2260   360,456   +0.615   -0.865   -0.592     9964  [0.28,0.58,0.14]  ETA 215.8m
   2270   362,070   +0.513   -0.533   -0.340     9574  [0.12,0.83,0.06]  ETA 215.3m
   2280   363,669   -0.608   -0.947   +0.499     5302  [0.00,0.00,1.00]  ETA 214.7m
   2290   365,287   -0.644   -0.952   +0.449     5168  [0.11,0.11,0.78]  ETA 214.1m
   2300   366,872   +0.792   -0.864   -0.514    10638  [0.17,0.59,0.24]  ETA 213.6m
   2310   368,454   +0.699   -0.891   -0.568    10282  [0.41,0.26,0.32]  ETA 213.0m
   2320   370,049   +0.952   -0.869   -0.525    11248  [0.42,0.25,0.33]  ETA 212.5m
   2330   371,644   +0.884   -0.859   -0.315    10989  [0.20,0.59,0.22]  ETA 211.9m
   2340   373,233   +0.510   -0.544   -0.515     9562  [0.02,0.83,0.14]  ETA 211.3m
   2350   374,849   +0.788   -0.891   -0.410    10622  [0.76,0.13,0.11]  ETA 210.7m
   2360   376,443   +0.892   -0.885   -0.677    11019  [0.42,0.12,0.46]  ETA 210.2m
   2370   378,040   -0.505   -0.891   +0.409     5698  [0.11,0.09,0.80]  ETA 209.6m
   2380   379,626   +1.000   -0.833   -0.392    12568  [0.04,0.53,0.42]  ETA 209.0m
   2390   381,233   +0.723   -0.877   -0.505    10376  [0.46,0.43,0.11]  ETA 208.5m
   2400   382,829   -0.449   -0.935   +0.457     5911  [0.03,0.18,0.78]  ETA 207.9m
   2410   384,424   +0.623   -0.887   +0.145     9994  [0.26,0.11,0.63]  ETA 207.3m
   2420   386,009   -0.897   -1.000   +0.494     4201  [0.21,0.19,0.60]  ETA 206.7m
   2430   387,594   +0.412   -0.896   -0.228     9189  [0.03,0.42,0.55]  ETA 206.0m
   2440   389,179   +0.220   -0.916   -0.256     8457  [0.26,0.30,0.44]  ETA 205.4m
   2450   390,784   +0.378   -0.897   -0.533     9058  [0.79,0.21,0.00]  ETA 204.8m
   2460   392,382   +0.379   -0.005   -0.670     9066  [0.00,1.00,0.00]  ETA 204.2m
   2470   393,970   +0.202   -0.913   -0.758     8388  [0.78,0.06,0.16]  ETA 203.6m
   2480   395,564   +0.332   -0.906   -0.515     8887  [0.69,0.10,0.22]  ETA 203.0m
   2490   397,159   +1.000   -0.830   +0.166    11789  [0.41,0.51,0.08]  ETA 202.4m
   2500   398,763   -0.128   -0.804   -0.302     7131  [0.02,0.75,0.23]  ETA 201.8m
   2510   400,354   +1.000   -0.862   -0.291    11511  [0.56,0.23,0.21]  ETA 201.2m
   2520   401,957   +0.399   -0.909   +0.175     9140  [0.47,0.37,0.16]  ETA 200.7m
   2530   403,556   +0.757   +0.228   -0.436    10503  [0.00,1.00,0.00]  ETA 200.2m
   2540   405,149   +0.287   -0.886   +0.085     8713  [0.10,0.21,0.68]  ETA 199.8m
   2550   406,747   +0.819   -0.894   -0.665    10742  [0.74,0.23,0.02]  ETA 199.2m
   2560   408,355   +0.508   -0.895   +0.495     9555  [0.00,0.00,1.00]  ETA 198.6m
   2570   409,960   +0.789   -0.860   -0.549    10626  [0.37,0.51,0.12]  ETA 198.1m
   2580   411,566   +0.796   -0.886   -0.535    10651  [0.69,0.05,0.26]  ETA 197.5m
   2590   413,180   +0.508   -0.865   -0.502     9556  [0.25,0.63,0.11]  ETA 196.9m
   2600   414,772   +0.971   -0.881   -0.394    11318  [0.16,0.32,0.52]  ETA 196.3m
   2610   416,372   +0.094   -0.857   +0.516     7978  [0.07,0.41,0.52]  ETA 195.8m
   2620   417,940   +1.000   -0.884   -0.099    11828  [0.17,0.49,0.34]  ETA 195.2m
   2630   419,555   +0.823   -0.880   -0.621    10756  [0.63,0.13,0.23]  ETA 194.6m
   2640   421,160   +0.510   -0.913   -0.451     9561  [0.33,0.48,0.20]  ETA 194.1m
   2650   422,756   +0.923   -0.901   -0.483    11136  [1.00,0.00,0.00]  ETA 193.5m
   2660   424,345   +0.686   -0.898   -0.450    10233  [0.54,0.22,0.24]  ETA 192.9m
   2670   425,915   +1.000   -0.844   -0.490    11543  [0.58,0.08,0.34]  ETA 192.4m
   2680   427,536   +0.108   -0.914   +0.443     8030  [0.00,0.00,1.00]  ETA 191.8m
   2690   429,148   -0.760   -1.000   +0.574     4725  [0.00,0.00,1.00]  ETA 191.2m
   2700   430,755   +0.770   -0.867   -0.137    10554  [0.27,0.51,0.22]  ETA 190.6m
   2710   432,341   +0.549   -0.904   -0.518     9711  [0.96,0.00,0.04]  ETA 190.1m
   2720   433,933   -1.000   -1.000   +0.528     3763  [0.08,0.11,0.81]  ETA 189.5m
   2730   435,514   +1.000   -0.878   -0.388    12060  [0.44,0.36,0.21]  ETA 189.0m
   2740   437,108   +0.464   -0.887   -0.600     9387  [0.21,0.30,0.49]  ETA 188.4m
   2750   438,685   -0.522   -0.888   -0.478     5630  [0.06,0.67,0.27]  ETA 187.9m
   2760   440,276   +0.470   -0.020   -0.613     9411  [0.00,1.00,0.00]  ETA 187.3m
   2770   441,876   +1.000   -0.883   -0.483    11888  [0.59,0.00,0.40]  ETA 186.7m
   2780   443,451   +1.000   -0.856   -0.706    12987  [1.00,0.00,0.00]  ETA 186.1m
   2790   445,065   -1.000   -1.000   +0.427     3496  [0.05,0.08,0.86]  ETA 185.6m
   2800   446,664   -0.333   -0.945   +0.305     6351  [0.00,0.00,1.00]  ETA 185.0m
   2810   448,267   +0.759   -0.863   -0.569    10513  [0.42,0.52,0.06]  ETA 184.5m
   2820   449,870   +0.872   -0.713   -0.818    10944  [0.14,0.74,0.11]  ETA 183.9m
   2830   451,448   +1.000   -0.001   -0.113    11910  [0.00,1.00,0.00]  ETA 183.3m
   2840   453,045   -0.627   -0.924   +0.425     5232  [0.13,0.16,0.70]  ETA 182.8m
   2850   454,668   +1.000   -0.850   -0.401    11983  [0.51,0.20,0.29]  ETA 182.2m
   2860   456,261   +0.184   -0.900   +0.401     8319  [0.00,0.00,1.00]  ETA 181.7m
   2870   457,871   +0.465   -0.865   -0.403     9391  [0.45,0.43,0.12]  ETA 181.1m
   2880   459,470   +0.666   -0.857   -0.452    10158  [0.29,0.63,0.08]  ETA 180.5m
   2890   461,066   +0.445   -0.883   -0.438     9317  [0.36,0.21,0.43]  ETA 180.0m
   2900   462,658   +0.701   -0.881   -0.334    10290  [0.38,0.35,0.27]  ETA 179.4m
   2910   464,251   +0.531   -0.889   -0.733     9641  [0.30,0.40,0.30]  ETA 178.8m
   2920   465,865   +0.952   -0.869   -0.119    11248  [0.37,0.05,0.59]  ETA 178.3m
   2930   467,468   +0.922   -0.876   -0.257    11132  [0.50,0.04,0.45]  ETA 177.7m
   2940   469,048   +0.757   -0.869   -0.941    10502  [0.37,0.39,0.24]  ETA 177.2m
   2950   470,650   +0.335   -0.898   +0.204     8895  [0.43,0.10,0.48]  ETA 176.6m
   2960   472,251   +0.594   -0.853   +0.286     9884  [0.26,0.59,0.15]  ETA 176.0m
   2970   473,837   +0.702   -0.586   -0.304    10294  [0.08,0.82,0.10]  ETA 175.5m
   2980   475,423   +0.562   -0.866   +0.347     9760  [0.01,0.28,0.72]  ETA 174.9m
   2990   476,994   +0.510   -0.862   -0.391     9562  [0.32,0.52,0.16]  ETA 174.4m
   3000   478,579   +0.854   -0.885   -0.277    10872  [0.41,0.50,0.09]  ETA 173.8m
   3010   480,157   -0.545   -0.928   +0.473     5544  [0.09,0.08,0.83]  ETA 173.3m
   3020   481,774   -0.017   -0.909   +0.239     7554  [0.11,0.23,0.65]  ETA 172.7m
   3030   483,363   +1.000   -0.819   -0.467    12457  [0.73,0.18,0.09]  ETA 172.1m
   3040   484,951   +0.310   -0.901   +0.477     8802  [0.05,0.11,0.84]  ETA 171.6m
   3050   486,533   +0.512   +0.224   -0.315     9572  [0.00,1.00,0.00]  ETA 171.0m
   3060   488,131   +0.729   -0.892   -0.485    10397  [0.71,0.00,0.29]  ETA 170.5m
   3070   489,720   +0.543   -0.902   -0.622     9689  [0.94,0.01,0.05]  ETA 169.9m
   3080   491,329   +1.000   -0.552   -0.283    12158  [0.58,0.39,0.03]  ETA 169.4m
   3090   492,924   +0.341   -0.874   +0.130     8921  [0.04,0.42,0.54]  ETA 168.8m
   3100   494,519   +0.799   -0.829   -0.060    10662  [0.13,0.30,0.56]  ETA 168.3m
   3110   496,107   +0.788   -0.872   -0.205    10621  [0.52,0.07,0.41]  ETA 167.7m
   3120   497,722   +0.598   -0.891   -0.116     9897  [0.20,0.15,0.65]  ETA 167.2m
   3130   499,306   +1.000   -0.856   -0.045    11670  [0.39,0.12,0.49]  ETA 166.6m
   3140   500,911   +1.000   -0.861   -0.353    11620  [0.88,0.02,0.11]  ETA 166.1m
   3150   502,508   +0.783   -0.656   -0.224    10602  [0.17,0.72,0.11]  ETA 165.5m
   3160   504,115   -0.317   -0.197   +0.101     6411  [0.00,1.00,0.00]  ETA 165.0m
   3170   505,729   +0.858   -0.854   -0.350    10890  [0.48,0.21,0.32]  ETA 164.4m
   3180   507,339   +0.729   -0.818   -0.061    10397  [0.28,0.69,0.03]  ETA 163.8m
   3190   508,944   +1.000   -0.853   -0.407    12507  [1.00,0.00,0.00]  ETA 163.3m
   3200   510,527   +0.768   -0.874   -0.291    10547  [0.78,0.07,0.15]  ETA 162.8m
   3210   512,146   +0.250   -0.863   -0.159     8572  [0.57,0.18,0.25]  ETA 162.2m
   3220   513,756   -0.063   -0.912   +0.452     7380  [0.00,0.00,1.00]  ETA 161.7m
   3230   515,372   +0.774   -0.839   -0.242    10568  [0.52,0.03,0.45]  ETA 161.1m
   3240   516,976   +0.793   +0.330   -0.300    10643  [0.00,1.00,0.00]  ETA 160.6m
   3250   518,552   +0.476   -0.854   -0.040     9435  [0.18,0.31,0.51]  ETA 160.1m
   3260   520,137   +0.761   -0.857   -0.282    10521  [0.55,0.42,0.03]  ETA 159.6m
   3270   521,731   +0.684   +0.291   -0.193    10227  [0.00,1.00,0.00]  ETA 159.1m
   3280   523,318   +0.465   -0.866   +0.302     9392  [0.06,0.22,0.71]  ETA 158.6m
   3290   524,911   +0.699   -0.873   -0.305    10284  [0.51,0.12,0.37]  ETA 158.1m
   3300   526,524   -0.443   -0.881   +0.011     5930  [0.07,0.49,0.45]  ETA 157.6m
   3310   528,130   +1.000   -0.808   -0.333    12412  [0.31,0.41,0.28]  ETA 157.0m
   3320   529,715   +1.000   -0.807   +0.234    12657  [0.48,0.25,0.27]  ETA 156.5m
   3330   531,326   +0.665   -0.879   -0.494    10155  [0.27,0.03,0.70]  ETA 156.0m
   3340   532,920   +0.312   -0.883   -0.203     8810  [0.87,0.04,0.09]  ETA 155.4m
   3350   534,521   +0.518   -0.805   -0.234     9593  [0.26,0.65,0.09]  ETA 154.9m
   3360   536,129   +0.897   -0.858   -0.115    11038  [0.43,0.07,0.50]  ETA 154.3m
   3370   537,720   +0.806   -0.834   +0.167    10692  [0.80,0.06,0.14]  ETA 153.8m
   3380   539,303   +0.832   -0.876   -0.132    10790  [0.28,0.26,0.46]  ETA 153.3m
   3390   540,923   +0.302   -0.885   +0.402     8770  [0.05,0.14,0.81]  ETA 152.8m
   3400   542,514   +0.490   -0.893   -0.001     9486  [0.29,0.06,0.65]  ETA 152.3m
   3410   544,116   +1.000   -0.867   -0.377    11600  [0.58,0.33,0.09]  ETA 151.8m
   3420   545,706   -0.077   -0.876   +0.000     7325  [0.30,0.29,0.41]  ETA 151.3m
   3430   547,282   +0.814   -0.839   -0.030    10723  [0.42,0.17,0.41]  ETA 150.8m
   3440   548,815   +0.184   -0.867   -0.083     8322  [0.48,0.31,0.21]  ETA 150.3m
   3450   550,408   +0.828   -0.824   +0.446    10774  [0.76,0.03,0.21]  ETA 149.8m
   3460   552,007   +0.804   -0.791   -0.148    10683  [0.29,0.64,0.07]  ETA 149.4m
   3470   553,492   +0.952   -0.843   -0.010    11246  [0.25,0.50,0.25]  ETA 148.9m
   3480   555,086   +0.742   -0.832   -0.094    10446  [0.14,0.30,0.56]  ETA 148.4m
   3490   556,674   +0.958   -0.847   -0.206    11269  [0.75,0.05,0.20]  ETA 147.9m
   3500   558,289   +0.592   -0.772   -0.177     9874  [0.28,0.69,0.03]  ETA 147.4m
   3510   559,887   +1.000   -0.845   -0.087    11619  [0.60,0.39,0.00]  ETA 146.9m
   3520   561,477   +0.953   -0.852   -0.154    11252  [0.72,0.09,0.19]  ETA 146.4m
   3530   563,074   +0.240   -0.873   +0.404     8536  [0.03,0.24,0.73]  ETA 145.9m
   3540   564,671   +0.581   -0.866   -0.090     9834  [0.56,0.30,0.14]  ETA 145.4m
   3550   566,270   +1.000   -0.848   -0.130    11870  [0.49,0.17,0.34]  ETA 144.9m
   3560   567,891   +1.000   -0.846   -0.097    11668  [0.51,0.03,0.46]  ETA 144.4m
   3570   569,491   +0.561   -0.864   +0.407     9758  [0.25,0.49,0.26]  ETA 143.8m
   3580   571,100   +0.553   -0.864   -0.391     9729  [1.00,0.00,0.00]  ETA 143.3m
   3590   572,682   +0.958   -0.849   -0.160    11271  [1.00,0.00,0.00]  ETA 142.7m
   3600   574,265   +0.277   -0.876   +0.080     8675  [0.24,0.38,0.38]  ETA 142.2m
   3610   575,847   +0.629   -0.852   -0.013    10015  [0.38,0.50,0.12]  ETA 141.7m
   3620   577,439   +0.803   -0.863   -0.057    10679  [0.28,0.23,0.49]  ETA 141.1m
   3630   579,032   +1.000   -0.801   +0.113    11782  [0.29,0.16,0.55]  ETA 140.6m
   3640   580,645   +0.784   -0.864   -0.439    10607  [1.00,0.00,0.00]  ETA 140.0m
   3650   582,249   +0.716   -0.821   -0.126    10347  [0.45,0.23,0.32]  ETA 139.5m
   3660   583,870   +0.751   -0.838   -0.277    10479  [0.15,0.48,0.37]  ETA 139.0m
   3670   585,468   +1.000   -0.784   -0.221    12071  [1.00,0.00,0.00]  ETA 138.5m
   3680   587,055   +0.849   -0.859   -0.157    10855  [0.17,0.45,0.38]  ETA 138.0m
   3690   588,658   +0.760   -0.859   +0.016    10516  [0.44,0.09,0.47]  ETA 137.5m
   3700   590,290   +0.506   -0.857   -0.090     9547  [0.09,0.49,0.43]  ETA 137.1m
   3710   591,899   +0.812   -0.682   -0.235    10712  [0.17,0.77,0.05]  ETA 136.6m
   3720   593,497   +0.379   -0.857   +0.253     9064  [0.08,0.18,0.74]  ETA 136.1m
   3730   595,109   -0.360   -0.901   +0.755     6248  [0.17,0.02,0.81]  ETA 135.5m
   3740   596,708   +0.731   -0.823   +0.030    10405  [0.46,0.07,0.48]  ETA 135.0m
   3750   598,299   +0.729   -0.825   +0.084    10398  [0.09,0.30,0.62]  ETA 134.5m
   3760   599,917   +0.874   -0.792   +0.030    10951  [0.07,0.41,0.52]  ETA 133.9m
   3770   601,510   +0.673   -0.843   -0.104    10182  [0.63,0.04,0.34]  ETA 133.4m
   3780   603,102   +0.663   -0.863   -0.103    10146  [0.06,0.50,0.45]  ETA 132.9m
   3790   604,710   +0.307   -0.828   -0.104     8789  [0.11,0.65,0.24]  ETA 132.3m
   3800   606,312   +0.551   -0.833   +0.281     9718  [0.32,0.10,0.58]  ETA 131.8m
   3810   607,911   +1.000   -0.716   -0.030    11844  [0.12,0.67,0.21]  ETA 131.2m
   3820   609,532   +0.736   -0.829   +0.380    10425  [0.09,0.07,0.83]  ETA 130.7m
   3830   611,068   +0.646   -0.851   -0.066    10081  [0.41,0.12,0.47]  ETA 130.1m
   3840   612,667   +0.594   -0.767   +0.116     9884  [0.49,0.40,0.11]  ETA 129.6m
   3850   614,286   +0.636   -0.876   -0.170    10042  [1.00,0.00,0.00]  ETA 129.1m
   3860   615,872   +1.000   -0.763   +0.022    12086  [0.20,0.37,0.43]  ETA 128.5m
   3870   617,473   +0.928   -0.793   +0.112    11156  [0.64,0.03,0.33]  ETA 128.0m
   3880   619,091   +0.591   -0.840   +0.085     9870  [0.45,0.37,0.18]  ETA 127.4m
   3890   620,697   +0.934   -0.674   -0.097    11180  [0.53,0.03,0.44]  ETA 126.9m
   3900   622,299   +1.000   -0.796   -0.074    12388  [1.00,0.00,0.00]  ETA 126.3m
   3910   623,906   +0.297   -0.877   +0.145     8752  [0.37,0.52,0.11]  ETA 125.8m
   3920   625,515   +0.770   -0.818   +0.076    10553  [0.61,0.13,0.25]  ETA 125.2m
   3930   627,116   +0.957   -0.727   -0.140    11267  [0.03,0.70,0.27]  ETA 124.7m
   3940   628,735   +0.800   -0.804   +0.071    10667  [0.36,0.17,0.47]  ETA 124.2m
   3950   630,332   +0.071   -0.868   +0.395     7889  [0.00,0.00,1.00]  ETA 123.6m
   3960   631,931   +0.190   -0.867   +0.380     8345  [0.05,0.00,0.95]  ETA 123.1m
   3970   633,529   +1.000   -0.797   -0.019    11764  [0.13,0.27,0.60]  ETA 122.5m
   3980   635,116   +0.828   -0.830   +0.244    10774  [0.16,0.29,0.55]  ETA 122.0m
   3990   636,738   +0.658   -0.865   -0.019    10125  [0.59,0.37,0.04]  ETA 121.4m
   4000   638,304   +0.972   -0.800   -0.067    11324  [1.00,0.00,0.00]  ETA 120.9m
   4010   639,901   +0.903   -0.793   -0.097    11062  [0.39,0.58,0.03]  ETA 120.4m
   4020   641,512   +1.000   -0.473   -0.056    11611  [0.53,0.10,0.38]  ETA 119.8m
   4030   643,111   +0.734   -0.824   -0.049    10416  [0.49,0.40,0.11]  ETA 119.3m
   4040   644,709   +0.164   -0.860   +0.242     8243  [0.87,0.11,0.02]  ETA 118.7m
   4050   646,318   +0.961   -0.772   +0.099    11280  [0.09,0.51,0.40]  ETA 118.2m
   4060   647,931   +0.625   -0.911   -0.021    10001  [0.22,0.30,0.49]  ETA 117.7m
   4070   649,511   +0.388   -0.848   +0.098     9097  [0.02,0.43,0.55]  ETA 117.1m
   4080   651,116   -0.964   -1.000   -0.103     3947  [0.00,1.00,0.00]  ETA 116.6m
   4090   652,711   +1.000   -0.780   +0.040    12027  [0.20,0.42,0.38]  ETA 116.1m
   4100   654,313   -0.109   -0.857   +0.519     7206  [0.00,0.00,1.00]  ETA 115.5m
   4110   655,916   +0.701   -0.762   +0.129    10291  [0.10,0.66,0.24]  ETA 115.0m
   4120   657,519   +0.953   -0.753   +0.275    11250  [0.08,0.67,0.25]  ETA 114.5m
   4130   659,106   +1.000   -0.738   +0.040    11754  [0.19,0.64,0.17]  ETA 113.9m
   4140   660,716   +0.618   -0.823   +0.039     9976  [0.18,0.43,0.39]  ETA 113.4m
   4150   662,313   +0.652   -0.772   -0.075    10104  [0.30,0.68,0.02]  ETA 112.8m
   4160   663,919   +0.580   -0.814   +0.048     9831  [0.47,0.21,0.32]  ETA 112.3m
   4170   665,517   +0.395   -0.897   -0.043     9127  [0.90,0.08,0.02]  ETA 111.8m
   4180   667,112   +0.584   -0.786   +0.127     9844  [0.35,0.22,0.43]  ETA 111.2m
   4190   668,716   +0.530   -0.822   +0.025     9640  [0.45,0.11,0.43]  ETA 110.7m
   4200   670,317   +0.539   -0.812   +0.139     9672  [0.58,0.15,0.26]  ETA 110.1m
   4210   671,930   +0.893   -0.804   +0.109    11022  [0.37,0.13,0.50]  ETA 109.6m
   4220   673,528   +0.822   -0.870   -0.036    10750  [0.67,0.11,0.22]  ETA 109.0m
   4230   675,112   +0.705   -0.714   +0.236    10306  [0.10,0.72,0.18]  ETA 108.5m
   4240   676,729   +0.812   -0.806   +0.001    10714  [0.24,0.36,0.39]  ETA 108.0m
   4250   678,337   +0.946   -0.712   +0.021    11222  [0.20,0.72,0.07]  ETA 107.4m
   4260   679,952   +0.318   -0.820   +0.127     8833  [0.23,0.43,0.35]  ETA 106.9m
   4270   681,553   +1.000   -0.436   +0.050    11476  [0.08,0.77,0.15]  ETA 106.3m
   4280   683,140   +0.905   -0.794   +0.049    11069  [0.51,0.48,0.01]  ETA 105.8m
   4290   684,727   +1.000   -0.745   +0.146    13555  [0.10,0.47,0.43]  ETA 105.3m
   4300   686,320   +0.206   -0.832   +0.136     8407  [0.32,0.29,0.39]  ETA 104.7m
   4310   687,918   +0.312   -0.827   +0.559     8809  [0.00,0.00,1.00]  ETA 104.2m
   4320   689,522   +1.000   -0.778   +0.149    11981  [0.30,0.15,0.55]  ETA 103.7m
   4330   691,111   -0.862   -1.000   +0.305     4337  [0.27,0.21,0.53]  ETA 103.1m
   4340   692,716   +0.645   -0.776   +0.040    10079  [0.29,0.47,0.24]  ETA 102.6m
   4350   694,310   +0.552   -0.840   +0.190     9722  [0.64,0.08,0.28]  ETA 102.0m
   4360   695,917   +1.000   -0.745   +0.265    12120  [0.10,0.50,0.40]  ETA 101.5m
   4370   697,416   +0.753   -0.828   +0.101    10488  [0.35,0.59,0.06]  ETA 101.0m
   4380   699,015   -0.169   -0.123   +0.198     6974  [0.00,1.00,0.00]  ETA 100.4m
   4390   700,627   +0.860   -0.799   +0.010    10897  [1.00,0.00,0.00]  ETA 99.9m
   4400   702,236   +0.576   +0.252   +0.188     9813  [0.00,1.00,0.00]  ETA 99.4m
   4410   703,810   +0.844   -0.802   +0.512    10834  [0.19,0.09,0.72]  ETA 98.8m
   4420   705,419   -0.161   -0.921   +0.553     7005  [0.13,0.07,0.80]  ETA 98.3m
   4430   707,026   +1.000   -0.412   +0.117    12222  [0.41,0.06,0.53]  ETA 97.8m
   4440   708,624   +0.532   -0.799   +0.247     9647  [0.32,0.07,0.60]  ETA 97.2m
   4450   710,215   +0.326   -0.797   +0.485     8864  [0.00,0.00,1.00]  ETA 96.7m
   4460   711,822   -0.686   -0.891   +0.278     5008  [0.37,0.01,0.62]  ETA 96.1m
   4470   713,411   -0.473   -0.883   +0.369     5819  [0.25,0.32,0.44]  ETA 95.5m
   4480   715,013   +0.931   -0.790   +0.156    11167  [0.56,0.12,0.33]  ETA 95.0m
   4490   716,612   +0.943   -0.799   +0.014    11211  [1.00,0.00,0.00]  ETA 94.4m
   4500   718,213   +0.589   -0.828   +0.138     9863  [0.54,0.15,0.31]  ETA 93.9m
   4510   719,808   -0.005   -0.828   +0.338     7601  [0.06,0.12,0.82]  ETA 93.3m
   4520   721,403   +0.869   -0.752   +0.259    10929  [0.19,0.46,0.34]  ETA 92.8m
   4530   723,004   +0.740   -0.722   +0.640    10441  [0.27,0.46,0.27]  ETA 92.3m
   4540   724,617   +0.595   -0.842   +0.160     9887  [0.32,0.16,0.52]  ETA 91.7m
   4550   726,223   +0.560   -0.781   +0.289     9753  [0.46,0.29,0.25]  ETA 91.1m
   4560   727,843   +0.881   -0.740   +0.315    10978  [0.09,0.51,0.41]  ETA 90.6m
   4570   729,435   +1.000   -0.767   +0.260    11595  [0.31,0.37,0.31]  ETA 90.0m
   4580   731,025   +0.259   -0.741   +0.023     8606  [0.33,0.65,0.02]  ETA 89.5m
   4590   732,620   +0.389   -0.756   +0.386     9102  [0.40,0.02,0.58]  ETA 89.0m
   4600   734,120   -0.695   -1.000   +0.133     4971  [0.75,0.23,0.02]  ETA 88.4m
   4610   735,723   +1.000   -0.729   +0.170    11720  [1.00,0.00,0.00]  ETA 87.9m
   4620   737,321   -0.586   -0.980   -0.602     5388  [0.37,0.29,0.34]  ETA 87.4m
   4630   738,930   +0.979   -0.732   +0.014    11350  [0.71,0.22,0.07]  ETA 86.8m
   4640   740,522   -0.678   -0.917   +0.406     5038  [0.29,0.21,0.50]  ETA 86.3m
   4650   742,123   +0.712   -0.805   +0.202    10335  [0.15,0.25,0.60]  ETA 85.7m
   4660   743,734   +0.655   -0.298   +0.148    10117  [0.58,0.12,0.29]  ETA 85.2m
   4670   745,333   +0.609   -0.743   +0.554     9940  [0.07,0.19,0.74]  ETA 84.6m
   4680   746,920   +0.334   -0.608   +0.244     8893  [0.11,0.31,0.57]  ETA 84.1m
   4690   748,520   +0.138   -0.777   +0.260     8145  [0.13,0.28,0.59]  ETA 83.5m
   4700   750,114   +0.631   -0.797   +0.230    10025  [0.27,0.65,0.08]  ETA 83.0m
   4710   751,714   +0.625   +0.151   +0.224    10000  [0.00,1.00,0.00]  ETA 82.5m
   4720   753,289   +0.771   -0.752   +0.075    10557  [0.81,0.13,0.06]  ETA 81.9m
   4730   754,882   +0.465   -0.731   +0.156     9392  [0.03,0.31,0.66]  ETA 81.4m
   4740   756,489   +0.998   -0.720   +0.037    11421  [1.00,0.00,0.00]  ETA 80.8m
   4750   758,083   +1.000   -0.705   +0.244    11944  [0.46,0.09,0.45]  ETA 80.3m
   4760   759,665   +0.401   -0.758   -0.015     9146  [0.51,0.44,0.05]  ETA 79.8m
   4770   761,265   +1.000   -0.760   -0.055    11460  [0.06,0.48,0.46]  ETA 79.2m
   4780   762,868   +0.495   -0.742   +0.371     9505  [0.30,0.05,0.65]  ETA 78.7m
   4790   764,456   +0.873   -0.489   +0.313    10948  [0.13,0.84,0.03]  ETA 78.1m
   4800   766,061   -0.036   -0.944   +0.433     7484  [0.48,0.25,0.27]  ETA 77.6m
   4810   767,661   +1.000   -0.687   +0.273    11557  [0.43,0.40,0.17]  ETA 77.0m
   4820   769,273   -0.226   -0.827   +0.418     6759  [0.00,0.00,1.00]  ETA 76.5m
   4830   770,862   +0.619   -0.669   +0.374     9977  [0.05,0.31,0.63]  ETA 76.0m
   4840   772,444   +0.461   +0.066   +0.300     9378  [0.00,1.00,0.00]  ETA 75.4m
   4850   774,056   +0.488   -0.893   +0.328     9480  [0.28,0.43,0.29]  ETA 74.9m
   4860   775,677   -0.255   -0.798   +0.354     6647  [0.05,0.04,0.90]  ETA 74.3m
   4870   777,271   -0.870   -1.000   +0.400     4306  [1.00,0.00,0.00]  ETA 73.8m
   4880   778,869   +0.542   -0.697   +0.366     9684  [0.10,0.22,0.68]  ETA 73.3m
   4890   780,475   +0.859   -0.671   +0.277    10891  [0.42,0.25,0.32]  ETA 72.7m
   4900   782,071   -0.109   -0.823   +0.283     7204  [0.02,0.78,0.20]  ETA 72.2m
   4910   783,674   +0.589   -0.707   +0.289     9865  [0.42,0.02,0.56]  ETA 71.6m
   4920   785,269   +0.774   -0.671   +0.168    10569  [0.25,0.18,0.56]  ETA 71.1m
   4930   786,874   +0.747   -0.722   +0.192    10467  [0.33,0.60,0.07]  ETA 70.6m
   4940   788,470   +0.095   -0.795   +0.423     7981  [0.11,0.02,0.88]  ETA 70.0m
   4950   790,060   +0.463   -0.724   +0.283     9386  [0.40,0.43,0.17]  ETA 69.5m
   4960   791,675   -0.734   -1.000   +0.364     4824  [0.14,0.79,0.07]  ETA 68.9m
   4970   793,269   +0.592   -0.696   +0.095     9877  [0.11,0.55,0.35]  ETA 68.4m
   4980   794,879   +0.548   -0.711   +0.232     9708  [0.10,0.60,0.30]  ETA 67.9m
   4990   796,456   +0.693   +0.101   +0.417    10260  [0.00,1.00,0.00]  ETA 67.3m
   5000   798,060   +0.041   -0.816   +0.449     7776  [0.01,0.31,0.68]  ETA 66.8m
   5010   799,680   +0.750   -0.688   +0.480    10476  [0.40,0.50,0.10]  ETA 66.2m
   5020   801,263   +0.794   -0.717   +0.562    10644  [0.18,0.26,0.56]  ETA 65.7m
   5030   802,883   +0.586   -0.682   +0.312     9852  [0.04,0.44,0.52]  ETA 65.2m
   5040   804,473   +0.918   -0.705   +0.257    11117  [0.33,0.07,0.60]  ETA 64.6m
   5050   806,103   -0.813   -1.000   +0.677     4523  [0.00,0.00,1.00]  ETA 64.1m
   5060   807,710   +0.846   -0.676   +0.316    10844  [0.24,0.02,0.74]  ETA 63.5m
   5070   809,316   -1.000   -1.000   +0.542     3630  [0.00,0.00,1.00]  ETA 63.0m
   5080   810,922   +1.000   -0.301   +0.330    11752  [0.04,0.85,0.11]  ETA 62.5m
   5090   812,498   +0.841   -0.645   +0.283    10825  [0.19,0.58,0.23]  ETA 61.9m
   5100   814,077   -0.351   -0.922   +0.446     6284  [0.29,0.44,0.27]  ETA 61.4m
   5110   815,672   -0.553   -0.844   +0.510     5512  [0.59,0.24,0.17]  ETA 60.9m
   5120   817,267   +0.138   -0.287   +0.570     8146  [0.04,0.17,0.79]  ETA 60.3m
   5130   818,860   +0.204   -0.733   +0.197     8398  [0.30,0.13,0.57]  ETA 59.8m
   5140   820,452   +0.789   +0.026   +0.236    10626  [0.00,1.00,0.00]  ETA 59.3m
   5150   822,056   +0.672   -0.323   +0.244    10181  [0.44,0.38,0.18]  ETA 58.7m
   5160   823,648   +1.000   -0.529   +0.172    11671  [0.63,0.36,0.01]  ETA 58.2m
   5170   825,218   +1.000   -0.644   +0.193    11548  [0.44,0.34,0.22]  ETA 57.7m
   5180   826,810   +0.791   -0.771   +0.232    10633  [0.69,0.29,0.02]  ETA 57.2m
   5190   828,416   +0.365   -0.787   +0.218     9012  [0.36,0.34,0.30]  ETA 56.6m
   5200   830,018   -0.614   -0.775   +0.563     5281  [0.04,0.81,0.16]  ETA 56.1m
   5210   831,627   +1.000   -0.646   +0.274    11934  [0.51,0.15,0.34]  ETA 55.5m
   5220   833,220   +0.634   -0.487   +0.346    10035  [0.31,0.39,0.29]  ETA 55.0m
   5230   834,806   +0.608   -0.792   +0.417     9938  [0.36,0.41,0.23]  ETA 54.5m
   5240   836,394   -1.000   -1.000   +0.677     2942  [0.13,0.03,0.83]  ETA 54.0m
   5250   838,001   +1.000   -0.725   +0.044    11595  [1.00,0.00,0.00]  ETA 53.4m
   5260   839,611   -0.413   -0.808   +0.446     6045  [0.35,0.55,0.10]  ETA 52.9m
   5270   841,200   +0.954   -0.595   +0.258    11255  [0.02,0.65,0.32]  ETA 52.3m
   5280   842,791   +0.860   -0.717   -0.131    10896  [0.64,0.30,0.06]  ETA 51.8m
   5290   844,399   +0.578   -0.761   +0.080     9821  [0.75,0.04,0.20]  ETA 51.3m
   5300   845,997   +0.823   -0.411   +0.308    10755  [0.03,0.83,0.14]  ETA 50.8m
   5310   847,602   +0.552   -0.710   +0.156     9723  [0.75,0.22,0.02]  ETA 50.2m
   5320   849,197   +0.262   -0.725   +0.613     8617  [0.06,0.69,0.25]  ETA 49.7m
   5330   850,796   -0.736   -1.000   +0.319     4815  [0.02,0.25,0.73]  ETA 49.2m
   5340   852,379   +1.000   -0.631   +0.146    11985  [0.43,0.39,0.18]  ETA 48.6m
   5350   853,986   +0.565   -0.692   +0.207     9771  [0.30,0.12,0.58]  ETA 48.1m
   5360   855,575   +1.000   -0.598   +0.344    11987  [0.24,0.31,0.45]  ETA 47.6m
   5370   857,167   +0.318   -0.682   +0.329     8833  [0.19,0.12,0.69]  ETA 47.0m
   5380   858,760   -0.017   -0.760   +0.218     7557  [0.25,0.33,0.42]  ETA 46.5m
   5390   860,343   +0.746   -0.631   -0.171    10464  [0.09,0.72,0.19]  ETA 46.0m
   5400   861,932   +0.765   -0.699   +0.312    10533  [0.03,0.46,0.50]  ETA 45.4m
   5410   863,537   +1.000   -0.585   +0.194    12298  [0.27,0.41,0.32]  ETA 44.9m
   5420   865,128   +1.000   -0.588   +0.472    11805  [0.00,0.00,1.00]  ETA 44.4m
   5430   866,735   +0.743   -0.515   +0.019    10450  [0.13,0.82,0.05]  ETA 43.9m
   5440   868,316   +0.448   -0.738   -0.078     9325  [0.08,0.13,0.79]  ETA 43.3m
   5450   869,912   -0.616   -0.801   +0.565     5274  [0.22,0.34,0.45]  ETA 42.8m
   5460   871,521   +0.766   -0.675   +0.347    10537  [0.11,0.26,0.63]  ETA 42.3m
   5470   873,120   +0.857   -0.626   +0.235    10886  [0.29,0.45,0.26]  ETA 41.7m
   5480   874,725   +0.907   -0.515   +0.283    11077  [0.03,0.75,0.22]  ETA 41.2m
   5490   876,327   +0.885   -0.739   +0.045    10991  [1.00,0.00,0.00]  ETA 40.7m
   5500   877,933   +0.516   -0.748   +0.161     9585  [0.29,0.28,0.43]  ETA 40.1m
   5510   879,532   +0.937   -0.617   +0.055    11188  [0.61,0.26,0.13]  ETA 39.6m
   5520   881,140   +0.479   -0.705   +0.355     9447  [0.00,0.00,1.00]  ETA 39.1m
   5530   882,737   +0.321   -0.742   +0.445     8844  [0.00,0.00,1.00]  ETA 38.5m
   5540   884,354   +1.000   -0.666   +0.168    11635  [0.18,0.41,0.41]  ETA 38.0m
   5550   885,961   -0.051   -0.056   -0.742     7426  [0.10,0.89,0.01]  ETA 37.5m
   5560   887,555   +0.592   -0.644   +0.195     9874  [0.39,0.15,0.46]  ETA 36.9m
   5570   889,148   +0.785   -0.592   +0.214    10610  [1.00,0.00,0.00]  ETA 36.4m
   5580   890,773   +0.293   -0.106   +0.242     8738  [0.00,1.00,0.00]  ETA 35.9m
   5590   892,391   +0.411   -0.766   +0.173     9184  [0.51,0.04,0.44]  ETA 35.3m
   5600   893,992   +0.840   -0.575   +0.231    10819  [0.63,0.08,0.29]  ETA 34.8m
   5610   895,600   +0.806   -0.700   +0.376    10692  [0.17,0.27,0.56]  ETA 34.3m
   5620   897,196   +0.824   -0.132   +0.258    10759  [0.08,0.89,0.03]  ETA 33.8m
   5630   898,793   +0.420   -0.677   +0.471     9221  [0.00,0.00,1.00]  ETA 33.2m
   5640   900,417   +0.825   -0.681   -0.015    10763  [0.84,0.10,0.06]  ETA 32.7m
   5650   902,026   +0.743   -0.678   +0.152    10450  [0.69,0.11,0.20]  ETA 32.2m
   5660   903,617   +0.162   -0.761   +0.120     8239  [0.22,0.23,0.55]  ETA 31.7m
   5670   905,226   +1.000   -0.576   +0.131    13161  [0.70,0.03,0.27]  ETA 31.1m
   5680   906,839   +0.754   -0.735   +0.232    10492  [0.02,0.41,0.57]  ETA 30.6m
   5690   908,454   +0.909   -0.690   +0.261    11084  [0.76,0.21,0.03]  ETA 30.1m
   5700   910,037   +1.000   -0.641   +0.045    11505  [0.68,0.23,0.09]  ETA 29.5m
   5710   911,644   +1.000   -0.634   +0.294    11449  [0.08,0.56,0.36]  ETA 29.0m
   5720   913,243   +1.000   -0.637   +0.262    11963  [0.68,0.12,0.20]  ETA 28.5m
   5730   914,833   +0.707   -0.656   +0.355    10315  [0.35,0.49,0.16]  ETA 28.0m
   5740   916,425   +0.635   -0.358   +0.157    10040  [0.12,0.48,0.40]  ETA 27.4m
   5750   918,046   +0.772   -0.255   +0.235    10562  [0.06,0.74,0.20]  ETA 26.9m
   5760   919,652   +0.745   -0.696   +0.097    10459  [0.71,0.05,0.24]  ETA 26.4m
   5770   921,245   +0.240   -0.760   +0.535     8535  [0.39,0.20,0.41]  ETA 25.9m
   5780   922,861   -0.079   -0.756   +0.427     7321  [0.00,0.00,1.00]  ETA 25.3m
   5790   924,451   +0.938   -0.737   -0.144    11194  [1.00,0.00,0.00]  ETA 24.8m
   5800   926,044   +0.126   -0.037   +0.324     8099  [0.02,0.87,0.11]  ETA 24.3m
   5810   927,665   +0.704   -0.729   +0.258    10301  [0.38,0.27,0.34]  ETA 23.7m
   5820   929,272   +0.103   -0.719   +0.418     8011  [0.00,0.00,1.00]  ETA 23.2m
   5830   930,873   +0.705   -0.668   +0.357    10307  [0.14,0.59,0.27]  ETA 22.7m
   5840   932,480   +0.519   -0.528   +0.232     9599  [0.03,0.80,0.17]  ETA 22.2m
   5850   934,075   -1.000   -1.000   +0.544     3575  [0.53,0.19,0.28]  ETA 21.6m
   5860   935,676   +0.565   -0.530   +0.432     9772  [0.45,0.24,0.31]  ETA 21.1m
   5870   937,266   -0.351   -0.812   +0.656     6284  [0.14,0.11,0.75]  ETA 20.6m
   5880   938,858   +0.638   -0.616   +0.296    10051  [0.17,0.64,0.19]  ETA 20.1m
   5890   940,458   +0.888   +0.038   +0.299    11002  [0.00,1.00,0.00]  ETA 19.5m
   5900   942,069   -0.016   -0.740   +0.391     7559  [0.00,0.00,1.00]  ETA 19.0m
   5910   943,675   +0.738   -0.756   +0.228    10431  [0.64,0.14,0.22]  ETA 18.5m
   5920   945,277   +0.820   -0.529   +0.119    10744  [0.03,0.74,0.23]  ETA 18.0m
   5930   946,888   +0.502   -0.673   +0.637     9532  [0.36,0.06,0.58]  ETA 17.4m
   5940   948,472   +0.601   -0.608   +0.171     9911  [0.83,0.09,0.08]  ETA 16.9m
   5950   949,962   +0.391   -0.708   +0.221     9111  [0.40,0.15,0.45]  ETA 16.4m
   5960   951,559   +0.828   -0.645   +0.125    10775  [0.55,0.11,0.34]  ETA 15.9m
   5970   953,174   +1.000   -0.566   +0.051    11589  [0.47,0.21,0.32]  ETA 15.4m
   5980   954,781   +1.000   -0.617   +0.285    11606  [0.37,0.39,0.24]  ETA 14.8m
   5990   956,365   +1.000   -0.576   +0.181    11684  [0.57,0.39,0.03]  ETA 14.3m
   6000   957,967   +0.260   -0.659   +0.448     8610  [0.00,0.00,1.00]  ETA 13.8m
   6010   959,558   +0.056   -0.762   +0.468     7832  [0.00,0.00,1.00]  ETA 13.3m
   6020   961,149   +0.788   -0.679   +0.180    10623  [0.10,0.42,0.49]  ETA 12.7m
   6030   962,744   +0.120   -0.736   +0.619     8077  [0.04,0.09,0.87]  ETA 12.2m
   6040   964,339   +0.697   -0.609   +0.184    10275  [0.27,0.46,0.26]  ETA 11.7m
   6050   965,947   +0.871   -0.535   +0.325    10937  [0.20,0.01,0.78]  ETA 11.2m
   6060   967,538   +0.679   -0.688   +0.463    10208  [0.27,0.32,0.41]  ETA 10.6m
   6070   969,144   +1.000   -0.725   -0.075    11663  [1.00,0.00,0.00]  ETA 10.1m
   6080   970,758   +0.950   -0.682   +0.201    11241  [0.73,0.10,0.18]  ETA 9.6m
   6090   972,354   +0.602   -0.645   +0.036     9914  [0.52,0.48,0.01]  ETA 9.1m
   6100   973,955   +0.049   -0.757   +0.316     7808  [0.05,0.10,0.85]  ETA 8.5m
   6110   975,566   -0.010   -0.744   +0.297     7581  [0.18,0.02,0.80]  ETA 8.0m
   6120   977,154   +0.969   -0.677   +0.148    11314  [0.40,0.41,0.19]  ETA 7.5m
   6130   978,732   +0.831   -0.293   +0.292    10787  [0.15,0.83,0.02]  ETA 7.0m
   6140   980,332   +1.000   -0.614   +0.145    11546  [0.36,0.16,0.48]  ETA 6.4m
   6150   981,943   +1.000   -0.675   +0.178    11428  [0.95,0.02,0.03]  ETA 5.9m
   6160   983,546   +1.000   -0.503   +0.260    11678  [0.07,0.64,0.29]  ETA 5.4m
   6170   985,149   +0.267   -0.702   +0.410     8638  [0.02,0.82,0.16]  ETA 4.9m
   6180   986,732   +1.000   -0.572   +0.332    11512  [0.29,0.64,0.07]  ETA 4.3m
   6190   988,323   +0.709   -0.756   +0.143    10320  [1.00,0.00,0.00]  ETA 3.8m
   6200   989,920   +0.907   -0.552   +0.025    11077  [0.54,0.21,0.24]  ETA 3.3m
   6210   991,512   +0.445   -0.533   +0.383     9316  [0.04,0.82,0.13]  ETA 2.8m
   6220   993,111   +0.027   -0.266   +0.165     7723  [0.00,0.90,0.10]  ETA 2.3m
   6230   994,711   +0.603   -0.707   +0.425     9917  [0.17,0.07,0.76]  ETA 1.7m
   6240   996,324   +0.856   -0.678   +0.240    10880  [0.41,0.11,0.48]  ETA 1.2m
   6250   997,919   +0.970   -0.636   +0.153    11316  [0.31,0.28,0.41]  ETA 0.7m
   6260   999,518   +0.660   -0.799   +0.116    10136  [1.00,0.00,0.00]  ETA 0.2m

  ✓  Model saved to /workspace/capql_robust
  ✓  Training time: 327.3 min

  ── Evaluating on clean corners ──
  ✓  Eval → /workspace/capql_robust_eval_results.csv
  yield        R_yield=+0.500  R_ane=-0.388  R_water=+0.044  yield=9524 kg/ha
  n_eff        R_yield=+0.667  R_ane=-0.063  R_water=+0.294  yield=10160 kg/ha
  water        R_yield=+0.328  R_ane=-0.314  R_water=+0.405  yield=8868 kg/ha
  balanced     R_yield=+0.647  R_ane=-0.149  R_water=+0.279  yield=10085 kg/ha

====================================================================
