====================================================================
12_capql_train_robust.py  —  CAPQL-Robust  (GRU + fault training)
====================================================================
  Obs dim  : 19  (crop + mask + w)
  Actor    : GRU(19→256) + Linear(256→2)
  Critic   : MLP  (21→256→256→1)
  Steps    : 1,000,000
  Seq len  : 16  (burn-in 4,  grad steps/ep 12)
  Hindsight: w resampled from Dirichlet at every sample call
  Aug λ    : 0.5
  Fault mix: 60% clean | 10% dropout | 10% packet | 10% stuck | 5% N-act | 5% W-act
====================================================================

      ep     steps    R_yld    R_ane    R_wef    yield                   w       ETA
  ──────────────────────────────────────────────────────────────────────────────
  Collecting first episodes...

      10     1,579   +0.741   -0.986   -1.000    10443  [0.65,0.23,0.12]  ETA 91.6m
      20     3,159   +0.536   -0.987   -1.000     9661  [0.34,0.23,0.42]  ETA 112.5m
      30     4,763   +0.658   -0.990   -1.000    10126  [0.29,0.08,0.63]  ETA 123.2m
      40     6,370   +0.533   -0.967   -1.000     9649  [0.40,0.51,0.09]  ETA 128.9m
      50     7,964   +0.960   -0.989   -1.000    11279  [0.91,0.09,0.00]  ETA 132.3m
      60     9,583   +0.888   -0.985   -1.000    11002  [0.42,0.22,0.36]  ETA 134.4m
      70    11,194   +0.926   -0.989   -0.207    11148  [0.06,0.13,0.81]  ETA 135.7m
      80    12,794   +1.000   -0.988   -1.000    11456  [0.22,0.13,0.66]  ETA 136.7m
      90    14,381   +0.839   -0.982   -1.000    10818  [0.11,0.31,0.59]  ETA 137.3m
     100    15,970   +0.533   -0.978   -1.000     9651  [0.11,0.42,0.47]  ETA 138.3m
     110    17,581   +0.900   -0.986   -1.000    11051  [0.29,0.21,0.51]  ETA 140.6m
     120    19,192   +0.155   -0.994   -0.222     8209  [0.00,0.00,1.00]  ETA 140.6m
     130    20,779   +1.000   -0.963   -1.000    11462  [0.46,0.50,0.05]  ETA 140.8m
     140    22,414   +0.944   -0.877   -1.000    11216  [0.07,0.74,0.20]  ETA 140.6m
     150    23,997   +0.945   -0.990   -1.000    11219  [0.50,0.07,0.42]  ETA 140.6m
     160    25,598   +1.000   -0.987   -1.000    11626  [0.37,0.14,0.49]  ETA 140.5m
     170    27,199   +1.000   -0.987   -0.215    11531  [0.11,0.07,0.82]  ETA 140.5m
     180    28,782   +0.683   -0.981   -1.000    10224  [0.09,0.35,0.56]  ETA 140.4m
     190    30,388   +0.850   -0.991   -0.192    10859  [0.00,0.00,1.00]  ETA 141.0m
     200    31,997   +1.000   -0.943   -1.000    11458  [0.01,0.60,0.39]  ETA 140.8m
     210    33,616   +0.915   -0.983   -1.000    11105  [0.38,0.29,0.32]  ETA 140.6m
     220    35,219   +1.000   -0.860   -1.000    12110  [0.03,0.74,0.23]  ETA 140.5m
     230    36,809   +1.000   -0.968   -1.000    11572  [0.35,0.47,0.18]  ETA 140.3m
     240    38,394   +0.592   -0.985   -0.233     9876  [0.21,0.30,0.49]  ETA 140.1m
     250    39,978   +0.982   -0.991   -0.215    11361  [0.00,0.00,1.00]  ETA 139.9m
     260    41,541   +1.000   -0.956   -1.000    12638  [0.21,0.53,0.25]  ETA 139.8m
     270    43,142   +0.669   -0.955   -1.000    10169  [0.11,0.58,0.31]  ETA 140.6m
     280    44,761   +0.726   -0.989   -1.000    10388  [0.78,0.13,0.09]  ETA 140.3m
     290    46,365   +1.000   -0.984   -1.000    12292  [0.50,0.23,0.27]  ETA 140.0m
     300    47,939   +0.695   -0.989   -1.000    10267  [0.45,0.15,0.40]  ETA 139.9m
     310    49,542   +0.888   -0.981   -1.000    11004  [0.02,0.33,0.66]  ETA 140.0m
     320    51,138   +1.000   -0.990   -0.344    11477  [0.21,0.05,0.74]  ETA 139.7m
     330    52,741   +0.807   -0.989   -0.200    10693  [0.12,0.13,0.76]  ETA 139.6m
     340    54,343   +1.000   -0.877   -1.000    11565  [0.08,0.73,0.19]  ETA 139.4m
     350    55,936   +0.999   -0.975   -1.000    11427  [0.34,0.40,0.27]  ETA 139.2m
     360    57,412   +0.770   -0.991   -1.000    10554  [0.28,0.04,0.68]  ETA 139.3m
     370    59,000   -1.000   -1.000   -0.260     3212  [0.25,0.47,0.28]  ETA 139.4m
     380    60,605   +0.824   -0.989   +0.204    10758  [0.15,0.09,0.75]  ETA 139.2m
     390    62,200   -1.000   -1.000   +0.908     2036  [0.16,0.73,0.10]  ETA 139.1m
     400    63,792   +0.846   -0.992   -1.000    10843  [1.00,0.00,0.00]  ETA 138.9m
     410    65,385   -1.000   -1.000   +0.825     2889  [0.15,0.63,0.22]  ETA 138.8m
     420    66,977   -1.000   -1.000   +0.922     3029  [0.03,0.17,0.80]  ETA 138.6m
     430    68,573   +0.630   -0.992   -0.140    10021  [0.31,0.00,0.69]  ETA 138.4m
     440    70,173   -0.599   -0.994   +0.487     5339  [0.01,0.16,0.84]  ETA 138.2m
     450    71,759   +0.698   -0.992   +0.253    10278  [0.00,0.00,1.00]  ETA 138.0m
     460    73,343   -1.000   -1.000   +0.885     1836  [0.51,0.48,0.00]  ETA 137.8m
     470    74,933   -0.883   -1.000   +0.888     4257  [0.37,0.51,0.12]  ETA 138.0m
     480    76,517   -1.000   -1.000   +0.413     2935  [0.02,0.38,0.61]  ETA 138.1m
     490    78,105   -0.917   -1.000   +0.939     4126  [0.00,1.00,0.00]  ETA 137.9m
     500    79,624   +0.416   -0.988   +0.464     9207  [0.00,0.00,1.00]  ETA 137.6m
     510    81,238   +0.978   -0.991   -1.000    11346  [1.00,0.00,0.00]  ETA 137.3m
     520    82,844   -1.000   -1.000   +0.204     2619  [0.70,0.23,0.07]  ETA 137.2m
     530    84,471   +1.000   -0.989   -0.579    11812  [0.65,0.11,0.24]  ETA 137.1m
     540    86,081   +0.212   -0.993   +0.190     8427  [0.00,0.00,1.00]  ETA 136.8m
     550    87,679   +1.000   -0.991   -1.000    12198  [1.00,0.00,0.00]  ETA 136.5m
     560    89,292   +0.794   -0.992   -0.723    10644  [0.46,0.00,0.54]  ETA 136.2m
     570    90,878   -0.659   -0.803   +0.920     5111  [0.04,0.86,0.10]  ETA 136.1m
     580    92,485   +0.420   -0.993   -0.670     9222  [0.73,0.01,0.26]  ETA 135.9m
     590    94,091   -1.000   -1.000   +0.913     1692  [0.23,0.43,0.34]  ETA 135.7m
     600    95,695   +0.756   -0.990   -0.714    10501  [0.75,0.10,0.15]  ETA 135.5m
     610    97,317   +0.981   -0.991   -0.932    11358  [0.82,0.02,0.16]  ETA 135.2m
     620    98,912   +0.830   -0.991   -1.000    10784  [0.74,0.02,0.24]  ETA 135.0m
     630   100,507   -1.000   -1.000   +0.909     2077  [0.81,0.02,0.17]  ETA 134.8m
     640   102,013   +1.000   -0.985   -0.196    12126  [0.79,0.20,0.01]  ETA 134.7m
     650   103,587   +1.000   -0.984   -0.420    13420  [0.63,0.18,0.20]  ETA 134.4m
     660   105,190   -0.473   -0.991   +0.926     5818  [0.39,0.28,0.32]  ETA 134.2m
     670   106,796   -0.707   -1.000   +0.940     4927  [0.05,0.45,0.50]  ETA 134.0m
     680   108,402   -1.000   -1.000   +0.935     1300  [0.09,0.81,0.10]  ETA 133.8m
     690   110,021   +0.619   -0.211   +0.934     9977  [0.00,1.00,0.00]  ETA 133.6m
     700   111,613   -0.395   -0.995   +0.776     6116  [0.00,0.00,1.00]  ETA 133.5m
     710   113,219   -1.000   -1.000   +0.931     2522  [0.17,0.72,0.11]  ETA 133.2m
     720   114,819   -0.308   -0.955   +0.968     6448  [0.10,0.66,0.24]  ETA 133.0m
     730   116,408   +0.293   -0.993   -0.033     8735  [1.00,0.00,0.00]  ETA 132.8m
     740   117,895   -1.000   -1.000   +0.641     2655  [0.63,0.12,0.25]  ETA 132.7m
     750   119,492   -0.376   -0.995   +0.440     6187  [1.00,0.00,0.00]  ETA 132.4m
     760   121,077   +0.040   -0.987   +0.931     7773  [0.46,0.33,0.21]  ETA 132.3m
     770   122,660   -1.000   -1.000   +0.941     1963  [0.14,0.37,0.49]  ETA 132.0m
     780   124,245   +0.171   -0.985   +0.931     8270  [0.54,0.32,0.13]  ETA 131.8m
     790   125,847   -0.944   -1.000   +0.932     4022  [0.30,0.37,0.33]  ETA 131.6m
     800   127,448   -1.000   -1.000   +0.941     1268  [0.13,0.40,0.47]  ETA 131.4m
     810   129,052   -0.785   -1.000   +0.940     4628  [0.17,0.34,0.50]  ETA 131.2m
     820   130,643   -1.000   -1.000   +0.922     3455  [0.37,0.15,0.49]  ETA 130.9m
     830   132,255   -0.331   -0.988   +0.934     6360  [0.33,0.39,0.28]  ETA 130.7m
     840   133,822   +0.114   -0.974   +0.942     8054  [0.03,0.51,0.46]  ETA 130.5m
     850   135,421   -0.718   -1.000   +0.935     4885  [0.75,0.18,0.07]  ETA 130.3m
     860   137,021   +0.017   -0.987   +0.955     7686  [0.11,0.32,0.57]  ETA 130.0m
     870   138,609   -1.000   -1.000   +0.947     2690  [0.18,0.27,0.55]  ETA 129.8m
     880   140,205   -1.000   -1.000   +0.533     3104  [0.71,0.04,0.25]  ETA 129.6m
     890   141,817   -1.000   -1.000   +0.838     3474  [0.12,0.08,0.80]  ETA 129.3m
     900   143,410   -1.000   -1.000   +0.956     3337  [0.10,0.27,0.63]  ETA 129.1m
     910   145,019   -0.561   -0.995   +0.804     5481  [0.34,0.08,0.57]  ETA 128.9m
     920   146,617   +0.016   -0.991   +0.955     7679  [0.25,0.17,0.58]  ETA 128.6m
     930   148,232   -0.265   -0.961   +0.933     6611  [0.08,0.64,0.29]  ETA 128.4m
     940   149,819   -0.777   -1.000   +0.969     4661  [0.01,0.11,0.88]  ETA 128.2m
     950   151,422   -0.182   -0.994   +0.943     6927  [0.39,0.05,0.56]  ETA 128.0m
     960   153,022   -1.000   -1.000   +0.927     1233  [0.38,0.30,0.32]  ETA 127.7m
     970   154,634   +0.683   -0.988   +0.938    10223  [0.55,0.20,0.25]  ETA 127.5m
     980   156,252   -1.000   -1.000   +0.938     1141  [0.06,0.90,0.04]  ETA 127.3m
     990   157,860   -0.574   -0.969   +0.932     5435  [0.20,0.64,0.16]  ETA 127.0m
    1000   159,467   -0.849   -1.000   +0.947     4385  [0.15,0.34,0.51]  ETA 126.8m
    1010   161,066   -1.000   -1.000   +0.935     3774  [0.00,1.00,0.00]  ETA 126.5m
    1020   162,645   -1.000   -1.000   +0.938     3743  [0.23,0.50,0.28]  ETA 126.3m
    1030   164,242   -0.446   -0.993   +0.957     5923  [0.22,0.19,0.59]  ETA 126.1m
    1040   165,842   -1.000   -1.000   +0.963      961  [0.22,0.09,0.69]  ETA 125.9m
    1050   167,431   -0.764   -1.000   +0.894     4711  [0.55,0.08,0.37]  ETA 125.6m
    1060   168,941   -1.000   -1.000   +0.937     3655  [0.35,0.57,0.07]  ETA 125.4m
    1070   170,516   -1.000   -1.000   +0.939     2419  [0.72,0.28,0.00]  ETA 125.2m
    1080   172,104   -0.280   -0.995   +0.962     6552  [0.00,0.00,1.00]  ETA 125.0m
    1090   173,714   -0.599   -0.996   +0.969     5338  [0.15,0.04,0.80]  ETA 124.7m
    1100   175,321   -1.000   -1.000   +0.934     1895  [1.00,0.00,0.00]  ETA 124.5m
    1110   176,904   -1.000   -1.000   +0.939     1330  [0.75,0.12,0.13]  ETA 124.3m
    1120   178,520   -0.228   -0.994   +0.931     6750  [0.63,0.04,0.32]  ETA 124.0m
    1130   180,131   -0.438   -0.990   +0.938     5950  [0.45,0.34,0.21]  ETA 123.7m
    1140   181,722   -1.000   -1.000   +0.938     2204  [0.76,0.05,0.19]  ETA 123.5m
    1150   183,320   -1.000   -1.000   +0.943     1255  [0.22,0.61,0.17]  ETA 123.3m
    1160   184,949   -1.000   -1.000   +0.940     2591  [0.57,0.17,0.26]  ETA 123.0m
    1170   186,551   -1.000   -1.000   +0.944     2018  [0.13,0.42,0.45]  ETA 122.8m
    1180   188,157   -1.000   -1.000   +0.940     3789  [0.58,0.19,0.23]  ETA 122.5m
    1190   189,744   -1.000   -1.000   +0.972     1596  [0.00,0.00,1.00]  ETA 122.3m
    1200   191,341   -0.175   -0.994   +0.738     6953  [0.55,0.03,0.43]  ETA 122.0m
    1210   192,962   -0.840   -1.000   +0.942     4418  [0.00,1.00,0.00]  ETA 121.8m
    1220   194,581   -1.000   -1.000   +0.935     3653  [0.60,0.20,0.20]  ETA 121.6m
    1230   196,166   -1.000   -1.000   +0.846     3024  [1.00,0.00,0.00]  ETA 121.3m
    1240   197,765   -0.977   -1.000   +0.967     3900  [0.38,0.12,0.50]  ETA 121.1m
    1250   199,362   -0.634   -0.996   +0.598     5205  [0.72,0.03,0.25]  ETA 120.8m
    1260   200,967   -0.937   -1.000   +0.931     4051  [0.54,0.27,0.18]  ETA 120.6m
    1270   202,556   -1.000   -1.000   +0.655     3338  [0.80,0.18,0.02]  ETA 120.3m
    1280   204,170   -0.566   -0.996   +0.419     5464  [0.71,0.03,0.26]  ETA 120.1m
    1290   205,773   -1.000   -1.000   +0.960     1018  [0.06,0.03,0.91]  ETA 119.9m
    1300   207,358   -1.000   -1.000   +0.933     1147  [0.16,0.43,0.42]  ETA 119.6m
    1310   208,953   -0.559   -0.994   +0.895     5489  [0.60,0.15,0.25]  ETA 119.4m
    1320   210,580   +0.431   -0.294   +0.936     9262  [0.00,1.00,0.00]  ETA 119.1m
    1330   212,185   -0.826   -1.000   +0.720     4471  [0.00,0.00,1.00]  ETA 118.9m
    1340   213,770   -1.000   -1.000   +0.889     3372  [0.63,0.25,0.13]  ETA 118.6m
    1350   215,344   -0.937   -1.000   +0.956     4052  [0.02,0.35,0.63]  ETA 118.4m
    1360   216,943   +0.001   -0.983   +0.938     7622  [0.14,0.41,0.45]  ETA 118.2m
    1370   218,548   -1.000   -1.000   +0.921     2847  [0.34,0.60,0.06]  ETA 117.9m
    1380   220,147   +1.000   -0.990   +0.530    11768  [0.17,0.03,0.81]  ETA 117.7m
    1390   221,729   +0.106   -0.993   +0.962     8022  [0.01,0.03,0.95]  ETA 117.5m
    1400   223,310   -1.000   -1.000   +0.437     3639  [0.44,0.19,0.37]  ETA 117.2m
    1410   224,925   -1.000   -1.000   +0.928     3550  [0.26,0.73,0.02]  ETA 117.0m
    1420   226,522   +0.008   -0.972   +0.938     7650  [0.30,0.53,0.17]  ETA 116.7m
    1430   228,114   -0.682   -0.995   +0.847     5023  [0.55,0.14,0.30]  ETA 116.5m
    1440   229,717   +0.959   -0.881   -1.000    11276  [0.07,0.73,0.20]  ETA 116.2m
    1450   231,321   +0.379   -0.991   +0.530     9063  [0.02,0.12,0.86]  ETA 116.0m
    1460   232,927   +0.182   -0.984   -1.000     8312  [0.29,0.37,0.34]  ETA 115.7m
    1470   234,546   -0.342   -0.994   +0.876     6317  [0.11,0.11,0.78]  ETA 115.5m
    1480   236,130   -1.000   -1.000   +0.945     1849  [0.52,0.03,0.45]  ETA 115.2m
    1490   237,735   -1.000   -1.000   +0.979     2044  [0.00,0.00,1.00]  ETA 115.0m
    1500   239,332   -1.000   -1.000   +0.972     1421  [0.00,0.00,1.00]  ETA 114.7m
    1510   240,825   -1.000   -1.000   +0.962     1338  [0.18,0.19,0.63]  ETA 114.6m
    1520   242,419   -0.564   -0.980   +0.443     5472  [0.00,0.53,0.47]  ETA 114.3m
    1530   244,030   -1.000   -1.000   +0.949     1398  [0.30,0.20,0.50]  ETA 114.1m
    1540   245,639   -1.000   -1.000   +0.947     2289  [0.47,0.18,0.35]  ETA 113.9m
    1550   247,235   -1.000   -1.000   -0.154     2708  [0.56,0.27,0.17]  ETA 113.6m
    1560   248,823   -1.000   -1.000   +0.942     3067  [0.52,0.46,0.02]  ETA 113.4m
    1570   250,420   -0.163   -0.976   +0.962     6998  [0.25,0.11,0.64]  ETA 113.1m
    1580   252,016   -0.851   -1.000   +0.946     4376  [0.09,0.60,0.30]  ETA 112.9m
    1590   253,604   -1.000   -1.000   +0.948     2982  [0.00,1.00,0.00]  ETA 112.7m
    1600   255,193   -1.000   -1.000   +0.966     2469  [0.05,0.25,0.70]  ETA 112.5m
    1610   256,816   -1.000   -1.000   +0.951     3251  [0.01,0.56,0.43]  ETA 112.2m
    1620   258,435   -1.000   -1.000   +0.776     2496  [0.01,0.03,0.96]  ETA 112.0m
    1630   260,033   -1.000   -1.000   +0.861     3095  [0.27,0.22,0.51]  ETA 111.7m
    1640   261,625   -1.000   -1.000   +0.759     3776  [0.33,0.42,0.25]  ETA 111.5m
    1650   263,208   -1.000   -1.000   -0.006     1614  [0.71,0.26,0.02]  ETA 111.3m
    1660   264,798   +0.699   -0.939   -1.000    10281  [0.10,0.63,0.26]  ETA 111.1m
    1670   266,408   +0.724   -0.643   -1.000    10377  [0.10,0.85,0.05]  ETA 110.9m
    1680   268,000   -0.502   -0.989   +0.352     5708  [0.43,0.37,0.20]  ETA 110.7m
    1690   269,599   -0.097   -0.989   +0.759     7252  [0.05,0.27,0.68]  ETA 110.4m
    1700   271,188   +0.194   -0.992   -0.098     8360  [0.28,0.08,0.63]  ETA 110.2m
    1710   272,795   -0.744   -1.000   +0.246     4787  [0.10,0.27,0.63]  ETA 109.9m
    1720   274,377   +0.826   -0.991   -1.000    10768  [1.00,0.00,0.00]  ETA 109.7m
    1730   275,985   -1.000   -1.000   +0.890     1926  [0.35,0.09,0.56]  ETA 109.5m
    1740   277,590   -1.000   -1.000   +0.318     2702  [0.21,0.24,0.56]  ETA 109.2m
    1750   279,174   -1.000   -1.000   +0.592     1074  [0.45,0.07,0.48]  ETA 109.0m
    1760   280,790   -1.000   -1.000   -0.216      892  [0.16,0.52,0.31]  ETA 108.8m
    1770   282,369   -0.708   -1.000   +0.919     4922  [0.51,0.34,0.15]  ETA 108.5m
    1780   283,962   -0.649   -0.995   +0.520     5146  [0.30,0.15,0.55]  ETA 108.3m
    1790   285,569   -1.000   -1.000   +0.795     1225  [0.22,0.30,0.48]  ETA 108.1m
    1800   287,159   -0.455   -0.966   +0.947     5887  [0.25,0.63,0.12]  ETA 107.8m
    1810   288,758   +0.157   -0.993   +0.919     8220  [0.00,0.05,0.95]  ETA 107.6m
    1820   290,375   -0.312   -0.992   +0.942     6431  [0.36,0.20,0.44]  ETA 107.3m
    1830   292,009   -1.000   -1.000   +0.946     3439  [0.03,0.61,0.36]  ETA 107.1m
    1840   293,592   -1.000   -1.000   +0.951     2236  [0.14,0.71,0.15]  ETA 106.9m
    1850   295,184   -0.160   -0.993   +0.972     7009  [0.17,0.09,0.75]  ETA 106.6m
    1860   296,779   -1.000   -1.000   +0.971      942  [0.00,0.00,1.00]  ETA 106.4m
    1870   298,392   -1.000   -1.000   +0.963     3038  [0.00,0.00,1.00]  ETA 106.1m
    1880   300,001   -1.000   -1.000   +0.944     1007  [0.37,0.49,0.14]  ETA 105.9m
    1890   301,591   -1.000   -1.000   +0.945      972  [0.23,0.35,0.42]  ETA 105.7m
    1900   303,178   -1.000   -1.000   +0.950     3182  [0.13,0.34,0.52]  ETA 105.4m
    1910   304,780   -1.000   -1.000   +0.969     2626  [0.00,0.00,1.00]  ETA 105.2m
    1920   306,389   +0.143   -0.958   +0.941     8167  [0.01,0.62,0.37]  ETA 105.0m
    1930   307,972   -0.941   -1.000   +0.944     4035  [0.18,0.71,0.11]  ETA 104.7m
    1940   309,559   +0.053   -0.994   +0.986     7822  [0.00,0.00,1.00]  ETA 104.5m
    1950   311,165   -0.972   -1.000   +0.949     3919  [0.24,0.55,0.21]  ETA 104.2m
    1960   312,761   -0.628   -0.996   +0.936     5228  [0.00,0.00,1.00]  ETA 104.0m
    1970   314,336   -1.000   -1.000   +0.916     1507  [1.00,0.00,0.00]  ETA 103.8m
    1980   315,941   -1.000   -1.000   +0.966     3398  [0.12,0.02,0.86]  ETA 103.5m
    1990   317,547   -1.000   -1.000   +0.948     3327  [0.23,0.28,0.49]  ETA 103.3m
    2000   319,135   -1.000   -1.000   +0.933     2495  [0.84,0.04,0.12]  ETA 103.0m
    2010   320,696   -1.000   -1.000   +0.939     3435  [0.04,0.78,0.18]  ETA 102.8m
    2020   322,292   -0.277   -0.992   +0.960     6566  [0.12,0.21,0.67]  ETA 102.6m
    2030   323,879   -0.947   -1.000   +0.926     4010  [1.00,0.00,0.00]  ETA 102.3m
    2040   325,502   -0.540   -0.995   +0.930     5561  [0.69,0.08,0.23]  ETA 102.1m
    2050   327,087   -1.000   -1.000   +0.942     3282  [0.16,0.55,0.28]  ETA 101.8m
    2060   328,702   -0.607   -0.992   +0.947     5308  [0.55,0.25,0.20]  ETA 101.6m
    2070   330,275   -1.000   -1.000   +0.952     2608  [0.26,0.54,0.20]  ETA 101.3m
    2080   331,885   -0.927   -1.000   +0.952     4088  [0.39,0.39,0.23]  ETA 101.1m
    2090   333,470   -1.000   -1.000   +0.948     3005  [0.12,0.44,0.43]  ETA 100.9m
    2100   335,097   -0.890   -1.000   +0.754     4228  [1.00,0.00,0.00]  ETA 100.6m
    2110   336,680   -1.000   -1.000   +0.954      794  [0.35,0.54,0.11]  ETA 100.4m
    2120   338,173   -1.000   -1.000   +0.930     2650  [0.85,0.09,0.06]  ETA 100.1m
    2130   339,766   -1.000   -1.000   +0.952     2176  [0.61,0.04,0.35]  ETA 99.9m
    2140   341,345   -1.000   -1.000   +0.955     1379  [0.00,1.00,0.00]  ETA 99.6m
    2150   342,913   -1.000   -1.000   +0.949     3477  [0.25,0.26,0.50]  ETA 99.4m
    2160   344,399   -0.550   -0.990   +0.950     5523  [0.14,0.36,0.50]  ETA 99.2m
    2170   345,987   +0.174   -0.993   +0.231     8284  [0.47,0.02,0.51]  ETA 99.0m
    2180   347,594   -0.225   -0.995   +0.925     6762  [1.00,0.00,0.00]  ETA 98.7m
    2190   349,211   -0.905   -1.000   +0.954     4173  [0.26,0.08,0.66]  ETA 98.5m
    2200   350,808   -0.569   -0.956   +0.942     5454  [0.22,0.70,0.09]  ETA 98.2m
    2210   352,388   -0.917   -1.000   +0.968     4126  [0.04,0.16,0.81]  ETA 98.0m
    2220   353,984   -0.602   -0.995   +0.934     5328  [0.86,0.08,0.06]  ETA 97.7m
    2230   355,601   -1.000   -1.000   +0.963      997  [0.00,0.00,1.00]  ETA 97.5m
    2240   357,194   -1.000   -1.000   +0.919     1320  [0.47,0.03,0.50]  ETA 97.2m
    2250   358,810   -1.000   -1.000   +0.967     3283  [0.00,0.00,1.00]  ETA 97.0m
    2260   360,417   -1.000   -1.000   +0.945     3650  [0.09,0.60,0.31]  ETA 96.7m
    2270   362,031   -0.069   -0.982   +0.932     7356  [0.14,0.44,0.43]  ETA 96.5m
    2280   363,630   -1.000   -1.000   +0.924     1659  [1.00,0.00,0.00]  ETA 96.2m
    2290   365,248   -1.000   -1.000   +0.896     3265  [0.49,0.13,0.39]  ETA 96.0m
    2300   366,833   -0.904   -1.000   +0.893     4177  [0.68,0.17,0.15]  ETA 95.8m
    2310   368,415   -0.267   -0.984   +0.894     6602  [0.39,0.43,0.18]  ETA 95.5m
    2320   370,010   -1.000   -1.000   +0.962     2515  [0.11,0.07,0.82]  ETA 95.3m
    2330   371,605   -1.000   -1.000   +0.907     2716  [0.23,0.45,0.32]  ETA 95.0m
    2340   373,194   -0.935   -1.000   +0.963     4058  [0.03,0.11,0.86]  ETA 94.8m
    2350   374,810   -0.591   -0.996   +0.932     5369  [0.32,0.03,0.65]  ETA 94.6m
    2360   376,404   -0.434   -0.976   +0.323     5966  [0.06,0.57,0.37]  ETA 94.3m
    2370   378,001   -1.000   -1.000   +0.902     2028  [0.31,0.40,0.29]  ETA 94.1m
    2380   379,587   +0.045   -0.977   +0.080     7792  [0.31,0.48,0.21]  ETA 93.8m
    2390   381,194   -1.000   -1.000   +0.937     1375  [0.00,0.00,1.00]  ETA 93.6m
    2400   382,790   -1.000   -1.000   +0.911     2419  [0.09,0.82,0.09]  ETA 93.4m
    2410   384,385   -0.050   -0.994   +0.878     7430  [1.00,0.00,0.00]  ETA 93.1m
    2420   385,970   -1.000   -1.000   +0.881     1553  [1.00,0.00,0.00]  ETA 92.9m
    2430   387,555   -0.276   -0.480   +0.666     6568  [0.00,1.00,0.00]  ETA 92.6m
    2440   389,140   -1.000   -1.000   +0.801     3502  [0.33,0.11,0.56]  ETA 92.4m
    2450   390,745   -1.000   -1.000   +0.821     2928  [0.32,0.29,0.39]  ETA 92.1m
    2460   392,343   -0.793   -1.000   +0.927     4600  [0.04,0.36,0.60]  ETA 91.9m
    2470   393,931   +0.814   -0.975   +0.040    10721  [0.22,0.41,0.37]  ETA 91.7m
    2480   395,525   -1.000   -1.000   +0.906     3185  [0.44,0.11,0.45]  ETA 91.4m
    2490   397,120   +1.000   -0.956   -0.207    12599  [0.31,0.54,0.15]  ETA 91.2m
    2500   398,724   +0.699   -0.953   -0.383    10284  [0.03,0.58,0.39]  ETA 90.9m
    2510   400,315   -0.802   -1.000   +0.944     4566  [0.32,0.33,0.35]  ETA 90.7m
    2520   401,918   -1.000   -1.000   +0.956     1432  [0.00,1.00,0.00]  ETA 90.4m
    2530   403,517   -0.690   -1.000   +0.957     4990  [0.29,0.53,0.19]  ETA 90.2m
    2540   405,110   -0.610   -0.994   +0.957     5296  [0.68,0.17,0.15]  ETA 90.0m
    2550   406,708   -1.000   -1.000   +0.955     3518  [0.00,1.00,0.00]  ETA 89.7m
    2560   408,316   +0.012   -0.982   +0.957     7667  [0.03,0.43,0.54]  ETA 89.5m
    2570   409,921   -1.000   -1.000   +0.956     1272  [0.18,0.27,0.55]  ETA 89.2m
    2580   411,527   -1.000   -1.000   +0.958     1971  [0.28,0.15,0.57]  ETA 89.0m
    2590   413,141   +0.037   -0.846   -1.000     7762  [0.07,0.80,0.13]  ETA 88.8m
    2600   414,733   +0.532   -0.991   +0.883     9645  [0.69,0.08,0.22]  ETA 88.5m
    2610   416,333   -0.611   -0.986   +0.952     5291  [0.43,0.37,0.19]  ETA 88.3m
    2620   417,901   -0.506   -0.989   +0.963     5691  [0.02,0.36,0.61]  ETA 88.0m
    2630   419,516   -0.067   -0.994   +0.973     7364  [0.00,0.00,1.00]  ETA 87.8m
    2640   421,121   -0.152   -0.994   +0.975     7043  [0.14,0.04,0.82]  ETA 87.5m
    2650   422,717   +0.339   -0.979   +0.956     8910  [0.36,0.42,0.22]  ETA 87.3m
    2660   424,306   -0.849   -1.000   +0.954     4386  [0.26,0.29,0.45]  ETA 87.1m
    2670   425,876   -1.000   -1.000   +0.949     1585  [1.00,0.00,0.00]  ETA 86.8m
    2680   427,497   +0.725   -0.978   -1.000    10380  [0.08,0.40,0.52]  ETA 86.6m
    2690   429,109   +1.000   -0.964   -1.000    11936  [0.50,0.48,0.02]  ETA 86.3m
    2700   430,716   -1.000   -1.000   -0.495     1032  [0.45,0.06,0.50]  ETA 86.1m
    2710   432,302   +0.630   -0.841   -1.000    10022  [0.07,0.78,0.16]  ETA 85.9m
    2720   433,894   +0.113   -0.992   -0.179     8049  [0.10,0.09,0.80]  ETA 85.6m
    2730   435,475   -0.139   -0.994   -0.741     7089  [0.36,0.03,0.61]  ETA 85.4m
    2740   437,069   -1.000   -1.000   +0.415     2937  [0.00,0.00,1.00]  ETA 85.2m
    2750   438,646   -1.000   -1.000   +0.960     1305  [0.23,0.16,0.62]  ETA 84.9m
    2760   440,237   -0.954   -1.000   -0.600     3986  [0.42,0.12,0.46]  ETA 84.7m
    2770   441,837   -0.263   -0.994   -0.686     6618  [0.47,0.05,0.48]  ETA 84.4m
    2780   443,412   +1.000   -0.924   -1.000    13048  [0.26,0.63,0.10]  ETA 84.2m
    2790   445,026   -1.000   -1.000   -1.000     1470  [0.64,0.16,0.21]  ETA 84.0m
    2800   446,625   +0.556   -0.749   -1.000     9737  [0.17,0.83,0.00]  ETA 83.7m
    2810   448,228   +0.767   -0.984   -1.000    10543  [0.21,0.29,0.50]  ETA 83.5m
    2820   449,831   +0.916   -0.932   -1.000    11109  [0.28,0.21,0.51]  ETA 83.2m
    2830   451,409   +0.217   -0.993   +0.412     8445  [0.00,0.00,1.00]  ETA 83.0m
    2840   453,006   -1.000   -1.000   -0.283     2355  [0.53,0.08,0.38]  ETA 82.8m
    2850   454,629   +1.000   -0.981   -1.000    12031  [0.41,0.31,0.28]  ETA 82.5m
    2860   456,222   +0.563   -0.978   -1.000     9763  [0.22,0.41,0.38]  ETA 82.3m
    2870   457,832   +0.465   -0.958   -1.000     9391  [0.04,0.58,0.38]  ETA 82.0m
    2880   459,431   -0.237   -0.458   +0.954     6716  [0.00,1.00,0.00]  ETA 81.8m
    2890   461,027   -1.000   -1.000   +0.951     1589  [0.29,0.69,0.02]  ETA 81.5m
    2900   462,619   -0.955   -1.000   -0.108     3980  [1.00,0.00,0.00]  ETA 81.3m
    2910   464,212   +0.449   -0.981   -0.478     9330  [0.16,0.36,0.48]  ETA 81.1m
    2920   465,794   +0.971   -0.966   -0.837    11321  [0.35,0.50,0.15]  ETA 80.8m
    2930   467,397   +0.458   -0.990   -0.434     9367  [0.81,0.03,0.17]  ETA 80.6m
    2940   468,977   -1.000   -1.000   +0.845     3711  [0.10,0.51,0.39]  ETA 80.4m
    2950   470,579   -1.000   -1.000   -0.104     2795  [0.46,0.00,0.54]  ETA 80.1m
    2960   472,180   -0.594   -0.993   -0.229     5357  [0.31,0.22,0.46]  ETA 79.9m
    2970   473,766   -0.251   -0.990   -0.391     6662  [0.36,0.27,0.38]  ETA 79.6m
    2980   475,352   +0.924   -0.979   -0.338    11141  [0.25,0.34,0.41]  ETA 79.4m
    2990   476,923   -1.000   -1.000   +0.467     2625  [0.00,0.00,1.00]  ETA 79.2m
    3000   478,508   +0.971   -0.947   -1.000    11318  [0.24,0.59,0.17]  ETA 78.9m
    3010   480,086   -1.000   -1.000   +0.339     2122  [0.72,0.24,0.05]  ETA 78.7m
    3020   481,703   -1.000   -1.000   +0.941     3776  [0.16,0.75,0.09]  ETA 78.4m
    3030   483,292   -1.000   -1.000   +0.949     2929  [0.57,0.11,0.31]  ETA 78.2m
    3040   484,880   -0.434   -0.933   +0.951     5968  [0.02,0.74,0.24]  ETA 78.0m
    3050   486,462   -1.000   -1.000   +0.960     3480  [0.67,0.20,0.12]  ETA 77.7m
    3060   488,060   -1.000   -1.000   +0.960     2642  [0.28,0.39,0.33]  ETA 77.5m
    3070   489,649   -0.788   -1.000   +0.890     4620  [0.26,0.50,0.24]  ETA 77.2m
    3080   491,258   +0.001   -0.991   +0.431     7624  [0.51,0.19,0.30]  ETA 77.0m
    3090   492,853   -1.000   -1.000   +0.878     3290  [0.43,0.51,0.06]  ETA 76.8m
    3100   494,448   -0.546   -0.991   +0.953     5541  [0.31,0.29,0.39]  ETA 76.5m
    3110   496,036   -1.000   -1.000   +0.959      881  [0.01,0.56,0.42]  ETA 76.3m
    3120   497,651   -0.002   -0.994   +0.573     7611  [0.00,0.00,1.00]  ETA 76.0m
    3130   499,235   -0.925   -1.000   +0.370     4097  [0.42,0.12,0.46]  ETA 75.8m
    3140   500,840   -0.506   -0.973   +0.899     5691  [0.17,0.60,0.23]  ETA 75.5m
    3150   502,437   +0.257   -0.336   +0.957     8600  [0.00,1.00,0.00]  ETA 75.3m
    3160   504,044   -1.000   -1.000   +0.957     2985  [0.63,0.05,0.32]  ETA 75.1m
    3170   505,658   +0.197   -0.950   +0.960     8372  [0.07,0.64,0.29]  ETA 74.8m
    3180   507,268   -0.380   -0.970   +0.890     6172  [0.14,0.60,0.26]  ETA 74.6m
    3190   508,873   -0.941   -1.000   +0.963     4033  [0.09,0.77,0.14]  ETA 74.3m
    3200   510,456   -1.000   -1.000   +0.962     2367  [0.29,0.34,0.37]  ETA 74.1m
    3210   512,075   +0.057   -0.992   -1.000     7837  [0.81,0.04,0.15]  ETA 73.9m
    3220   513,685   -0.675   -0.994   +0.459     5047  [0.43,0.16,0.41]  ETA 73.6m
    3230   515,301   -0.982   -1.000   +0.639     3879  [0.01,0.69,0.30]  ETA 73.4m
    3240   516,905   -0.361   -0.994   +0.332     6246  [0.90,0.03,0.07]  ETA 73.1m
    3250   518,481   +1.000   -0.989   -1.000    12051  [1.00,0.00,0.00]  ETA 72.9m
    3260   520,066   -0.209   -0.992   +0.536     6824  [0.63,0.15,0.22]  ETA 72.6m
    3270   521,660   -1.000   -1.000   +0.958      975  [0.17,0.71,0.12]  ETA 72.4m
    3280   523,247   +0.867   -0.988   -0.724    10923  [0.48,0.12,0.41]  ETA 72.1m
    3290   524,840   -0.209   -0.990   +0.110     6823  [0.31,0.25,0.43]  ETA 71.9m
    3300   526,453   +0.573   -0.991   -0.886     9803  [0.88,0.04,0.08]  ETA 71.6m
    3310   528,059   -0.369   -0.995   +0.956     6212  [0.57,0.04,0.39]  ETA 71.4m
    3320   529,644   +0.257   -0.978   +0.907     8600  [0.39,0.44,0.17]  ETA 71.1m
    3330   531,255   -1.000   -1.000   +0.871     2352  [0.61,0.32,0.07]  ETA 70.9m
    3340   532,849   -0.932   -1.000   +0.862     4068  [0.41,0.55,0.04]  ETA 70.7m
    3350   534,450   +0.344   -0.993   +0.437     8932  [0.15,0.01,0.84]  ETA 70.4m
    3360   536,058   +0.771   -0.989   -0.203    10559  [0.34,0.12,0.54]  ETA 70.2m
    3370   537,649   -1.000   -1.000   +0.958     1589  [0.20,0.37,0.42]  ETA 69.9m
    3380   539,232   +1.000   -0.991   -0.816    11766  [1.00,0.00,0.00]  ETA 69.7m
    3390   540,852   -1.000   -1.000   +0.957     3172  [0.28,0.65,0.07]  ETA 69.4m
    3400   542,443   -0.557   -0.990   +0.888     5498  [0.49,0.34,0.17]  ETA 69.2m
    3410   544,045   -0.921   -1.000   +0.958     4110  [0.00,1.00,0.00]  ETA 68.9m
    3420   545,635   -1.000   -1.000   +0.958     3275  [0.26,0.72,0.03]  ETA 68.7m
    3430   547,211   +0.424   -0.984   +0.725     9235  [0.60,0.33,0.07]  ETA 68.4m
    3440   548,744   -1.000   -1.000   +0.960     2696  [0.00,1.00,0.00]  ETA 68.2m
    3450   550,337   -1.000   -1.000   +0.961     2872  [0.00,1.00,0.00]  ETA 68.0m
    3460   551,936   +0.622   -0.978   -0.682     9990  [0.10,0.40,0.49]  ETA 67.7m
    3470   553,421   -1.000   -1.000   +0.959     2340  [0.00,1.00,0.00]  ETA 67.5m
    3480   554,996   +0.787   -0.987   +0.077    10619  [0.06,0.21,0.74]  ETA 67.3m
    3490   556,584   +0.980   -0.967   -1.000    11353  [0.31,0.48,0.21]  ETA 67.0m
    3500   558,199   -0.562   -0.996   +0.964     5480  [0.00,0.00,1.00]  ETA 66.8m
    3510   559,797   +0.013   -0.990   +0.951     7669  [0.44,0.24,0.32]  ETA 66.5m
    3520   561,387   +0.428   -0.992   +0.105     9249  [0.70,0.01,0.29]  ETA 66.3m
    3530   562,984   +0.958   -0.980   -1.000    11272  [0.31,0.33,0.36]  ETA 66.0m
    3540   564,581   +0.912   -0.875   -0.376    11095  [0.21,0.74,0.05]  ETA 65.8m
    3550   566,180   +1.000   -0.977   -1.000    11982  [0.68,0.32,0.01]  ETA 65.5m
    3560   567,801   +1.000   -0.991   -0.150    11668  [0.00,0.00,1.00]  ETA 65.3m
    3570   569,401   +0.564   -0.553   -0.778     9768  [0.12,0.87,0.01]  ETA 65.0m
    3580   571,010   -1.000   -1.000   +0.945     2091  [0.00,1.00,0.00]  ETA 64.8m
    3590   572,592   +1.000   -0.924   -0.790    12146  [0.30,0.65,0.06]  ETA 64.6m
    3600   574,175   -1.000   -1.000   +0.918     1209  [0.39,0.40,0.21]  ETA 64.3m
    3610   575,757   +1.000   -0.986   -1.000    11943  [0.77,0.20,0.03]  ETA 64.1m
    3620   577,349   +1.000   -0.989   -1.000    11462  [0.35,0.11,0.53]  ETA 63.8m
    3630   578,942   +1.000   -0.906   -1.000    11943  [0.11,0.69,0.20]  ETA 63.6m
    3640   580,555   +1.000   -0.981   -1.000    11782  [0.23,0.31,0.46]  ETA 63.3m
    3650   582,159   +0.890   -0.758   -0.810    11011  [0.02,0.81,0.18]  ETA 63.1m
    3660   583,780   -0.554   -0.993   +0.341     5511  [0.22,0.25,0.53]  ETA 62.8m
    3670   585,378   +1.000   -0.964   -1.000    12159  [0.17,0.48,0.35]  ETA 62.6m
    3680   586,965   +0.791   -0.185   +0.349    10633  [0.00,1.00,0.00]  ETA 62.4m
    3690   588,568   +0.183   -0.970   -0.891     8317  [0.18,0.54,0.28]  ETA 62.1m
    3700   590,200   +0.867   -0.990   -1.000    10924  [0.29,0.04,0.67]  ETA 61.9m
    3710   591,809   -0.137   -0.994   -0.013     7098  [0.02,0.00,0.97]  ETA 61.6m
    3720   593,407   +0.759   -0.991   -1.000    10510  [0.62,0.03,0.35]  ETA 61.4m
    3730   595,019   +0.926   -0.166   -1.000    11148  [0.00,1.00,0.00]  ETA 61.1m
    3740   596,618   +0.813   -0.991   +0.215    10718  [0.00,0.00,1.00]  ETA 60.9m
    3750   598,209   +0.735   -0.913   -1.000    10419  [0.19,0.69,0.11]  ETA 60.6m
    3760   599,827   +0.924   -0.983   -1.000    11139  [0.21,0.30,0.49]  ETA 60.4m
    3770   601,420   +0.732   -0.990   -0.685    10408  [0.34,0.05,0.61]  ETA 60.1m
    3780   603,012   +0.663   -0.988   -1.000    10146  [0.71,0.19,0.10]  ETA 59.9m
    3790   604,620   +0.564   -0.987   -1.000     9767  [0.52,0.25,0.24]  ETA 59.7m
    3800   606,222   +0.934   -0.985   -1.000    11179  [0.28,0.23,0.49]  ETA 59.4m
    3810   607,821   +1.000   -0.583   +0.219    11689  [0.03,0.85,0.12]  ETA 59.2m
    3820   609,442   +0.881   -0.990   -1.000    10976  [0.74,0.09,0.17]  ETA 58.9m
    3830   610,978   +1.000   -0.989   -1.000    12373  [0.77,0.03,0.20]  ETA 58.7m
    3840   612,577   +0.975   -0.990   -1.000    11334  [1.00,0.00,0.00]  ETA 58.4m
    3850   614,196   +0.977   -0.990   -0.787    11344  [0.27,0.03,0.70]  ETA 58.2m
    3860   615,782   +1.000   -0.973   -1.000    12463  [0.33,0.40,0.26]  ETA 57.9m
    3870   617,383   +0.928   -0.956   -0.966    11156  [0.14,0.56,0.30]  ETA 57.7m
    3880   619,001   +0.795   -0.991   -1.000    10648  [0.80,0.01,0.19]  ETA 57.4m
    3890   620,607   -0.126   -0.994   -0.204     7141  [0.00,0.00,1.00]  ETA 57.2m
    3900   622,209   +1.000   -0.985   -1.000    12388  [0.45,0.19,0.35]  ETA 57.0m
    3910   623,816   +0.677   -0.991   -0.144    10199  [0.02,0.06,0.92]  ETA 56.7m
    3920   625,425   +0.770   -0.988   -1.000    10553  [0.75,0.17,0.08]  ETA 56.5m
    3930   627,026   +0.968   -0.989   -1.000    11307  [0.62,0.12,0.25]  ETA 56.2m
    3940   628,645   +0.378   -0.993   +0.928     9060  [0.00,0.00,1.00]  ETA 56.0m
    3950   630,242   +0.280   -0.949   +0.043     8686  [0.30,0.63,0.07]  ETA 55.7m
    3960   631,841   +0.452   -0.989   -0.210     9342  [0.06,0.19,0.76]  ETA 55.5m
    3970   633,439   +1.000   -0.979   -1.000    12529  [0.14,0.32,0.53]  ETA 55.2m
    3980   635,026   +1.000   -0.981   -0.487    12399  [0.63,0.30,0.07]  ETA 55.0m
    3990   636,648   -0.367   -0.985   +0.942     6224  [0.05,0.44,0.51]  ETA 54.8m
    4000   638,214   +0.602   -0.990   -1.000     9915  [0.54,0.11,0.35]  ETA 54.5m
    4010   639,811   -0.982   -1.000   +0.956     3879  [0.23,0.70,0.06]  ETA 54.3m
    4020   641,422   -0.323   -0.993   -1.000     6390  [0.41,0.18,0.41]  ETA 54.0m
    4030   643,021   -0.518   -0.996   +0.538     5647  [0.00,0.00,1.00]  ETA 53.8m
    4040   644,619   -0.147   -0.984   +0.898     7062  [0.28,0.40,0.31]  ETA 53.5m
    4050   646,228   -0.906   -1.000   +0.963     4169  [0.41,0.56,0.03]  ETA 53.3m
    4060   647,841   +0.771   -0.991   -1.000    10557  [0.98,0.02,0.00]  ETA 53.1m
    4070   649,421   +0.346   -0.991   -0.890     8937  [0.41,0.11,0.49]  ETA 52.8m
    4080   651,026   +0.605   -0.992   -1.000     9927  [1.00,0.00,0.00]  ETA 52.6m
    4090   652,621   -1.000   -1.000   +0.963     1502  [0.26,0.41,0.33]  ETA 52.3m
    4100   654,223   -1.000   -1.000   +0.966     2422  [0.22,0.46,0.32]  ETA 52.1m
    4110   655,826   +0.474   -0.990   -1.000     9425  [0.74,0.12,0.14]  ETA 51.8m
    4120   657,429   +0.404   -0.956   +0.967     9159  [0.36,0.60,0.05]  ETA 51.6m
    4130   659,016   +0.505   -0.989   -1.000     9544  [0.81,0.16,0.03]  ETA 51.4m
    4140   660,626   -0.602   -0.977   +0.967     5325  [0.66,0.04,0.29]  ETA 51.1m
    4150   662,223   -0.930   -1.000   +0.971     4075  [0.71,0.27,0.02]  ETA 50.9m
    4160   663,829   +0.687   -0.992   -1.000    10237  [1.00,0.00,0.00]  ETA 50.6m
    4170   665,427   -0.466   -0.613   +0.972     5845  [0.08,0.89,0.02]  ETA 50.4m
    4180   667,022   -1.000   -1.000   +0.968     3536  [0.81,0.00,0.19]  ETA 50.1m
    4190   668,626   -0.765   -1.000   +0.882     4707  [0.31,0.32,0.37]  ETA 49.9m
    4200   670,227   -1.000   -1.000   +0.971     2365  [0.00,1.00,0.00]  ETA 49.7m
    4210   671,840   -1.000   -1.000   +0.970     3121  [0.22,0.50,0.28]  ETA 49.4m
    4220   673,438   -1.000   -1.000   +0.972     1477  [0.27,0.66,0.07]  ETA 49.2m
    4230   675,022   +0.544   -0.991   -0.562     9692  [0.39,0.08,0.52]  ETA 48.9m
    4240   676,639   -0.219   -0.989   +0.891     6786  [0.38,0.31,0.31]  ETA 48.7m
    4250   678,247   +0.519   -0.987   +0.265     9599  [0.57,0.25,0.18]  ETA 48.4m
    4260   679,862   -0.559   -0.574   +0.973     5492  [0.00,1.00,0.00]  ETA 48.2m
    4270   681,463   -0.952   -1.000   +0.971     3994  [0.00,1.00,0.00]  ETA 48.0m
    4280   683,050   -1.000   -1.000   +0.971     3353  [0.09,0.47,0.45]  ETA 47.7m
    4290   684,637   +1.000   -0.987   -0.357    12670  [0.47,0.12,0.41]  ETA 47.5m
    4300   686,230   -1.000   -1.000   +0.974     1097  [0.34,0.65,0.01]  ETA 47.2m
    4310   687,828   -0.492   -0.973   +0.974     5745  [0.05,0.58,0.36]  ETA 47.0m
    4320   689,432   -1.000   -1.000   +0.974     3476  [0.00,1.00,0.00]  ETA 46.7m
    4330   691,021   -1.000   -1.000   +0.974     1820  [0.14,0.53,0.32]  ETA 46.5m
    4340   692,626   +0.632   -0.991   -1.000    10028  [0.95,0.04,0.01]  ETA 46.3m
    4350   694,220   +0.642   -0.991   +0.275    10066  [0.18,0.05,0.77]  ETA 46.0m
    4360   695,827   +0.725   -0.199   +0.970    10384  [0.00,1.00,0.00]  ETA 45.8m
    4370   697,326   -0.991   -1.000   +0.958     3844  [0.78,0.22,0.01]  ETA 45.5m
    4380   698,925   -0.682   -0.996   +0.948     5021  [1.00,0.00,0.00]  ETA 45.3m
    4390   700,537   +0.860   -0.991   -0.538    10897  [0.45,0.02,0.53]  ETA 45.1m
    4400   702,146   -0.401   -0.533   +0.971     6092  [0.00,1.00,0.00]  ETA 44.8m
    4410   703,720   +0.541   -0.987   +0.335     9680  [0.15,0.25,0.61]  ETA 44.6m
    4420   705,329   -0.867   -1.000   +0.933     4316  [0.48,0.02,0.51]  ETA 44.3m
    4430   706,936   -1.000   -1.000   +0.975     1473  [0.13,0.74,0.13]  ETA 44.1m
    4440   708,534   +0.542   -0.992   -1.000     9686  [0.85,0.02,0.13]  ETA 43.9m
    4450   710,125   -1.000   -1.000   +0.976     3063  [0.00,1.00,0.00]  ETA 43.6m
    4460   711,732   -0.857   -1.000   +0.575     4356  [0.61,0.27,0.12]  ETA 43.4m
    4470   713,321   -0.701   -1.000   +0.717     4948  [0.59,0.28,0.14]  ETA 43.1m
    4480   714,923   -1.000   -1.000   +0.830     3459  [0.04,0.08,0.88]  ETA 42.9m
    4490   716,522   -0.958   -1.000   +0.719     3969  [0.29,0.03,0.68]  ETA 42.6m
    4500   718,123   -0.121   -0.991   +0.547     7160  [0.05,0.19,0.76]  ETA 42.4m
    4510   719,718   -0.860   -1.000   +0.608     4343  [0.08,0.02,0.90]  ETA 42.2m
    4520   721,313   -1.000   -1.000   +0.974     1275  [0.15,0.50,0.35]  ETA 41.9m
    4530   722,914   +0.485   -0.278   +0.971     9467  [0.00,1.00,0.00]  ETA 41.7m
    4540   724,527   -0.747   -1.000   -1.000     4776  [0.90,0.08,0.02]  ETA 41.4m
    4550   726,133   -0.921   -1.000   +0.662     4110  [0.29,0.19,0.52]  ETA 41.2m
    4560   727,753   +0.498   -0.989   -1.000     9519  [0.55,0.16,0.29]  ETA 40.9m
    4570   729,345   +0.148   -0.970   +0.973     8184  [0.31,0.55,0.14]  ETA 40.7m
    4580   730,935   +0.359   -0.992   -1.000     8988  [0.52,0.05,0.43]  ETA 40.5m
    4590   732,530   -0.304   -0.506   +0.977     6463  [0.10,0.90,0.01]  ETA 40.2m
    4600   734,030   -1.000   -1.000   +0.976     1807  [0.00,1.00,0.00]  ETA 40.0m
    4610   735,633   +0.127   -0.371   +0.972     8103  [0.00,1.00,0.00]  ETA 39.8m
    4620   737,231   -1.000   -1.000   +0.975      835  [1.00,0.00,0.00]  ETA 39.5m
    4630   738,840   +0.610   -0.989   -1.000     9943  [0.47,0.17,0.36]  ETA 39.3m
    4640   740,432   -1.000   -1.000   +0.964     1988  [0.13,0.01,0.86]  ETA 39.0m
    4650   742,033   -0.318   -0.973   +0.975     6408  [0.06,0.58,0.36]  ETA 38.8m
    4660   743,644   -1.000   -1.000   +0.976     3319  [0.10,0.79,0.11]  ETA 38.6m
    4670   745,243   +0.896   -0.991   -1.000    11035  [1.00,0.00,0.00]  ETA 38.3m
    4680   746,830   -1.000   -1.000   +0.973     1126  [0.00,1.00,0.00]  ETA 38.1m
    4690   748,430   -0.529   -0.992   +0.711     5604  [0.39,0.24,0.37]  ETA 37.8m
    4700   750,024   -0.187   -0.993   +0.972     6906  [0.23,0.10,0.67]  ETA 37.6m
    4710   751,624   +1.000   -0.990   +0.330    12431  [0.00,0.00,1.00]  ETA 37.3m
    4720   753,199   -1.000   -1.000   +0.971     3392  [0.33,0.05,0.62]  ETA 37.1m
    4730   754,792   -1.000   -1.000   +0.969     1860  [0.49,0.08,0.44]  ETA 36.9m
    4740   756,399   -1.000   -1.000   +0.974     2790  [0.21,0.39,0.39]  ETA 36.6m
    4750   757,993   -0.453   -0.993   +0.739     5895  [0.49,0.17,0.35]  ETA 36.4m
    4760   759,575   -1.000   -1.000   +0.851     1234  [0.58,0.32,0.09]  ETA 36.1m
    4770   761,175   +0.337   -0.992   +0.966     8906  [0.85,0.06,0.09]  ETA 35.9m
    4780   762,778   -0.834   -1.000   +0.973     4442  [0.00,0.46,0.54]  ETA 35.7m
    4790   764,366   -0.538   -0.992   +0.971     5570  [0.33,0.27,0.39]  ETA 35.4m
    4800   765,971   -1.000   -1.000   +0.974     3649  [0.12,0.68,0.20]  ETA 35.2m
    4810   767,571   -0.551   -0.566   +0.970     5521  [0.00,1.00,0.00]  ETA 34.9m
    4820   769,183   -0.950   -1.000   +0.969     4002  [0.63,0.32,0.05]  ETA 34.7m
    4830   770,772   -0.425   -0.992   +0.980     6000  [0.04,0.20,0.75]  ETA 34.5m
    4840   772,354   +0.517   -0.987   +0.519     9590  [0.29,0.23,0.48]  ETA 34.2m
    4850   773,966   -0.661   -0.994   +0.892     5101  [0.25,0.16,0.59]  ETA 34.0m
    4860   775,587   -1.000   -1.000   +0.976     1332  [0.19,0.44,0.37]  ETA 33.7m
    4870   777,181   -1.000   -1.000   +0.974     2461  [0.37,0.50,0.13]  ETA 33.5m
    4880   778,779   +0.016   -0.990   +0.961     7680  [0.23,0.20,0.57]  ETA 33.3m
    4890   780,385   -0.621   -0.589   +0.972     5255  [0.00,1.00,0.00]  ETA 33.0m
    4900   781,981   -1.000   -1.000   +0.969     2904  [0.93,0.04,0.04]  ETA 32.8m
    4910   783,584   -0.468   -0.993   +0.956     5836  [0.37,0.21,0.42]  ETA 32.5m
    4920   785,179   -1.000   -1.000   +0.968     1897  [0.64,0.17,0.20]  ETA 32.3m
    4930   786,784   -1.000   -1.000   +0.972     3312  [0.00,0.83,0.17]  ETA 32.0m
    4940   788,380   -1.000   -1.000   +0.985     3284  [0.13,0.17,0.70]  ETA 31.8m
    4950   789,970   +0.048   -0.986   +0.968     7801  [0.19,0.35,0.45]  ETA 31.6m
    4960   791,585   -1.000   -1.000   +0.785     2649  [0.47,0.35,0.18]  ETA 31.3m
    4970   793,179   -0.259   -0.992   +0.404     6633  [0.30,0.18,0.52]  ETA 31.1m
    4980   794,789   -0.906   -1.000   +0.967     4168  [0.33,0.06,0.61]  ETA 30.8m
    4990   796,366   -0.133   -0.430   +0.974     7112  [0.00,1.00,0.00]  ETA 30.6m
    5000   797,970   -1.000   -1.000   +0.970     3535  [0.12,0.55,0.33]  ETA 30.4m
    5010   799,590   +0.083   -0.970   +0.970     7937  [0.10,0.54,0.35]  ETA 30.1m
    5020   801,173   +0.577   -0.982   +0.899     9820  [0.29,0.35,0.36]  ETA 29.9m
    5030   802,793   -0.457   -0.552   +0.973     5881  [0.00,1.00,0.00]  ETA 29.6m
    5040   804,361   +0.497   -0.993   +0.660     9514  [1.00,0.00,0.00]  ETA 29.4m
    5050   805,991   -0.880   -1.000   +0.725     4269  [0.06,0.24,0.70]  ETA 29.1m
    5060   807,598   +0.237   -0.993   +0.316     8522  [1.00,0.00,0.00]  ETA 28.9m
    5070   809,204   -1.000   -1.000   +0.423     2719  [0.25,0.08,0.66]  ETA 28.7m
    5080   810,810   -1.000   -1.000   +0.931     1702  [0.53,0.33,0.14]  ETA 28.4m
    5090   812,386   -0.578   -0.995   +0.908     5418  [0.42,0.08,0.50]  ETA 28.2m
    5100   813,965   -1.000   -1.000   +0.964     3311  [0.48,0.48,0.04]  ETA 28.0m
    5110   815,560   -0.928   -1.000   +0.971     4086  [0.57,0.04,0.38]  ETA 27.7m
    5120   817,155   -0.859   -1.000   +0.886     4348  [0.57,0.09,0.33]  ETA 27.5m
    5130   818,748   -1.000   -1.000   +0.904     1523  [0.64,0.04,0.32]  ETA 27.2m
    5140   820,340   +0.813   -0.988   +0.385    10718  [0.10,0.14,0.76]  ETA 27.0m
    5150   821,944   -0.653   -0.990   +0.971     5132  [0.43,0.36,0.21]  ETA 26.8m
    5160   823,536   -0.604   -0.913   +0.974     5317  [0.03,0.78,0.19]  ETA 26.5m
    5170   825,106   -1.000   -1.000   +0.977     1245  [0.55,0.34,0.11]  ETA 26.3m
    5180   826,698   +0.722   -0.988   +0.291    10372  [0.18,0.18,0.64]  ETA 26.1m
    5190   828,304   -1.000   -1.000   +0.977     2380  [0.10,0.11,0.79]  ETA 25.8m
    5200   829,906   -0.924   -1.000   +0.974     4100  [0.14,0.64,0.22]  ETA 25.6m
    5210   831,515   -0.265   -0.994   +0.906     6612  [0.47,0.06,0.47]  ETA 25.3m
    5220   833,108   -0.507   -0.984   +0.973     5690  [0.40,0.47,0.13]  ETA 25.1m
    5230   834,694   -0.524   -0.987   +0.974     5624  [0.47,0.42,0.11]  ETA 24.9m
    5240   836,282   -1.000   -1.000   +0.975     1155  [0.00,1.00,0.00]  ETA 24.6m
    5250   837,889   -0.363   -0.993   +0.764     6236  [0.70,0.20,0.10]  ETA 24.4m
    5260   839,499   -1.000   -1.000   +0.974     3318  [0.21,0.58,0.21]  ETA 24.1m
    5270   841,088   -0.674   -0.994   +0.729     5053  [0.72,0.20,0.08]  ETA 23.9m
    5280   842,679   -1.000   -1.000   +0.974     3730  [0.57,0.41,0.02]  ETA 23.7m
    5290   844,287   -0.341   -0.993   +0.636     6321  [0.23,0.19,0.58]  ETA 23.4m
    5300   845,885   -0.249   -0.988   +0.860     6671  [0.63,0.34,0.03]  ETA 23.2m
    5310   847,490   -1.000   -1.000   +0.974     2951  [0.32,0.59,0.09]  ETA 22.9m
    5320   849,085   -0.270   -0.887   +0.972     6591  [0.09,0.79,0.12]  ETA 22.7m
    5330   850,684   -1.000   -1.000   +0.967     1975  [1.00,0.00,0.00]  ETA 22.5m
    5340   852,267   -1.000   -1.000   +0.974     1132  [0.12,0.76,0.12]  ETA 22.2m
    5350   853,874   -1.000   -1.000   +0.858      976  [1.00,0.00,0.00]  ETA 22.0m
    5360   855,463   +1.000   -0.986   +0.682    11984  [0.44,0.19,0.37]  ETA 21.7m
    5370   857,055   -1.000   -1.000   +0.979     3416  [0.31,0.05,0.64]  ETA 21.5m
    5380   858,648   -0.551   -0.988   +0.932     5519  [0.19,0.40,0.41]  ETA 21.3m
    5390   860,231   -1.000   -1.000   +0.974     1678  [0.24,0.71,0.05]  ETA 21.0m
    5400   861,820   -0.993   -1.000   +0.769     3836  [0.24,0.09,0.66]  ETA 20.8m
    5410   863,425   -0.797   -1.000   +0.650     4584  [0.70,0.14,0.16]  ETA 20.5m
    5420   865,016   -0.129   -0.948   +0.976     7130  [0.39,0.36,0.25]  ETA 20.3m
    5430   866,623   -1.000   -1.000   +0.977     1768  [0.53,0.40,0.07]  ETA 20.1m
    5440   868,204   +0.012   -0.994   +0.545     7664  [0.00,0.00,1.00]  ETA 19.8m
    5450   869,800   -0.307   -0.992   +0.668     6450  [0.18,0.19,0.63]  ETA 19.6m
    5460   871,409   +0.765   -0.990   +0.534    10536  [0.67,0.10,0.22]  ETA 19.3m
    5470   873,008   +0.725   -0.992   +0.649    10382  [1.00,0.00,0.00]  ETA 19.1m
    5480   874,613   -1.000   -1.000   +0.865     2637  [0.06,0.10,0.84]  ETA 18.9m
    5490   876,215   -0.049   -0.991   +0.727     7434  [0.20,0.19,0.61]  ETA 18.6m
    5500   877,821   -0.330   -0.960   +0.975     6362  [0.20,0.50,0.30]  ETA 18.4m
    5510   879,420   -0.298   -0.993   +0.692     6485  [0.68,0.14,0.18]  ETA 18.1m
    5520   881,028   -1.000   -1.000   +0.970     3221  [0.24,0.13,0.63]  ETA 17.9m
    5530   882,625   -0.476   -0.995   +0.891     5806  [1.00,0.00,0.00]  ETA 17.7m
    5540   884,242   -1.000   -1.000   +0.974     1256  [0.00,1.00,0.00]  ETA 17.4m
    5550   885,849   -0.229   -0.978   +0.974     6749  [0.01,0.51,0.48]  ETA 17.2m
    5560   887,443   -0.937   -1.000   +0.679     4052  [1.00,0.00,0.00]  ETA 16.9m
    5570   889,036   -0.054   -0.994   +0.937     7416  [0.16,0.01,0.83]  ETA 16.7m
    5580   890,661   -1.000   -1.000   +0.989     1539  [0.00,1.00,0.00]  ETA 16.4m
    5590   892,279   -0.588   -0.995   +0.705     5381  [0.93,0.05,0.03]  ETA 16.2m
    5600   893,880   -0.879   -1.000   +0.974     4271  [0.00,0.44,0.55]  ETA 16.0m
    5610   895,488   -0.058   -0.988   +0.931     7400  [0.32,0.31,0.38]  ETA 15.7m
    5620   897,084   +0.192   -0.989   +0.822     8350  [0.09,0.24,0.66]  ETA 15.5m
    5630   898,681   +0.335   -0.990   +0.730     8895  [0.05,0.15,0.80]  ETA 15.2m
    5640   900,305   -0.915   -1.000   +0.974     4134  [0.64,0.31,0.05]  ETA 15.0m
    5650   901,914   -1.000   -1.000   +0.920     2494  [1.00,0.00,0.00]  ETA 14.8m
    5660   903,505   -0.390   -0.995   +0.915     6133  [0.87,0.02,0.11]  ETA 14.5m
    5670   905,114   -0.524   -0.995   +0.946     5624  [0.72,0.02,0.26]  ETA 14.3m
    5680   906,727   +0.278   -0.992   +0.916     8679  [0.70,0.09,0.21]  ETA 14.0m
    5690   908,342   -0.080   -0.882   +0.975     7315  [0.01,0.79,0.21]  ETA 13.8m
    5700   909,925   -1.000   -1.000   +0.978     2185  [0.52,0.31,0.17]  ETA 13.5m
    5710   911,532   -0.923   -1.000   +0.977     4105  [0.00,1.00,0.00]  ETA 13.3m
    5720   913,131   -0.894   -1.000   +0.940     4213  [1.00,0.00,0.00]  ETA 13.1m
    5730   914,721   -0.275   -0.995   +0.961     6572  [1.00,0.00,0.00]  ETA 12.8m
    5740   916,313   -1.000   -1.000   +0.963     2092  [0.19,0.18,0.63]  ETA 12.6m
    5750   917,934   -0.966   -1.000   +0.974     3940  [0.04,0.60,0.36]  ETA 12.3m
    5760   919,540   -0.428   -0.987   +0.970     5988  [0.22,0.41,0.37]  ETA 12.1m
    5770   921,133   -0.221   -0.983   +0.972     6779  [0.65,0.18,0.17]  ETA 11.9m
    5780   922,749   -1.000   -1.000   +0.949     2493  [0.21,0.10,0.69]  ETA 11.6m
    5790   924,339   -1.000   -1.000   +0.974     1214  [0.52,0.38,0.11]  ETA 11.4m
    5800   925,932   -1.000   -1.000   +0.944     2914  [0.00,0.00,1.00]  ETA 11.1m
    5810   927,553   -0.223   -0.964   +0.975     6769  [0.37,0.62,0.02]  ETA 10.9m
    5820   929,160   -1.000   -1.000   +0.985     2450  [0.07,0.55,0.38]  ETA 10.6m
    5830   930,761   -0.784   -1.000   +0.951     4631  [0.13,0.46,0.40]  ETA 10.4m
    5840   932,368   -0.787   -1.000   +0.975     4620  [0.00,1.00,0.00]  ETA 10.2m
    5850   933,963   -1.000   -1.000   +0.946     1232  [0.15,0.13,0.72]  ETA 9.9m
    5860   935,564   +0.337   -0.993   +0.850     8903  [0.31,0.00,0.69]  ETA 9.7m
    5870   937,154   -0.762   -1.000   +0.860     4715  [0.52,0.12,0.35]  ETA 9.4m
    5880   938,746   -0.813   -1.000   +0.769     4522  [0.25,0.06,0.69]  ETA 9.2m
    5890   940,346   -1.000   -1.000   +0.923     2798  [0.30,0.21,0.49]  ETA 9.0m
    5900   941,957   -1.000   -1.000   +0.874     1879  [0.37,0.12,0.52]  ETA 8.7m
    5910   943,563   +0.022   -0.977   +0.840     7703  [0.24,0.49,0.26]  ETA 8.5m
    5920   945,165   -1.000   -1.000   +0.890     2608  [0.52,0.14,0.34]  ETA 8.2m
    5930   946,776   -0.055   -0.421   +0.963     7412  [0.00,1.00,0.00]  ETA 8.0m
    5940   948,360   -0.583   -0.965   +0.912     5397  [0.12,0.66,0.22]  ETA 7.8m
    5950   949,850   -1.000   -1.000   +0.967     2603  [0.30,0.62,0.08]  ETA 7.5m
    5960   951,447   +0.068   -0.987   +0.784     7877  [0.44,0.31,0.25]  ETA 7.3m
    5970   953,062   +0.474   -0.992   +0.488     9425  [0.36,0.05,0.59]  ETA 7.1m
    5980   954,669   +1.000   -0.989   -0.407    11442  [0.33,0.11,0.57]  ETA 6.8m
    5990   956,253   -0.338   -0.989   +0.975     6334  [0.56,0.32,0.11]  ETA 6.6m
    6000   957,855   +1.000   -0.982   -1.000    11481  [0.46,0.28,0.26]  ETA 6.3m
    6010   959,446   -0.585   -0.975   +0.970     5390  [0.02,0.59,0.40]  ETA 6.1m
    6020   961,037   +0.041   -0.994   +0.976     7775  [1.00,0.00,0.00]  ETA 5.9m
    6030   962,632   -0.392   -0.995   +0.869     6127  [1.00,0.00,0.00]  ETA 5.6m
    6040   964,227   -0.986   -1.000   +0.978     3864  [0.13,0.84,0.03]  ETA 5.4m
    6050   965,835   -0.332   -0.989   +0.978     6356  [0.63,0.32,0.05]  ETA 5.1m
    6060   967,426   -0.141   -0.978   +0.956     7084  [0.16,0.10,0.74]  ETA 4.9m
    6070   969,032   -0.664   -0.995   +0.792     5091  [0.62,0.03,0.35]  ETA 4.7m
    6080   970,646   +0.577   -0.989   +0.007     9819  [0.63,0.13,0.24]  ETA 4.4m
    6090   972,242   -1.000   -1.000   +0.614     2209  [0.32,0.43,0.25]  ETA 4.2m
    6100   973,843   -1.000   -1.000   +0.461     2125  [0.21,0.20,0.59]  ETA 3.9m
    6110   975,454   +0.025   -0.981   -0.461     7713  [0.08,0.44,0.48]  ETA 3.7m
    6120   977,042   -1.000   -1.000   -0.218     3443  [0.63,0.01,0.36]  ETA 3.4m
    6130   978,620   +0.867   -0.971   -0.006    10923  [0.27,0.45,0.28]  ETA 3.2m
    6140   980,220   -1.000   -1.000   +0.495     1946  [0.25,0.10,0.64]  ETA 3.0m
    6150   981,831   +0.168   -0.867   +0.969     8259  [0.04,0.78,0.17]  ETA 2.7m
    6160   983,434   -1.000   -1.000   +0.514     3721  [0.04,0.29,0.67]  ETA 2.5m
    6170   985,037   -0.697   -1.000   +0.948     4965  [0.10,0.21,0.69]  ETA 2.2m
    6180   986,620   +0.401   -0.989   +0.957     9150  [0.18,0.14,0.68]  ETA 2.0m
    6190   988,211   -0.826   -1.000   +0.963     4473  [1.00,0.00,0.00]  ETA 1.8m
    6200   989,808   -1.000   -1.000   +0.978     3675  [0.00,1.00,0.00]  ETA 1.5m
    6210   991,400   -0.946   -1.000   +0.970     4016  [1.00,0.00,0.00]  ETA 1.3m
    6220   992,999   -1.000   -1.000   +0.975     2105  [0.21,0.62,0.16]  ETA 1.1m
    6230   994,599   -0.652   -0.994   +0.973     5137  [0.61,0.17,0.22]  ETA 0.8m
    6240   996,212   -0.647   -0.831   +0.980     5154  [0.09,0.70,0.21]  ETA 0.6m
    6250   997,807   -1.000   -1.000   +0.978     3495  [0.00,0.00,1.00]  ETA 0.3m
    6260   999,406   -0.986   -1.000   +0.979     3865  [0.10,0.78,0.12]  ETA 0.1m

  ✓  Model saved to /workspace/capql_robust

  ── Evaluating on clean corners ──
  ✓  Eval → /workspace/capql_robust_eval_results.csv
  yield        R_yield=-0.718  R_ane=-0.997  R_water=+0.988  yield=3927 kg/ha
  n_eff        R_yield=-0.784  R_ane=-0.820  R_water=+0.995  yield=3601 kg/ha
  water        R_yield=-0.718  R_ane=-0.997  R_water=+0.988  yield=3926 kg/ha
  balanced     R_yield=-0.722  R_ane=-0.994  R_water=+0.989  yield=3903 kg/ha

  ✓  Total training time: 150.8 min
====================================================================
